sources/app/screens/scr_game_zomwar.cpp:26:6:void zw_game_gunner_display()	24	static
sources/app/screens/scr_game_zomwar.cpp:38:6:void zw_game_bullet_display()	40	static
sources/app/screens/scr_game_zomwar.cpp:51:6:void zw_game_car_display()	40	static
sources/app/screens/scr_game_zomwar.cpp:82:6:void zw_game_bang_display()	40	static
sources/app/screens/scr_game_zomwar.cpp:139:6:void zw_game_time_tick_setup()	0	static
sources/app/screens/scr_game_zomwar.cpp:149:6:void scr_zw_game_handle(ak_msg_t*)	8	static
sources/app/screens/scr_game_zomwar.cpp:12:6:void zw_game_frame_display()	24	static
sources/app/screens/scr_game_zomwar.cpp:96:6:void zw_game_grass_display()	24	static
sources/app/screens/scr_game_zomwar.cpp:125:6:void view_scr_game_zomwar()	8	static
