sources/app/screens/scr_zomwar_game.cpp:26:6:void zw_game_gunner_display()	24	static
sources/app/screens/scr_zomwar_game.cpp:38:6:void zw_game_bullet_display()	40	static
sources/app/screens/scr_zomwar_game.cpp:51:6:void zw_game_car_display()	40	static
sources/app/screens/scr_zomwar_game.cpp:124:6:void zw_game_time_tick_setup()	0	static
sources/app/screens/scr_zomwar_game.cpp:134:6:void scr_zw_game_handle(ak_msg_t*)	8	static
sources/app/screens/scr_zomwar_game.cpp:12:6:void zw_game_frame_display()	24	static
sources/app/screens/scr_zomwar_game.cpp:82:6:void zw_game_grass_display()	24	static
sources/app/screens/scr_zomwar_game.cpp:111:6:void view_scr_zomwar_game()	8	static
