sources/app/screens/scr_game_zomwar.cpp:50:6:void zw_game_gunner_display()	24	static
sources/app/screens/scr_game_zomwar.cpp:65:6:void zw_game_bullet_display()	40	static
sources/app/screens/scr_game_zomwar.cpp:80:6:void zw_game_zombie_display()	40	static
sources/app/screens/scr_game_zomwar.cpp:100:6:void zw_game_car_display()	40	static
sources/app/screens/scr_game_zomwar.cpp:120:6:void zw_game_tombstone_display()	40	static
sources/app/screens/scr_game_zomwar.cpp:136:6:void zw_game_bang_display()	40	static
sources/app/screens/scr_game_zomwar.cpp:168:6:void zw_game_warning_display()	24	static
sources/app/screens/scr_game_zomwar.cpp:214:6:void scr_game_zomwar_handle(ak_msg_t*)	8	static
sources/app/screens/scr_game_zomwar.cpp:16:6:void zw_game_frame_display()	24	static
sources/app/screens/scr_game_zomwar.cpp:156:6:void zw_game_grass_display()	40	static
sources/app/screens/scr_game_zomwar.cpp:185:6:void view_scr_game_zomwar()	40	static
