sources/app/screens/scr_zomwar_game.cpp:27:6:void zw_game_gunner_display()	24	static
sources/app/screens/scr_zomwar_game.cpp:39:6:void zw_game_bullet_display()	40	static
sources/app/screens/scr_zomwar_game.cpp:52:6:void zw_game_car_display()	40	static
sources/app/screens/scr_zomwar_game.cpp:125:6:void zw_game_time_tick_setup()	0	static
sources/app/screens/scr_zomwar_game.cpp:135:6:void scr_zw_game_handle(ak_msg_t*)	8	static
sources/app/screens/scr_zomwar_game.cpp:13:6:void zw_game_frame_display()	24	static
sources/app/screens/scr_zomwar_game.cpp:83:6:void zw_game_grass_display()	24	static
sources/app/screens/scr_zomwar_game.cpp:112:6:void view_scr_zomwar_game()	8	static
