sources/app/shell.cpp:143:7:char* str_parser_get_attr(uint8_t)	0	static
sources/app/shell.cpp:193:9:int32_t shell_help(uint8_t*)	0	static
sources/app/shell.cpp:893:9:int32_t shell_psv(uint8_t*)	0	static
sources/app/shell.cpp:154:9:int32_t shell_reset(uint8_t*)	8	static
sources/app/shell.cpp:160:9:int32_t shell_ver(uint8_t*)	24	static
sources/app/shell.cpp:207:9:int32_t shell_reboot(uint8_t*)	8	static
sources/app/shell.cpp:117:9:uint8_t str_parser(char*)	24	static
sources/app/shell.cpp:214:9:int32_t shell_fatal(uint8_t*)	96	static
sources/app/shell.cpp:437:9:int32_t shell_flash(uint8_t*)	24	static
sources/app/shell.cpp:384:9:int32_t shell_eps(uint8_t*)	16	static
sources/app/shell.cpp:622:9:int32_t shell_dbg(uint8_t*)	8	static
sources/app/shell.cpp:661:9:int32_t shell_ram(uint8_t*)	16	static
sources/app/shell.cpp:876:9:int32_t shell_fwu(uint8_t*)	96	static
sources/app/shell.cpp:899:9:int32_t shell_buzzer(uint8_t*)	8	static
sources/app/shell.cpp:810:9:int32_t shell_boot(uint8_t*)	96	static
sources/app/shell.cpp:379:9:int32_t shell_epi(uint8_t*)	0	static
sources/app/shell.cpp:374:9:int32_t shell_stt(uint8_t*)	0	static
sources/app/shell.cpp:510:9:int32_t shell_lcd(uint8_t*)	16	static
