Archive member included to satisfy reference by file (symbol)

/home/phuoc/Workspace/Tools/gcc-arm-none-eabi-10.3-2021.10-x86_64-linux/gcc-arm-none-eabi-10.3-2021.10/arm-none-eabi/lib/thumb/v7-m/nofp/libc.a(lib_a-atof.o)
                              build_Zomwar-application/WString.o (atof)
/home/phuoc/Workspace/Tools/gcc-arm-none-eabi-10.3-2021.10-x86_64-linux/gcc-arm-none-eabi-10.3-2021.10/arm-none-eabi/lib/thumb/v7-m/nofp/libc.a(lib_a-atol.o)
                              build_Zomwar-application/WString.o (atol)
/home/phuoc/Workspace/Tools/gcc-arm-none-eabi-10.3-2021.10-x86_64-linux/gcc-arm-none-eabi-10.3-2021.10/arm-none-eabi/lib/thumb/v7-m/nofp/libc.a(lib_a-isspace.o)
                              build_Zomwar-application/WString.o (isspace)
/home/phuoc/Workspace/Tools/gcc-arm-none-eabi-10.3-2021.10-x86_64-linux/gcc-arm-none-eabi-10.3-2021.10/arm-none-eabi/lib/thumb/v7-m/nofp/libc.a(lib_a-malloc.o)
                              build_Zomwar-application/message.o (malloc)
/home/phuoc/Workspace/Tools/gcc-arm-none-eabi-10.3-2021.10-x86_64-linux/gcc-arm-none-eabi-10.3-2021.10/arm-none-eabi/lib/thumb/v7-m/nofp/libc.a(lib_a-mallocr.o)
                              /home/phuoc/Workspace/Tools/gcc-arm-none-eabi-10.3-2021.10-x86_64-linux/gcc-arm-none-eabi-10.3-2021.10/arm-none-eabi/lib/thumb/v7-m/nofp/libc.a(lib_a-malloc.o) (_malloc_r)
/home/phuoc/Workspace/Tools/gcc-arm-none-eabi-10.3-2021.10-x86_64-linux/gcc-arm-none-eabi-10.3-2021.10/arm-none-eabi/lib/thumb/v7-m/nofp/libc.a(lib_a-memcmp.o)
                              build_Zomwar-application/mbmfuncfiles.o (memcmp)
/home/phuoc/Workspace/Tools/gcc-arm-none-eabi-10.3-2021.10-x86_64-linux/gcc-arm-none-eabi-10.3-2021.10/arm-none-eabi/lib/thumb/v7-m/nofp/libc.a(lib_a-memcpy.o)
                              build_Zomwar-application/message.o (memcpy)
/home/phuoc/Workspace/Tools/gcc-arm-none-eabi-10.3-2021.10-x86_64-linux/gcc-arm-none-eabi-10.3-2021.10/arm-none-eabi/lib/thumb/v7-m/nofp/libc.a(lib_a-memmove.o)
                              build_Zomwar-application/WString.o (memmove)
/home/phuoc/Workspace/Tools/gcc-arm-none-eabi-10.3-2021.10-x86_64-linux/gcc-arm-none-eabi-10.3-2021.10/arm-none-eabi/lib/thumb/v7-m/nofp/libc.a(lib_a-memset.o)
                              build_Zomwar-application/task.o (memset)
/home/phuoc/Workspace/Tools/gcc-arm-none-eabi-10.3-2021.10-x86_64-linux/gcc-arm-none-eabi-10.3-2021.10/arm-none-eabi/lib/thumb/v7-m/nofp/libc.a(lib_a-mlock.o)
                              /home/phuoc/Workspace/Tools/gcc-arm-none-eabi-10.3-2021.10-x86_64-linux/gcc-arm-none-eabi-10.3-2021.10/arm-none-eabi/lib/thumb/v7-m/nofp/libc.a(lib_a-mallocr.o) (__malloc_lock)
/home/phuoc/Workspace/Tools/gcc-arm-none-eabi-10.3-2021.10-x86_64-linux/gcc-arm-none-eabi-10.3-2021.10/arm-none-eabi/lib/thumb/v7-m/nofp/libc.a(lib_a-rand.o)
                              build_Zomwar-application/WMath.o (srand)
/home/phuoc/Workspace/Tools/gcc-arm-none-eabi-10.3-2021.10-x86_64-linux/gcc-arm-none-eabi-10.3-2021.10/arm-none-eabi/lib/thumb/v7-m/nofp/libc.a(lib_a-realloc.o)
                              build_Zomwar-application/WString.o (realloc)
/home/phuoc/Workspace/Tools/gcc-arm-none-eabi-10.3-2021.10-x86_64-linux/gcc-arm-none-eabi-10.3-2021.10/arm-none-eabi/lib/thumb/v7-m/nofp/libc.a(lib_a-reallocr.o)
                              /home/phuoc/Workspace/Tools/gcc-arm-none-eabi-10.3-2021.10-x86_64-linux/gcc-arm-none-eabi-10.3-2021.10/arm-none-eabi/lib/thumb/v7-m/nofp/libc.a(lib_a-realloc.o) (_realloc_r)
/home/phuoc/Workspace/Tools/gcc-arm-none-eabi-10.3-2021.10-x86_64-linux/gcc-arm-none-eabi-10.3-2021.10/arm-none-eabi/lib/thumb/v7-m/nofp/libc.a(lib_a-sbrkr.o)
                              /home/phuoc/Workspace/Tools/gcc-arm-none-eabi-10.3-2021.10-x86_64-linux/gcc-arm-none-eabi-10.3-2021.10/arm-none-eabi/lib/thumb/v7-m/nofp/libc.a(lib_a-mallocr.o) (_sbrk_r)
/home/phuoc/Workspace/Tools/gcc-arm-none-eabi-10.3-2021.10-x86_64-linux/gcc-arm-none-eabi-10.3-2021.10/arm-none-eabi/lib/thumb/v7-m/nofp/libc.a(lib_a-strcat.o)
                              build_Zomwar-application/dtostrf.o (strcat)
/home/phuoc/Workspace/Tools/gcc-arm-none-eabi-10.3-2021.10-x86_64-linux/gcc-arm-none-eabi-10.3-2021.10/arm-none-eabi/lib/thumb/v7-m/nofp/libc.a(lib_a-strchr.o)
                              build_Zomwar-application/WString.o (strchr)
/home/phuoc/Workspace/Tools/gcc-arm-none-eabi-10.3-2021.10-x86_64-linux/gcc-arm-none-eabi-10.3-2021.10/arm-none-eabi/lib/thumb/v7-m/nofp/libc.a(lib_a-strcmp.o)
                              build_Zomwar-application/cmd_line.o (strcmp)
/home/phuoc/Workspace/Tools/gcc-arm-none-eabi-10.3-2021.10-x86_64-linux/gcc-arm-none-eabi-10.3-2021.10/arm-none-eabi/lib/thumb/v7-m/nofp/libc.a(lib_a-strcpy.o)
                              build_Zomwar-application/sys_dbg.o (strcpy)
/home/phuoc/Workspace/Tools/gcc-arm-none-eabi-10.3-2021.10-x86_64-linux/gcc-arm-none-eabi-10.3-2021.10/arm-none-eabi/lib/thumb/v7-m/nofp/libc.a(lib_a-strlen-stub.o)
[...]
Memory Configuration

Name             Origin             Length             Attributes
BSF              0x0000000008002000 0x0000000000001000 xr
FLASH            0x0000000008003000 0x000000000001d000 xr
SRAM             0x0000000020000000 0x0000000000004000 xrw
*default*        0x0000000000000000 0xffffffffffffffff

Linker script and memory map

                0x0000000000000800                HEAP_SIZE = 0x800

.start_boot_share_data_flash
                0x0000000008002000        0x0
                0x0000000008002000                _start_boot_share_data_flash = .

.start_flash    0x0000000008003000        0x0
                0x0000000008003000                _start_flash = .

.isr_vector     0x0000000008003000       0xf4
                0x0000000008003000                _isr_vector = .
 *(.isr_vector)
 .isr_vector    0x0000000008003000       0xf4 build_Zomwar-application/system.o
                0x0000000008003000                isr_vector
                0x00000000080030f4                . = ALIGN (0x4)

.text           0x00000000080030f8    0x10320
                0x00000000080030f8                . = ALIGN (0x4)
 *(.text)
 .text          0x00000000080030f8       0xec /home/phuoc/Workspace/Tools/gcc-arm-none-eabi-10.3-2021.10-x86_64-linux/gcc-arm-none-eabi-10.3-2021.10/arm-none-eabi/lib/thumb/v7-m/nofp/libc.a(lib_a-memcpy.o)
                0x00000000080030f8                memcpy
 .text          0x00000000080031e4      0x1bc /home/phuoc/Workspace/Tools/gcc-arm-none-eabi-10.3-2021.10-x86_64-linux/gcc-arm-none-eabi-10.3-2021.10/arm-none-eabi/lib/thumb/v7-m/nofp/libc.a(lib_a-strcmp.o)
                0x00000000080031e4                strcmp
 .text          0x00000000080033a0      0x378 /home/phuoc/Workspace/Tools/gcc-arm-none-eabi-10.3-2021.10-x86_64-linux/gcc-arm-none-eabi-10.3-2021.10/lib/gcc/arm-none-eabi/10.3.1/thumb/v7-m/nofp/libgcc.a(_arm_addsubdf3.o)
                0x00000000080033a0                __aeabi_drsub
                0x00000000080033a8                __aeabi_dsub
                0x00000000080033a8                __subdf3
                0x00000000080033ac                __adddf3
                0x00000000080033ac                __aeabi_dadd
                0x0000000008003624                __aeabi_ui2d
                0x0000000008003624                __floatunsidf
                0x0000000008003644                __floatsidf
                0x0000000008003644                __aeabi_i2d
                0x0000000008003668                __extendsfdf2
                0x0000000008003668                __aeabi_f2d
                0x00000000080036ac                __aeabi_ul2d
                0x00000000080036ac                __floatundidf
                0x00000000080036bc                __floatdidf
                0x00000000080036bc                __aeabi_l2d
 .text          0x0000000008003718      0x424 /home/phuoc/Workspace/Tools/gcc-arm-none-eabi-10.3-2021.10-x86_64-linux/gcc-arm-none-eabi-10.3-2021.10/lib/gcc/arm-none-eabi/10.3.1/thumb/v7-m/nofp/libgcc.a(_arm_muldivdf3.o)
                0x0000000008003718                __aeabi_dmul
                0x0000000008003718                __muldf3
                0x000000000800396c                __aeabi_ddiv
                0x000000000800396c                __divdf3
 .text          0x0000000008003b3c      0x110 /home/phuoc/Workspace/Tools/gcc-arm-none-eabi-10.3-2021.10-x86_64-linux/gcc-arm-none-eabi-10.3-2021.10/lib/gcc/arm-none-eabi/10.3.1/thumb/v7-m/nofp/libgcc.a(_arm_cmpdf2.o)
                0x0000000008003b3c                __gtdf2
                0x0000000008003b3c                __gedf2
                0x0000000008003b44                __ltdf2
                0x0000000008003b44                __ledf2
                0x0000000008003b4c                __cmpdf2
                0x0000000008003b4c                __eqdf2
                0x0000000008003b4c                __nedf2
                0x0000000008003bc8                __aeabi_cdrcmple
                0x0000000008003bd8                __aeabi_cdcmple
                0x0000000008003bd8                __aeabi_cdcmpeq
                0x0000000008003be8                __aeabi_dcmpeq
                0x0000000008003bfc                __aeabi_dcmplt
                0x0000000008003c10                __aeabi_dcmple
                0x0000000008003c24                __aeabi_dcmpge
                0x0000000008003c38                __aeabi_dcmpgt
 .text          0x0000000008003c4c       0x2c /home/phuoc/Workspace/Tools/gcc-arm-none-eabi-10.3-2021.10-x86_64-linux/gcc-arm-none-eabi-10.3-2021.10/lib/gcc/arm-none-eabi/10.3.1/thumb/v7-m/nofp/libgcc.a(_arm_unorddf2.o)
                0x0000000008003c4c                __aeabi_dcmpun
                0x0000000008003c4c                __unorddf2
 .text          0x0000000008003c78       0x50 /home/phuoc/Workspace/Tools/gcc-arm-none-eabi-10.3-2021.10-x86_64-linux/gcc-arm-none-eabi-10.3-2021.10/lib/gcc/arm-none-eabi/10.3.1/thumb/v7-m/nofp/libgcc.a(_arm_fixdfsi.o)
                0x0000000008003c78                __fixdfsi
                0x0000000008003c78                __aeabi_d2iz
 .text          0x0000000008003cc8       0x40 /home/phuoc/Workspace/Tools/gcc-arm-none-eabi-10.3-2021.10-x86_64-linux/gcc-arm-none-eabi-10.3-2021.10/lib/gcc/arm-none-eabi/10.3.1/thumb/v7-m/nofp/libgcc.a(_arm_fixunsdfsi.o)
                0x0000000008003cc8                __fixunsdfsi
                0x0000000008003cc8                __aeabi_d2uiz
 .text          0x0000000008003d08      0x21c /home/phuoc/Workspace/Tools/gcc-arm-none-eabi-10.3-2021.10-x86_64-linux/gcc-arm-none-eabi-10.3-2021.10/lib/gcc/arm-none-eabi/10.3.1/thumb/v7-m/nofp/libgcc.a(_arm_addsubsf3.o)
                0x0000000008003d08                __aeabi_frsub
                0x0000000008003d10                __subsf3
                0x0000000008003d10                __aeabi_fsub
                0x0000000008003d14                __aeabi_fadd
                0x0000000008003d14                __addsf3
                0x0000000008003e74                __aeabi_ui2f
                0x0000000008003e74                __floatunsisf
                0x0000000008003e7c                __aeabi_i2f
                0x0000000008003e7c                __floatsisf
                0x0000000008003e98                __floatundisf
                0x0000000008003e98                __aeabi_ul2f
                0x0000000008003ea8                __floatdisf
                0x0000000008003ea8                __aeabi_l2f
 .text          0x0000000008003f24       0x30 /home/phuoc/Workspace/Tools/gcc-arm-none-eabi-10.3-2021.10-x86_64-linux/gcc-arm-none-eabi-10.3-2021.10/lib/gcc/arm-none-eabi/10.3.1/thumb/v7-m/nofp/libgcc.a(_aeabi_uldivmod.o)
                0x0000000008003f24                __aeabi_uldivmod
 .text          0x0000000008003f54      0x2d4 /home/phuoc/Workspace/Tools/gcc-arm-none-eabi-10.3-2021.10-x86_64-linux/gcc-arm-none-eabi-10.3-2021.10/lib/gcc/arm-none-eabi/10.3.1/thumb/v7-m/nofp/libgcc.a(_udivmoddi4.o)
                0x0000000008003f54                __udivmoddi4
 .text          0x0000000008004228        0x4 /home/phuoc/Workspace/Tools/gcc-arm-none-eabi-10.3-2021.10-x86_64-linux/gcc-arm-none-eabi-10.3-2021.10/lib/gcc/arm-none-eabi/10.3.1/thumb/v7-m/nofp/libgcc.a(_dvmd_tls.o)
                0x0000000008004228                __aeabi_ldiv0
                0x0000000008004228                __aeabi_idiv0
 *(.text*)
 .text.fsm_dispatch
                0x000000000800422c        0x6 build_Zomwar-application/fsm.o
                0x000000000800422c                fsm_dispatch
 *fill*         0x0000000008004232        0x2 
 .text.task_create
                0x0000000008004234       0x3c build_Zomwar-application/task.o
                0x0000000008004234                task_create
 .text.task_polling_create
                0x0000000008004270       0x34 build_Zomwar-application/task.o
                0x0000000008004270                task_polling_create
 .text.task_post
                0x00000000080042a4       0x84 build_Zomwar-application/task.o
                0x00000000080042a4                task_post
 .text.task_remove_msg
                0x0000000008004328       0xb4 build_Zomwar-application/task.o
                0x0000000008004328                task_remove_msg
 .text.task_post_pure_msg
                0x00000000080043dc       0x18 build_Zomwar-application/task.o
                0x00000000080043dc                task_post_pure_msg
 .text.task_post_common_msg
                0x00000000080043f4       0x2a build_Zomwar-application/task.o
                0x00000000080043f4                task_post_common_msg
 *fill*         0x000000000800441e        0x2 
 .text.task_entry_interrupt
                0x0000000008004420       0x1c build_Zomwar-application/task.o
                0x0000000008004420                task_entry_interrupt
 .text.task_exit_interrupt
                0x000000000800443c       0x24 build_Zomwar-application/task.o
                0x000000000800443c                task_exit_interrupt
 .text.task_init
                0x0000000008004460       0x40 build_Zomwar-application/task.o
                0x0000000008004460                task_init
 .text.task_polling_run
                0x00000000080044a0       0x34 build_Zomwar-application/task.o
                0x00000000080044a0                task_polling_run
 .text.task_run
                0x00000000080044d4      0x174 build_Zomwar-application/task.o
                0x00000000080044d4                task_run
 .text.get_current_task_id
                0x0000000008004648        0xc build_Zomwar-application/task.o
                0x0000000008004648                get_current_task_id
 .text.get_current_task_info
                0x0000000008004654        0x8 build_Zomwar-application/task.o
                0x0000000008004654                get_current_task_info
 .text.get_current_active_object
                0x000000000800465c        0x8 build_Zomwar-application/task.o
                0x000000000800465c                get_current_active_object
 .text.timer_remove_msg
                0x0000000008004664       0x64 build_Zomwar-application/timer.o
 .text.task_timer_tick
                0x00000000080046c8       0x7c build_Zomwar-application/timer.o
                0x00000000080046c8                task_timer_tick
 .text.timer_init
                0x0000000008004744       0x6c build_Zomwar-application/timer.o
                0x0000000008004744                timer_init
 .text.timer_tick
                0x00000000080047b0       0x38 build_Zomwar-application/timer.o
                0x00000000080047b0                timer_tick
 .text.timer_set
                0x00000000080047e8       0x98 build_Zomwar-application/timer.o
                0x00000000080047e8                timer_set
 .text.timer_remove_attr
                0x0000000008004880       0x18 build_Zomwar-application/timer.o
                0x0000000008004880                timer_remove_attr
 .text.free_common_msg
                0x0000000008004898       0x28 build_Zomwar-application/message.o
 .text.free_pure_msg
                0x00000000080048c0       0x28 build_Zomwar-application/message.o
 .text.free_dynamic_msg
                0x00000000080048e8       0x30 build_Zomwar-application/message.o
 .text.msg_init
                0x0000000008004918      0x100 build_Zomwar-application/message.o
                0x0000000008004918                msg_init
 .text.msg_force_free
                0x0000000008004a18       0x44 build_Zomwar-application/message.o
                0x0000000008004a18                msg_force_free
 .text.msg_inc_ref_count
                0x0000000008004a5c       0x2c build_Zomwar-application/message.o
                0x0000000008004a5c                msg_inc_ref_count
 .text.msg_dec_ref_count
                0x0000000008004a88       0x28 build_Zomwar-application/message.o
                0x0000000008004a88                msg_dec_ref_count
 .text.msg_free
                0x0000000008004ab0       0x58 build_Zomwar-application/message.o
                0x0000000008004ab0                msg_free
 .text.ak_malloc
                0x0000000008004b08       0x50 build_Zomwar-application/message.o
                0x0000000008004b08                ak_malloc
 .text.ak_free  0x0000000008004b58        0x4 build_Zomwar-application/message.o
                0x0000000008004b58                ak_free
 .text.get_pure_msg
                0x0000000008004b5c       0x5c build_Zomwar-application/message.o
                0x0000000008004b5c                get_pure_msg
 .text.get_common_msg
                0x0000000008004bb8       0x60 build_Zomwar-application/message.o
                0x0000000008004bb8                get_common_msg
 .text.set_data_common_msg
                0x0000000008004c18       0x4c build_Zomwar-application/message.o
                0x0000000008004c18                set_data_common_msg
 .text.get_data_common_msg
                0x0000000008004c64       0x28 build_Zomwar-application/message.o
                0x0000000008004c64                get_data_common_msg
 .text.get_data_len_common_msg
                0x0000000008004c8c       0x28 build_Zomwar-application/message.o
                0x0000000008004c8c                get_data_len_common_msg
 .text.get_dynamic_msg
                0x0000000008004cb4       0x64 build_Zomwar-application/message.o
                0x0000000008004cb4                get_dynamic_msg
 .text.set_data_dynamic_msg
                0x0000000008004d18       0x3c build_Zomwar-application/message.o
                0x0000000008004d18                set_data_dynamic_msg
 .text.get_data_dynamic_msg
                0x0000000008004d54       0x28 build_Zomwar-application/message.o
                0x0000000008004d54                get_data_dynamic_msg
 .text.get_data_len_dynamic_msg
                0x0000000008004d7c        0x4 build_Zomwar-application/message.o
                0x0000000008004d7c                get_data_len_dynamic_msg
 .text.log_queue_init
                0x0000000008004d80       0x2e build_Zomwar-application/log_queue.o
                0x0000000008004d80                log_queue_init
 .text.log_queue_len
                0x0000000008004dae        0x4 build_Zomwar-application/log_queue.o
                0x0000000008004dae                log_queue_len
 .text.log_queue_put
                0x0000000008004db2       0x5c build_Zomwar-application/log_queue.o
                0x0000000008004db2                log_queue_put
 .text.log_queue_get
                0x0000000008004e0e       0x30 build_Zomwar-application/log_queue.o
                0x0000000008004e0e                log_queue_get
 .text.fifo_init
                0x0000000008004e3e       0x12 build_Zomwar-application/fifo.o
                0x0000000008004e3e                fifo_init
 .text.fifo_availble
                0x0000000008004e50        0x4 build_Zomwar-application/fifo.o
                0x0000000008004e50                fifo_availble
 .text.fifo_is_full
                0x0000000008004e54        0xc build_Zomwar-application/fifo.o
                0x0000000008004e54                fifo_is_full
 .text.fifo_put
                0x0000000008004e60       0x54 build_Zomwar-application/fifo.o
                0x0000000008004e60                fifo_put
 .text.fifo_get
                0x0000000008004eb4       0x50 build_Zomwar-application/fifo.o
                0x0000000008004eb4                fifo_get
 .text.ring_buffer_char_init
                0x0000000008004f04        0xc build_Zomwar-application/ring_buffer.o
                0x0000000008004f04                ring_buffer_char_init
 .text.ring_buffer_char_is_empty
                0x0000000008004f10        0xa build_Zomwar-application/ring_buffer.o
                0x0000000008004f10                ring_buffer_char_is_empty
 .text.ring_buffer_char_put
                0x0000000008004f1a       0x36 build_Zomwar-application/ring_buffer.o
                0x0000000008004f1a                ring_buffer_char_put
 .text.ring_buffer_char_get
                0x0000000008004f50       0x26 build_Zomwar-application/ring_buffer.o
                0x0000000008004f50                ring_buffer_char_get
 .text.mem_read
                0x0000000008004f76       0x18 build_Zomwar-application/utils.o
                0x0000000008004f76                mem_read
 .text.mem_write
                0x0000000008004f8e       0x1a build_Zomwar-application/utils.o
                0x0000000008004f8e                mem_write
 .text.ilog10   0x0000000008004fa8       0xd8 build_Zomwar-application/xprintf.o
 .text.i10x     0x0000000008005080       0x78 build_Zomwar-application/xprintf.o
 .text.xfputc   0x00000000080050f8       0x30 build_Zomwar-application/xprintf.o
                0x00000000080050f8                xfputc
 .text.xputc    0x0000000008005128       0x10 build_Zomwar-application/xprintf.o
                0x0000000008005128                xputc
 .text.xvfprintf
                0x0000000008005138      0x580 build_Zomwar-application/xprintf.o
 .text.xprintf  0x00000000080056b8       0x24 build_Zomwar-application/xprintf.o
                0x00000000080056b8                xprintf
 .text.xsprintf
                0x00000000080056dc       0x2c build_Zomwar-application/xprintf.o
                0x00000000080056dc                xsprintf
 .text.cmd_line_parser
                0x0000000008005708       0x7c build_Zomwar-application/cmd_line.o
                0x0000000008005708                cmd_line_parser
 .text.button_init
                0x0000000008005784       0x34 build_Zomwar-application/button.o
                0x0000000008005784                button_init
 .text.button_enable
                0x00000000080057b8        0x6 build_Zomwar-application/button.o
                0x00000000080057b8                button_enable
 .text.button_timer_polling
                0x00000000080057be       0x76 build_Zomwar-application/button.o
                0x00000000080057be                button_timer_polling
 .text.flash_wait_to_idle
                0x0000000008005834       0x32 build_Zomwar-application/flash.o
 .text.flash_set_write_enable.constprop.0
                0x0000000008005866       0x14 build_Zomwar-application/flash.o
 .text.flash_is_connected
                0x000000000800587a       0x22 build_Zomwar-application/flash.o
                0x000000000800587a                flash_is_connected
 .text.flash_read
                0x000000000800589c       0x5e build_Zomwar-application/flash.o
                0x000000000800589c                flash_read
 .text.flash_write
                0x00000000080058fa       0x6c build_Zomwar-application/flash.o
                0x00000000080058fa                flash_write
 .text.flash_erase_sector
                0x0000000008005966       0x48 build_Zomwar-application/flash.o
                0x0000000008005966                flash_erase_sector
 .text.flash_erase_block_64k
                0x00000000080059ae       0x46 build_Zomwar-application/flash.o
                0x00000000080059ae                flash_erase_block_64k
 .text.led_init
                0x00000000080059f4       0x20 build_Zomwar-application/led.o
                0x00000000080059f4                led_init
 .text.led_on   0x0000000008005a14        0xc build_Zomwar-application/led.o
                0x0000000008005a14                led_on
 .text.led_off  0x0000000008005a20        0xc build_Zomwar-application/led.o
                0x0000000008005a20                led_off
 .text.led_toggle
                0x0000000008005a2c       0x12 build_Zomwar-application/led.o
                0x0000000008005a2c                led_toggle
 *fill*         0x0000000008005a3e        0x2 
 .text.BUZZER_Init
                0x0000000008005a40       0xe0 build_Zomwar-application/buzzer.o
                0x0000000008005a40                BUZZER_Init
 .text.BUZZER_Disable
                0x0000000008005b20       0x38 build_Zomwar-application/buzzer.o
                0x0000000008005b20                BUZZER_Disable
 .text.BUZZER_Enable
                0x0000000008005b58       0x84 build_Zomwar-application/buzzer.o
                0x0000000008005b58                BUZZER_Enable
 .text.buzzer_irq
                0x0000000008005bdc       0x98 build_Zomwar-application/buzzer.o
                0x0000000008005bdc                buzzer_irq
 .text.BUZZER_PlayTones
                0x0000000008005c74       0x2c build_Zomwar-application/buzzer.o
                0x0000000008005c74                BUZZER_PlayTones
 .text.BUZZER_Sleep
                0x0000000008005ca0       0x14 build_Zomwar-application/buzzer.o
                0x0000000008005ca0                BUZZER_Sleep
 .text.getModeBits
                0x0000000008005cb4       0x30 build_Zomwar-application/qrcode.o
 .text.bb_appendBits
                0x0000000008005ce4       0x58 build_Zomwar-application/qrcode.o
 .text.bb_setBit
                0x0000000008005d3c       0x28 build_Zomwar-application/qrcode.o
 .text.bb_getBit
                0x0000000008005d64       0x1a build_Zomwar-application/qrcode.o
 *fill*         0x0000000008005d7e        0x2 
 .text.applyMask
                0x0000000008005d80      0x110 build_Zomwar-application/qrcode.o
 .text.setFunctionModule
                0x0000000008005e90       0x24 build_Zomwar-application/qrcode.o
 .text.drawFinderPattern
                0x0000000008005eb4       0x8a build_Zomwar-application/qrcode.o
 .text.drawFormatBits
                0x0000000008005f3e      0x114 build_Zomwar-application/qrcode.o
 *fill*         0x0000000008006052        0x2 
 .text.getAlphanumeric
                0x0000000008006054       0x34 build_Zomwar-application/qrcode.o
 .text.qrcode_getBufferSize
                0x0000000008006088        0xe build_Zomwar-application/qrcode.o
                0x0000000008006088                qrcode_getBufferSize
 *fill*         0x0000000008006096        0x2 
 .text.qrcode_initBytes
                0x0000000008006098      0x9e0 build_Zomwar-application/qrcode.o
                0x0000000008006098                qrcode_initBytes
 .text.qrcode_initText
                0x0000000008006a78       0x2e build_Zomwar-application/qrcode.o
                0x0000000008006a78                qrcode_initText
 .text.qrcode_getModule
                0x0000000008006aa6       0x28 build_Zomwar-application/qrcode.o
                0x0000000008006aa6                qrcode_getModule
 *fill*         0x0000000008006ace        0x2 
 .text.sys_dbg_cpu_dump
                0x0000000008006ad0       0x4c build_Zomwar-application/sys_dbg.o
                0x0000000008006ad0                sys_dbg_cpu_dump
 .text.sys_dbg_stack_space_dump
                0x0000000008006b1c       0x30 build_Zomwar-application/sys_dbg.o
                0x0000000008006b1c                sys_dbg_stack_space_dump
 .text.sys_dbg_fatal
                0x0000000008006b4c      0x3cc build_Zomwar-application/sys_dbg.o
                0x0000000008006b4c                sys_dbg_fatal
 .text.sys_boot_init
                0x0000000008006f18       0x14 build_Zomwar-application/sys_boot.o
                0x0000000008006f18                sys_boot_init
 .text.sys_boot_get
                0x0000000008006f2c        0xc build_Zomwar-application/sys_boot.o
                0x0000000008006f2c                sys_boot_get
 .text.sys_boot_set
                0x0000000008006f38       0x34 build_Zomwar-application/sys_boot.o
                0x0000000008006f38                sys_boot_set
 .text.eMBExceptionToErrorcode
                0x0000000008006f6c       0x14 build_Zomwar-application/mbutils.o
                0x0000000008006f6c                eMBExceptionToErrorcode
 .text.eMBMReleaseHdl
                0x0000000008006f80       0x58 build_Zomwar-application/mbm.o
 .text.bMBMResponseTimeoutCB
                0x0000000008006fd8       0x18 build_Zomwar-application/mbm.o
 .text.bMBMIsHdlValid
                0x0000000008006ff0       0x18 build_Zomwar-application/mbm.o
                0x0000000008006ff0                bMBMIsHdlValid
 .text.vMBMMasterTransactionPolled
                0x0000000008007008       0xae build_Zomwar-application/mbm.o
                0x0000000008007008                vMBMMasterTransactionPolled
 *fill*         0x00000000080070b6        0x2 
 .text.eMBMSerialInitExt
                0x00000000080070b8       0xcc build_Zomwar-application/mbm.o
                0x00000000080070b8                eMBMSerialInitExt
 .text.usMBMCRC16
                0x0000000008007184       0x2c build_Zomwar-application/mbmcrc.o
                0x0000000008007184                usMBMCRC16
 .text.bMBMSerialWaitCB
                0x00000000080071b0       0x3c build_Zomwar-application/mbmrtu.o
 .text.bMBMSerialRTUT35CB
                0x00000000080071ec       0x58 build_Zomwar-application/mbmrtu.o
 .text.bMBMSerialRTUTransmitterEmptyAPIV1CB
                0x0000000008007244       0xb2 build_Zomwar-application/mbmrtu.o
 .text.bMBMSerialRTUReceiverAPIV1CB
                0x00000000080072f6       0xa0 build_Zomwar-application/mbmrtu.o
 *fill*         0x0000000008007396        0x2 
 .text.eMBMSerialRTUFrameCloseInternal
                0x0000000008007398       0x90 build_Zomwar-application/mbmrtu.o
 .text.eMBMSerialRTUFrameReceive
                0x0000000008007428       0xc4 build_Zomwar-application/mbmrtu.o
 .text.eMBMSerialRTUFrameSend
                0x00000000080074ec       0xd0 build_Zomwar-application/mbmrtu.o
 .text.eMBMSerialRTUFrameClose
                0x00000000080075bc       0x18 build_Zomwar-application/mbmrtu.o
 .text.eMBMSerialRTUInit
                0x00000000080075d4      0x118 build_Zomwar-application/mbmrtu.o
                0x00000000080075d4                eMBMSerialRTUInit
 .text.vMBMReadHoldingRegistersPolled
                0x00000000080076ec      0x136 build_Zomwar-application/mbmfuncholding.o
                0x00000000080076ec                vMBMReadHoldingRegistersPolled
 .text.eMBMReadHoldingRegisters
                0x0000000008007822       0x42 build_Zomwar-application/mbmfuncholding.o
                0x0000000008007822                eMBMReadHoldingRegisters
 .text.vMBMReadCoilsPolled
                0x0000000008007864      0x114 build_Zomwar-application/mbmfunccoils.o
                0x0000000008007864                vMBMReadCoilsPolled
 .text.eMBMReadCoils
                0x0000000008007978       0x42 build_Zomwar-application/mbmfunccoils.o
                0x0000000008007978                eMBMReadCoils
 .text.vMBMReadDiscreteInputsPolled
                0x00000000080079ba      0x114 build_Zomwar-application/mbmfuncdisc.o
                0x00000000080079ba                vMBMReadDiscreteInputsPolled
 .text.eMBMReadDiscreteInputs
                0x0000000008007ace       0x42 build_Zomwar-application/mbmfuncdisc.o
                0x0000000008007ace                eMBMReadDiscreteInputs
 .text.vMBMReadInputRegistersPolled
                0x0000000008007b10      0x120 build_Zomwar-application/mbmfuncinput.o
                0x0000000008007b10                vMBMReadInputRegistersPolled
 .text.eMBMReadInputRegisters
                0x0000000008007c30       0x42 build_Zomwar-application/mbmfuncinput.o
                0x0000000008007c30                eMBMReadInputRegisters
 *fill*         0x0000000008007c72        0x2 
 .text.eMBPEventCreate
                0x0000000008007c74       0x5c build_Zomwar-application/mbportevent.o
                0x0000000008007c74                eMBPEventCreate
 .text.eMBPEventPost
                0x0000000008007cd0       0x2c build_Zomwar-application/mbportevent.o
                0x0000000008007cd0                eMBPEventPost
 .text.bMBPEventGet
                0x0000000008007cfc       0x34 build_Zomwar-application/mbportevent.o
                0x0000000008007cfc                bMBPEventGet
 .text.vMBPEventDelete
                0x0000000008007d30       0x2c build_Zomwar-application/mbportevent.o
                0x0000000008007d30                vMBPEventDelete
 .text.vMBPAssert
                0x0000000008007d5c       0x1c build_Zomwar-application/mbportother.o
                0x0000000008007d5c                vMBPAssert
 .text.vMBPEnterCritical
                0x0000000008007d78        0x4 build_Zomwar-application/mbportother.o
                0x0000000008007d78                vMBPEnterCritical
 .text.vMBPExitCritical
                0x0000000008007d7c        0x4 build_Zomwar-application/mbportother.o
                0x0000000008007d7c                vMBPExitCritical
 .text.eMBPSerialInit
                0x0000000008007d80      0x144 build_Zomwar-application/mbportserial.o
                0x0000000008007d80                eMBPSerialInit
 .text.eMBPSerialClose
                0x0000000008007ec4       0x58 build_Zomwar-application/mbportserial.o
                0x0000000008007ec4                eMBPSerialClose
 .text.eMBPSerialTxEnable
                0x0000000008007f1c       0x70 build_Zomwar-application/mbportserial.o
                0x0000000008007f1c                eMBPSerialTxEnable
 .text.eMBPSerialRxEnable
                0x0000000008007f8c       0x5c build_Zomwar-application/mbportserial.o
                0x0000000008007f8c                eMBPSerialRxEnable
 .text.vMBPUSART2ISR
                0x0000000008007fe8       0xec build_Zomwar-application/mbportserial.o
                0x0000000008007fe8                vMBPUSART2ISR
 .text.eMBPTimerInit
                0x00000000080080d4       0xec build_Zomwar-application/mbporttimer.o
                0x00000000080080d4                eMBPTimerInit
 .text.vMBPTimerClose
                0x00000000080081c0       0x28 build_Zomwar-application/mbporttimer.o
                0x00000000080081c0                vMBPTimerClose
 .text.eMBPTimerStart
                0x00000000080081e8       0x2c build_Zomwar-application/mbporttimer.o
                0x00000000080081e8                eMBPTimerStart
 .text.eMBPTimerStop
                0x0000000008008214       0x30 build_Zomwar-application/mbporttimer.o
                0x0000000008008214                eMBPTimerStop
 .text.vMBPTimerISR
                0x0000000008008244       0x58 build_Zomwar-application/mbporttimer.o
                0x0000000008008244                vMBPTimerISR
 .text.GPIO_Init
                0x000000000800829c       0x78 build_Zomwar-application/stm32l1xx_gpio.o
                0x000000000800829c                GPIO_Init
 .text.GPIO_ReadInputDataBit
                0x0000000008008314        0xc build_Zomwar-application/stm32l1xx_gpio.o
                0x0000000008008314                GPIO_ReadInputDataBit
 .text.GPIO_SetBits
                0x0000000008008320        0x4 build_Zomwar-application/stm32l1xx_gpio.o
                0x0000000008008320                GPIO_SetBits
 .text.GPIO_ResetBits
                0x0000000008008324        0x4 build_Zomwar-application/stm32l1xx_gpio.o
                0x0000000008008324                GPIO_ResetBits
 .text.GPIO_PinAFConfig
                0x0000000008008328       0x24 build_Zomwar-application/stm32l1xx_gpio.o
                0x0000000008008328                GPIO_PinAFConfig
 .text.RCC_HSICmd
                0x000000000800834c        0xc build_Zomwar-application/stm32l1xx_rcc.o
                0x000000000800834c                RCC_HSICmd
 .text.RCC_GetClocksFreq
                0x0000000008008358       0x9c build_Zomwar-application/stm32l1xx_rcc.o
                0x0000000008008358                RCC_GetClocksFreq
 .text.RCC_AHBPeriphClockCmd
                0x00000000080083f4       0x18 build_Zomwar-application/stm32l1xx_rcc.o
                0x00000000080083f4                RCC_AHBPeriphClockCmd
 .text.RCC_APB2PeriphClockCmd
                0x000000000800840c       0x18 build_Zomwar-application/stm32l1xx_rcc.o
                0x000000000800840c                RCC_APB2PeriphClockCmd
 .text.RCC_APB1PeriphClockCmd
                0x0000000008008424       0x18 build_Zomwar-application/stm32l1xx_rcc.o
                0x0000000008008424                RCC_APB1PeriphClockCmd
 .text.RCC_APB2PeriphResetCmd
                0x000000000800843c       0x18 build_Zomwar-application/stm32l1xx_rcc.o
                0x000000000800843c                RCC_APB2PeriphResetCmd
 .text.RCC_APB1PeriphResetCmd
                0x0000000008008454       0x18 build_Zomwar-application/stm32l1xx_rcc.o
                0x0000000008008454                RCC_APB1PeriphResetCmd
 .text.RCC_GetFlagStatus
                0x000000000800846c       0x20 build_Zomwar-application/stm32l1xx_rcc.o
                0x000000000800846c                RCC_GetFlagStatus
 .text.USART_DeInit
                0x000000000800848c       0x9c build_Zomwar-application/stm32l1xx_usart.o
                0x000000000800848c                USART_DeInit
 .text.USART_Init
                0x0000000008008528       0xa4 build_Zomwar-application/stm32l1xx_usart.o
                0x0000000008008528                USART_Init
 .text.USART_ClockInit
                0x00000000080085cc       0x20 build_Zomwar-application/stm32l1xx_usart.o
                0x00000000080085cc                USART_ClockInit
 .text.USART_Cmd
                0x00000000080085ec       0x18 build_Zomwar-application/stm32l1xx_usart.o
                0x00000000080085ec                USART_Cmd
 .text.USART_SendData
                0x0000000008008604        0x8 build_Zomwar-application/stm32l1xx_usart.o
                0x0000000008008604                USART_SendData
 .text.USART_ReceiveData
                0x000000000800860c        0x8 build_Zomwar-application/stm32l1xx_usart.o
                0x000000000800860c                USART_ReceiveData
 .text.USART_ITConfig
                0x0000000008008614       0x30 build_Zomwar-application/stm32l1xx_usart.o
                0x0000000008008614                USART_ITConfig
 .text.USART_GetFlagStatus
                0x0000000008008644        0xc build_Zomwar-application/stm32l1xx_usart.o
                0x0000000008008644                USART_GetFlagStatus
 .text.USART_GetITStatus
                0x0000000008008650       0x3e build_Zomwar-application/stm32l1xx_usart.o
                0x0000000008008650                USART_GetITStatus
 .text.USART_ClearITPendingBit
                0x000000000800868e        0xe build_Zomwar-application/stm32l1xx_usart.o
                0x000000000800868e                USART_ClearITPendingBit
 .text.SPI_I2S_DeInit
                0x000000000800869c       0x64 build_Zomwar-application/stm32l1xx_spi.o
                0x000000000800869c                SPI_I2S_DeInit
 .text.SPI_Init
                0x0000000008008700       0x3e build_Zomwar-application/stm32l1xx_spi.o
                0x0000000008008700                SPI_Init
 .text.SPI_Cmd  0x000000000800873e       0x18 build_Zomwar-application/stm32l1xx_spi.o
                0x000000000800873e                SPI_Cmd
 .text.SPI_I2S_ReceiveData
                0x0000000008008756        0x6 build_Zomwar-application/stm32l1xx_spi.o
                0x0000000008008756                SPI_I2S_ReceiveData
 .text.SPI_I2S_SendData
                0x000000000800875c        0x4 build_Zomwar-application/stm32l1xx_spi.o
                0x000000000800875c                SPI_I2S_SendData
 .text.SPI_I2S_GetFlagStatus
                0x0000000008008760        0xc build_Zomwar-application/stm32l1xx_spi.o
                0x0000000008008760                SPI_I2S_GetFlagStatus
 .text.NVIC_PriorityGroupConfig
                0x000000000800876c       0x14 build_Zomwar-application/misc.o
                0x000000000800876c                NVIC_PriorityGroupConfig
 .text.NVIC_Init
                0x0000000008008780       0x58 build_Zomwar-application/misc.o
                0x0000000008008780                NVIC_Init
 .text.EXTI_GetFlagStatus
                0x00000000080087d8       0x14 build_Zomwar-application/stm32l1xx_exti.o
                0x00000000080087d8                EXTI_GetFlagStatus
 .text.EXTI_GetITStatus
                0x00000000080087ec        0x4 build_Zomwar-application/stm32l1xx_exti.o
                0x00000000080087ec                EXTI_GetITStatus
 .text.EXTI_ClearITPendingBit
                0x00000000080087f0        0xc build_Zomwar-application/stm32l1xx_exti.o
                0x00000000080087f0                EXTI_ClearITPendingBit
 .text.TIM_DeInit
                0x00000000080087fc       0xe4 build_Zomwar-application/stm32l1xx_tim.o
                0x00000000080087fc                TIM_DeInit
 .text.TIM_TimeBaseInit
                0x00000000080088e0       0x58 build_Zomwar-application/stm32l1xx_tim.o
                0x00000000080088e0                TIM_TimeBaseInit
 .text.TIM_ARRPreloadConfig
                0x0000000008008938       0x18 build_Zomwar-application/stm32l1xx_tim.o
                0x0000000008008938                TIM_ARRPreloadConfig
 .text.TIM_Cmd  0x0000000008008950       0x18 build_Zomwar-application/stm32l1xx_tim.o
                0x0000000008008950                TIM_Cmd
 .text.TIM_OC3Init
                0x0000000008008968       0x3c build_Zomwar-application/stm32l1xx_tim.o
                0x0000000008008968                TIM_OC3Init
 .text.TIM_OC3PreloadConfig
                0x00000000080089a4       0x10 build_Zomwar-application/stm32l1xx_tim.o
                0x00000000080089a4                TIM_OC3PreloadConfig
 .text.TIM_ITConfig
                0x00000000080089b4       0x12 build_Zomwar-application/stm32l1xx_tim.o
                0x00000000080089b4                TIM_ITConfig
 .text.TIM_GetITStatus
                0x00000000080089c6       0x16 build_Zomwar-application/stm32l1xx_tim.o
                0x00000000080089c6                TIM_GetITStatus
 .text.TIM_ClearITPendingBit
                0x00000000080089dc        0x8 build_Zomwar-application/stm32l1xx_tim.o
                0x00000000080089dc                TIM_ClearITPendingBit
 .text.ADC_Init
                0x00000000080089e4       0x4c build_Zomwar-application/stm32l1xx_adc.o
                0x00000000080089e4                ADC_Init
 .text.ADC_Cmd  0x0000000008008a30       0x12 build_Zomwar-application/stm32l1xx_adc.o
                0x0000000008008a30                ADC_Cmd
 *fill*         0x0000000008008a42        0x2 
 .text.ADC_TempSensorVrefintCmd
                0x0000000008008a44       0x18 build_Zomwar-application/stm32l1xx_adc.o
                0x0000000008008a44                ADC_TempSensorVrefintCmd
 .text.ADC_RegularChannelConfig
                0x0000000008008a5c      0x104 build_Zomwar-application/stm32l1xx_adc.o
                0x0000000008008a5c                ADC_RegularChannelConfig
 .text.ADC_SoftwareStartConv
                0x0000000008008b60        0xa build_Zomwar-application/stm32l1xx_adc.o
                0x0000000008008b60                ADC_SoftwareStartConv
 .text.ADC_GetConversionValue
                0x0000000008008b6a        0x6 build_Zomwar-application/stm32l1xx_adc.o
                0x0000000008008b6a                ADC_GetConversionValue
 .text.ADC_GetFlagStatus
                0x0000000008008b70        0xc build_Zomwar-application/stm32l1xx_adc.o
                0x0000000008008b70                ADC_GetFlagStatus
 .text.PWR_UltraLowPowerCmd
                0x0000000008008b7c        0xc build_Zomwar-application/stm32l1xx_pwr.o
                0x0000000008008b7c                PWR_UltraLowPowerCmd
 .text.PWR_EnterSTOPMode
                0x0000000008008b88       0x34 build_Zomwar-application/stm32l1xx_pwr.o
                0x0000000008008b88                PWR_EnterSTOPMode
 .text.FLASH_Lock
                0x0000000008008bbc       0x10 build_Zomwar-application/stm32l1xx_flash.o
                0x0000000008008bbc                FLASH_Lock
 .text.DATA_EEPROM_Unlock
                0x0000000008008bcc       0x20 build_Zomwar-application/stm32l1xx_flash.o
                0x0000000008008bcc                DATA_EEPROM_Unlock
 .text.FLASH_Unlock
                0x0000000008008bec       0x2c build_Zomwar-application/stm32l1xx_flash.o
                0x0000000008008bec                FLASH_Unlock
 .text.DATA_EEPROM_Lock
                0x0000000008008c18       0x10 build_Zomwar-application/stm32l1xx_flash.o
                0x0000000008008c18                DATA_EEPROM_Lock
 .text.FLASH_OB_Unlock
                0x0000000008008c28       0x2c build_Zomwar-application/stm32l1xx_flash.o
                0x0000000008008c28                FLASH_OB_Unlock
 .text.FLASH_OB_Launch
                0x0000000008008c54       0x10 build_Zomwar-application/stm32l1xx_flash.o
                0x0000000008008c54                FLASH_OB_Launch
 .text.FLASH_OB_GetBOR
                0x0000000008008c64       0x10 build_Zomwar-application/stm32l1xx_flash.o
                0x0000000008008c64                FLASH_OB_GetBOR
 .text.FLASH_ClearFlag
                0x0000000008008c74        0xc build_Zomwar-application/stm32l1xx_flash.o
                0x0000000008008c74                FLASH_ClearFlag
 .text.FLASH_GetStatus
                0x0000000008008c80       0x28 build_Zomwar-application/stm32l1xx_flash.o
                0x0000000008008c80                FLASH_GetStatus
 .text.FLASH_WaitForLastOperation
                0x0000000008008ca8       0x3c build_Zomwar-application/stm32l1xx_flash.o
                0x0000000008008ca8                FLASH_WaitForLastOperation
 .text.FLASH_ErasePage
                0x0000000008008ce4       0x44 build_Zomwar-application/stm32l1xx_flash.o
                0x0000000008008ce4                FLASH_ErasePage
 .text.FLASH_FastProgramWord
                0x0000000008008d28       0x22 build_Zomwar-application/stm32l1xx_flash.o
                0x0000000008008d28                FLASH_FastProgramWord
 .text.DATA_EEPROM_EraseWord
                0x0000000008008d4a       0x16 build_Zomwar-application/stm32l1xx_flash.o
                0x0000000008008d4a                DATA_EEPROM_EraseWord
 .text.DATA_EEPROM_FastProgramWord
                0x0000000008008d60       0x30 build_Zomwar-application/stm32l1xx_flash.o
                0x0000000008008d60                DATA_EEPROM_FastProgramWord
 .text.DATA_EEPROM_ProgramByte
                0x0000000008008d90       0x4c build_Zomwar-application/stm32l1xx_flash.o
                0x0000000008008d90                DATA_EEPROM_ProgramByte
 .text.FLASH_OB_BORConfig
                0x0000000008008ddc       0x3c build_Zomwar-application/stm32l1xx_flash.o
                0x0000000008008ddc                FLASH_OB_BORConfig
 .text.IWDG_WriteAccessCmd
                0x0000000008008e18        0xc build_Zomwar-application/stm32l1xx_iwdg.o
                0x0000000008008e18                IWDG_WriteAccessCmd
 .text.IWDG_SetPrescaler
                0x0000000008008e24        0xc build_Zomwar-application/stm32l1xx_iwdg.o
                0x0000000008008e24                IWDG_SetPrescaler
 .text.IWDG_SetReload
                0x0000000008008e30        0xc build_Zomwar-application/stm32l1xx_iwdg.o
                0x0000000008008e30                IWDG_SetReload
 .text.IWDG_ReloadCounter
                0x0000000008008e3c       0x10 build_Zomwar-application/stm32l1xx_iwdg.o
                0x0000000008008e3c                IWDG_ReloadCounter
 .text.IWDG_Enable
                0x0000000008008e4c       0x10 build_Zomwar-application/stm32l1xx_iwdg.o
                0x0000000008008e4c                IWDG_Enable
 .text.I2C_SendData
                0x0000000008008e5c        0x4 build_Zomwar-application/stm32l1xx_i2c.o
                0x0000000008008e5c                I2C_SendData
 .text.I2C_CheckEvent
                0x0000000008008e60       0x18 build_Zomwar-application/stm32l1xx_i2c.o
                0x0000000008008e60                I2C_CheckEvent
 .text.disable_interrupts
                0x0000000008008e78       0x10 build_Zomwar-application/platform.o
                0x0000000008008e78                disable_interrupts
 .text.entry_critical
                0x0000000008008e88       0x14 build_Zomwar-application/platform.o
                0x0000000008008e88                entry_critical
 .text.exit_critical
                0x0000000008008e9c       0x30 build_Zomwar-application/platform.o
                0x0000000008008e9c                exit_critical
 .text.default_handler
                0x0000000008008ecc       0x1c build_Zomwar-application/system.o
                0x0000000008008ecc                svc_handler
                0x0000000008008ecc                default_handler
                0x0000000008008ecc                dg_monitor_handler
                0x0000000008008ecc                pendsv_handler
 .text.nmi_handler
                0x0000000008008ee8       0x1c build_Zomwar-application/system.o
                0x0000000008008ee8                nmi_handler
 .text.hard_fault_handler
                0x0000000008008f04       0x1c build_Zomwar-application/system.o
                0x0000000008008f04                hard_fault_handler
 .text.mem_manage_handler
                0x0000000008008f20       0x1c build_Zomwar-application/system.o
                0x0000000008008f20                mem_manage_handler
 .text.bus_fault_handler
                0x0000000008008f3c       0x1c build_Zomwar-application/system.o
                0x0000000008008f3c                bus_fault_handler
 .text.usage_fault_handler
                0x0000000008008f58       0x1c build_Zomwar-application/system.o
                0x0000000008008f58                usage_fault_handler
 .text.systick_handler
                0x0000000008008f74       0x40 build_Zomwar-application/system.o
                0x0000000008008f74                systick_handler
 .text.uart1_irq
                0x0000000008008fb4       0x64 build_Zomwar-application/system.o
                0x0000000008008fb4                uart1_irq
 .text.exti_line1_irq
                0x0000000008009018       0x1c build_Zomwar-application/system.o
                0x0000000008009018                exti_line1_irq
 .text.timer7_irq
                0x0000000008009034       0x24 build_Zomwar-application/system.o
                0x0000000008009034                timer7_irq
 .text.sys_ctrl_delay
                0x0000000008009058        0xc build_Zomwar-application/system.o
                0x0000000008009058                sys_ctrl_delay
 .text.sys_ctrl_millis
                0x0000000008009064       0x1c build_Zomwar-application/system.o
                0x0000000008009064                sys_ctrl_millis
 .text._init    0x0000000008009080        0x2 build_Zomwar-application/system.o
                0x0000000008009080                _init
 .text._fini    0x0000000008009082        0x2 build_Zomwar-application/system.o
                0x0000000008009082                _fini
 .text.sys_stack_count_init
                0x0000000008009084       0x3c build_Zomwar-application/system.o
                0x0000000008009084                sys_stack_count_init
 .text.reset_handler
                0x00000000080090c0       0xc8 build_Zomwar-application/system.o
                0x00000000080090c0                reset_handler
 .text.sys_stack_usage
                0x0000000008009188       0x20 build_Zomwar-application/system.o
                0x0000000008009188                sys_stack_usage
 .text.sys_stack_get_size
                0x00000000080091a8        0xc build_Zomwar-application/system.o
                0x00000000080091a8                sys_stack_get_size
 .text.sys_ctrl_shell_put_char_block
                0x00000000080091b4       0x2c build_Zomwar-application/sys_cfg.o
                0x00000000080091b4                sys_ctrl_shell_put_char_block
 .text.sys_cfg_clock
                0x00000000080091e0       0x22 build_Zomwar-application/sys_cfg.o
                0x00000000080091e0                sys_cfg_clock
 *fill*         0x0000000008009202        0x2 
 .text.sys_cfg_tick
                0x0000000008009204       0x50 build_Zomwar-application/sys_cfg.o
                0x0000000008009204                sys_cfg_tick
 .text.sys_cfg_svc
                0x0000000008009254       0x30 build_Zomwar-application/sys_cfg.o
                0x0000000008009254                sys_cfg_svc
 .text.sys_cfg_pendsv
                0x0000000008009284       0x34 build_Zomwar-application/sys_cfg.o
                0x0000000008009284                sys_cfg_pendsv
 .text.sys_cfg_update_info
                0x00000000080092b8      0x108 build_Zomwar-application/sys_cfg.o
                0x00000000080092b8                sys_cfg_update_info
 .text.sys_ctrl_shell_sw_to_block
                0x00000000080093c0       0x38 build_Zomwar-application/sys_cfg.o
                0x00000000080093c0                sys_ctrl_shell_sw_to_block
 .text.sys_cfg_console
                0x00000000080093f8       0xd8 build_Zomwar-application/sys_cfg.o
                0x00000000080093f8                sys_cfg_console
 .text.sys_ctrl_shell_get_char
                0x00000000080094d0       0x34 build_Zomwar-application/sys_cfg.o
                0x00000000080094d0                sys_ctrl_shell_get_char
 .text.sys_ctrl_reset
                0x0000000008009504       0x20 build_Zomwar-application/sys_cfg.o
                0x0000000008009504                sys_ctrl_reset
 .text.sys_ctrl_delay_us
                0x0000000008009524       0x58 build_Zomwar-application/sys_cfg.o
                0x0000000008009524                sys_ctrl_delay_us
 .text.sys_ctrl_delay_ms
                0x000000000800957c       0x1e build_Zomwar-application/sys_cfg.o
                0x000000000800957c                sys_ctrl_delay_ms
 *fill*         0x000000000800959a        0x2 
 .text.sys_ctr_stop_mcu
                0x000000000800959c       0xa8 build_Zomwar-application/sys_cfg.o
                0x000000000800959c                sys_ctr_stop_mcu
 .text.sys_ctrl_independent_watchdog_init
                0x0000000008009644       0x24 build_Zomwar-application/sys_cfg.o
                0x0000000008009644                sys_ctrl_independent_watchdog_init
 .text.sys_ctrl_independent_watchdog_reset
                0x0000000008009668       0x12 build_Zomwar-application/sys_cfg.o
                0x0000000008009668                sys_ctrl_independent_watchdog_reset
 *fill*         0x000000000800967a        0x2 
 .text.sys_ctrl_soft_watchdog_init
                0x000000000800967c       0x68 build_Zomwar-application/sys_cfg.o
                0x000000000800967c                sys_ctrl_soft_watchdog_init
 .text.sys_ctrl_soft_watchdog_reset
                0x00000000080096e4       0x18 build_Zomwar-application/sys_cfg.o
                0x00000000080096e4                sys_ctrl_soft_watchdog_reset
 .text.sys_ctrl_soft_watchdog_increase_counter
                0x00000000080096fc       0x40 build_Zomwar-application/sys_cfg.o
                0x00000000080096fc                sys_ctrl_soft_watchdog_increase_counter
 .text.sys_ctrl_get_firmware_info
                0x000000000800973c       0x40 build_Zomwar-application/sys_cfg.o
                0x000000000800973c                sys_ctrl_get_firmware_info
 .text.task_irq_io_entry_trigger
                0x000000000800977c        0x2 build_Zomwar-application/sys_cfg.o
                0x000000000800977c                task_irq_io_entry_trigger
 .text.task_irq_io_exit_trigger
                0x000000000800977e        0x2 build_Zomwar-application/sys_cfg.o
                0x000000000800977e                task_irq_io_exit_trigger
 .text.io_button_mode_init
                0x0000000008009780       0x28 build_Zomwar-application/io_cfg.o
                0x0000000008009780                io_button_mode_init
 .text.io_button_up_init
                0x00000000080097a8       0x28 build_Zomwar-application/io_cfg.o
                0x00000000080097a8                io_button_up_init
 .text.io_button_down_init
                0x00000000080097d0       0x28 build_Zomwar-application/io_cfg.o
                0x00000000080097d0                io_button_down_init
 .text.io_button_mode_read
                0x00000000080097f8        0xc build_Zomwar-application/io_cfg.o
                0x00000000080097f8                io_button_mode_read
 .text.io_button_up_read
                0x0000000008009804       0x10 build_Zomwar-application/io_cfg.o
                0x0000000008009804                io_button_up_read
 .text.io_button_down_read
                0x0000000008009814        0xc build_Zomwar-application/io_cfg.o
                0x0000000008009814                io_button_down_read
 .text.led_life_init
                0x0000000008009820       0x28 build_Zomwar-application/io_cfg.o
                0x0000000008009820                led_life_init
 .text.led_life_on
                0x0000000008009848       0x10 build_Zomwar-application/io_cfg.o
                0x0000000008009848                led_life_on
 .text.led_life_off
                0x0000000008009858       0x10 build_Zomwar-application/io_cfg.o
                0x0000000008009858                led_life_off
 .text.flash_io_ctrl_init
                0x0000000008009868       0x28 build_Zomwar-application/io_cfg.o
                0x0000000008009868                flash_io_ctrl_init
 .text.flash_cs_low
                0x0000000008009890       0x10 build_Zomwar-application/io_cfg.o
                0x0000000008009890                flash_cs_low
 .text.flash_cs_high
                0x00000000080098a0       0x10 build_Zomwar-application/io_cfg.o
                0x00000000080098a0                flash_cs_high
 .text.flash_transfer
                0x00000000080098b0       0x98 build_Zomwar-application/io_cfg.o
                0x00000000080098b0                flash_transfer
 .text.io_cfg_adc1
                0x0000000008009948       0x48 build_Zomwar-application/io_cfg.o
                0x0000000008009948                io_cfg_adc1
 .text.adc_bat_io_cfg
                0x0000000008009990       0x2c build_Zomwar-application/io_cfg.o
                0x0000000008009990                adc_bat_io_cfg
 *fill*         0x00000000080099bc        0x4 
 .text.sys_ctr_get_vbat_voltage
                0x00000000080099c0       0x90 build_Zomwar-application/io_cfg.o
                0x00000000080099c0                sys_ctr_get_vbat_voltage
 .text.sys_ctr_get_mcu_temperature
                0x0000000008009a50       0x6c build_Zomwar-application/io_cfg.o
                0x0000000008009a50                sys_ctr_get_mcu_temperature
 .text.oled_clk_input_mode
                0x0000000008009abc       0x28 build_Zomwar-application/io_cfg.o
                0x0000000008009abc                oled_clk_input_mode
 .text.oled_clk_output_mode
                0x0000000008009ae4       0x28 build_Zomwar-application/io_cfg.o
                0x0000000008009ae4                oled_clk_output_mode
 .text.oled_clk_digital_write_low
                0x0000000008009b0c       0x10 build_Zomwar-application/io_cfg.o
                0x0000000008009b0c                oled_clk_digital_write_low
 .text.oled_clk_digital_write_high
                0x0000000008009b1c       0x10 build_Zomwar-application/io_cfg.o
                0x0000000008009b1c                oled_clk_digital_write_high
 .text.oled_data_input_mode
                0x0000000008009b2c       0x28 build_Zomwar-application/io_cfg.o
                0x0000000008009b2c                oled_data_input_mode
 .text.oled_data_output_mode
                0x0000000008009b54       0x28 build_Zomwar-application/io_cfg.o
                0x0000000008009b54                oled_data_output_mode
 .text.oled_data_digital_write_low
                0x0000000008009b7c       0x10 build_Zomwar-application/io_cfg.o
                0x0000000008009b7c                oled_data_digital_write_low
 .text.oled_data_digital_write_high
                0x0000000008009b8c       0x10 build_Zomwar-application/io_cfg.o
                0x0000000008009b8c                oled_data_digital_write_high
 .text.oled_res_input_mode
                0x0000000008009b9c       0x28 build_Zomwar-application/io_cfg.o
                0x0000000008009b9c                oled_res_input_mode
 .text.oled_res_output_mode
                0x0000000008009bc4       0x28 build_Zomwar-application/io_cfg.o
                0x0000000008009bc4                oled_res_output_mode
 .text.oled_res_digital_write_low
                0x0000000008009bec       0x10 build_Zomwar-application/io_cfg.o
                0x0000000008009bec                oled_res_digital_write_low
 .text.oled_res_digital_write_high
                0x0000000008009bfc       0x10 build_Zomwar-application/io_cfg.o
                0x0000000008009bfc                oled_res_digital_write_high
 .text.io_eeprom_read
                0x0000000008009c0c       0x34 build_Zomwar-application/io_cfg.o
                0x0000000008009c0c                io_eeprom_read
 .text.io_eeprom_write
                0x0000000008009c40       0x48 build_Zomwar-application/io_cfg.o
                0x0000000008009c40                io_eeprom_write
 .text.io_eeprom_erase
                0x0000000008009c88       0x4c build_Zomwar-application/io_cfg.o
                0x0000000008009c88                io_eeprom_erase
 .text.internal_flash_unlock
                0x0000000008009cd4       0x12 build_Zomwar-application/io_cfg.o
                0x0000000008009cd4                internal_flash_unlock
 .text.internal_flash_lock
                0x0000000008009ce6        0x4 build_Zomwar-application/io_cfg.o
                0x0000000008009ce6                internal_flash_lock
 .text.internal_flash_erase_pages_cal
                0x0000000008009cea       0x24 build_Zomwar-application/io_cfg.o
                0x0000000008009cea                internal_flash_erase_pages_cal
 .text.internal_flash_write_cal
                0x0000000008009d0e       0x48 build_Zomwar-application/io_cfg.o
                0x0000000008009d0e                internal_flash_write_cal
 *fill*         0x0000000008009d56        0x2 
 .text.io_uart2_cfg
                0x0000000008009d58       0xbc build_Zomwar-application/io_cfg.o
                0x0000000008009d58                io_uart2_cfg
 .text.io_uart_rs485_cfg
                0x0000000008009e14       0x78 build_Zomwar-application/io_cfg.o
                0x0000000008009e14                io_uart_rs485_cfg
 .text.io_rs485_dir_mode_output
                0x0000000008009e8c       0x30 build_Zomwar-application/io_cfg.o
                0x0000000008009e8c                io_rs485_dir_mode_output
 .text.io_rs485_dir_low
                0x0000000008009ebc        0xc build_Zomwar-application/io_cfg.o
                0x0000000008009ebc                io_rs485_dir_low
 .text.io_rs485_dir_high
                0x0000000008009ec8        0xc build_Zomwar-application/io_cfg.o
                0x0000000008009ec8                io_rs485_dir_high
 .text.SystemInit
                0x0000000008009ed4      0x114 build_Zomwar-application/system_stm32l1xx.o
                0x0000000008009ed4                SystemInit
 .text.SystemCoreClockUpdate
                0x0000000008009fe8       0x88 build_Zomwar-application/system_stm32l1xx.o
                0x0000000008009fe8                SystemCoreClockUpdate
 .text._Z27scr_es35sw_th_sensor_handleP8ak_msg_t
                0x000000000800a070       0xcc build_Zomwar-application/scr_es35sw_th_sensor.o
                0x000000000800a070                scr_es35sw_th_sensor_handle(ak_msg_t*)
 .text._ZL25view_scr_es35sw_th_sensorv
                0x000000000800a13c      0x16c build_Zomwar-application/scr_es35sw_th_sensor.o
 .text._ZL13view_scr_idlev
                0x000000000800a2a8       0x34 build_Zomwar-application/scr_idle.o
 .text._ZN4ballC2Ev
                0x000000000800a2dc       0x5e build_Zomwar-application/scr_idle.o
                0x000000000800a2dc                ball::ball()
                0x000000000800a2dc                ball::ball()
 *fill*         0x000000000800a33a        0x2 
 .text._ZNSt6vectorI4ballSaIS0_EE17_M_realloc_insertIJRKS0_EEEvN9__gnu_cxx17__normal_iteratorIPS0_S2_EEDpOT_
                0x000000000800a33c      0x110 build_Zomwar-application/scr_idle.o
                0x000000000800a33c                void std::vector<ball, std::allocator<ball> >::_M_realloc_insert<ball const&>(__gnu_cxx::__normal_iterator<ball*, std::vector<ball, std::allocator<ball> > >, ball const&)
 .text._ZNSt6vectorI4ballSaIS0_EE9push_backERKS0_
                0x000000000800a44c       0x2c build_Zomwar-application/scr_idle.o
                0x000000000800a44c                std::vector<ball, std::allocator<ball> >::push_back(ball const&)
 .text._Z15scr_idle_handleP8ak_msg_t
                0x000000000800a478      0x1b8 build_Zomwar-application/scr_idle.o
                0x000000000800a478                scr_idle_handle(ak_msg_t*)
 .text.startup._GLOBAL__sub_I_dyn_view_idle
                0x000000000800a630       0x10 build_Zomwar-application/scr_idle.o
 .text.exit._GLOBAL__sub_D_dyn_view_idle
                0x000000000800a640       0x10 build_Zomwar-application/scr_idle.o
 .text._Z15scr_info_handleP8ak_msg_t
                0x000000000800a650       0x64 build_Zomwar-application/scr_info.o
                0x000000000800a650                scr_info_handle(ak_msg_t*)
 .text._ZL13view_scr_infov
                0x000000000800a6b4       0x78 build_Zomwar-application/scr_info.o
 .text._Z28scr_lhio404_io_device_handleP8ak_msg_t
                0x000000000800a72c       0xcc build_Zomwar-application/scr_lhio404_io_device.o
                0x000000000800a72c                scr_lhio404_io_device_handle(ak_msg_t*)
 .text._ZL26view_scr_lhio404_io_devicev
                0x000000000800a7f8      0x140 build_Zomwar-application/scr_lhio404_io_device.o
 .text._ZL16view_scr_startupv
                0x000000000800a938       0x94 build_Zomwar-application/scr_startup.o
 .text._Z18scr_startup_handleP8ak_msg_t
                0x000000000800a9cc       0x98 build_Zomwar-application/scr_startup.o
                0x000000000800a9cc                scr_startup_handle(ak_msg_t*)
 .text._Z22zw_game_gunner_displayv
                0x000000000800aa64       0x44 build_Zomwar-application/scr_game_zomwar.o
                0x000000000800aa64                zw_game_gunner_display()
 .text._Z22zw_game_bullet_displayv
                0x000000000800aaa8       0x48 build_Zomwar-application/scr_game_zomwar.o
                0x000000000800aaa8                zw_game_bullet_display()
 .text._Z22zw_game_zombie_displayv
                0x000000000800aaf0       0x80 build_Zomwar-application/scr_game_zomwar.o
                0x000000000800aaf0                zw_game_zombie_display()
 .text._Z19zw_game_car_displayv
                0x000000000800ab70       0x80 build_Zomwar-application/scr_game_zomwar.o
                0x000000000800ab70                zw_game_car_display()
 .text._Z20zw_game_bang_displayv
                0x000000000800abf0       0x58 build_Zomwar-application/scr_game_zomwar.o
                0x000000000800abf0                zw_game_bang_display()
 .text._Z23zw_game_time_tick_setupv
                0x000000000800ac48        0xc build_Zomwar-application/scr_game_zomwar.o
                0x000000000800ac48                zw_game_time_tick_setup()
 .text._Z18scr_zw_game_handleP8ak_msg_t
                0x000000000800ac54       0xdc build_Zomwar-application/scr_game_zomwar.o
                0x000000000800ac54                scr_zw_game_handle(ak_msg_t*)
 .text._Z21zw_game_frame_displayv
                0x000000000800ad30       0x6c build_Zomwar-application/scr_game_zomwar.o
                0x000000000800ad30                zw_game_frame_display()
 .text._Z21zw_game_grass_displayv
                0x000000000800ad9c       0x5c build_Zomwar-application/scr_game_zomwar.o
                0x000000000800ad9c                zw_game_grass_display()
 .text._ZL20view_scr_game_zomwarv
                0x000000000800adf8       0x44 build_Zomwar-application/scr_game_zomwar.o
 .text._Z20scr_game_menu_handleP8ak_msg_t
                0x000000000800ae3c      0x110 build_Zomwar-application/scr_game_menu.o
                0x000000000800ae3c                scr_game_menu_handle(ak_msg_t*)
 .text._ZL18view_scr_game_menuv
                0x000000000800af4c       0xc0 build_Zomwar-application/scr_game_menu.o
 .text._Z23scr_game_setting_handleP8ak_msg_t
                0x000000000800b00c       0xe0 build_Zomwar-application/scr_game_setting.o
                0x000000000800b00c                scr_game_setting_handle(ak_msg_t*)
 .text._ZL21view_scr_game_settingv
                0x000000000800b0ec      0x1d8 build_Zomwar-application/scr_game_setting.o
 .text._ZL18view_scr_game_rankv
                0x000000000800b2c4      0x150 build_Zomwar-application/scr_game_rank.o
 .text._Z20scr_game_rank_handleP8ak_msg_t
                0x000000000800b414      0x148 build_Zomwar-application/scr_game_rank.o
                0x000000000800b414                scr_game_rank_handle(ak_msg_t*)
 .text._Z21zw_game_gunner_handleP8ak_msg_t
                0x000000000800b55c       0xa0 build_Zomwar-application/zw_game_gunner.o
                0x000000000800b55c                zw_game_gunner_handle(ak_msg_t*)
 .text._Z21zw_game_bullet_handleP8ak_msg_t
                0x000000000800b5fc       0xd8 build_Zomwar-application/zw_game_bullet.o
                0x000000000800b5fc                zw_game_bullet_handle(ak_msg_t*)
 .text._Z18zw_game_car_handleP8ak_msg_t
                0x000000000800b6d4       0x80 build_Zomwar-application/zw_game_car.o
                0x000000000800b6d4                zw_game_car_handle(ak_msg_t*)
 .text._Z15bang_alloc_slotv
                0x000000000800b754       0x1c build_Zomwar-application/zw_game_bang.o
                0x000000000800b754                bang_alloc_slot()
 .text._Z19zw_game_bang_handleP8ak_msg_t
                0x000000000800b770       0x90 build_Zomwar-application/zw_game_bang.o
                0x000000000800b770                zw_game_bang_handle(ak_msg_t*)
 .text._Z21zw_game_zombie_handleP8ak_msg_t
                0x000000000800b800      0x2f8 build_Zomwar-application/zw_game_zombie.o
                0x000000000800b800                zw_game_zombie_handle(ak_msg_t*)
 .text._Z11task_systemP8ak_msg_t
                0x000000000800baf8       0x44 build_Zomwar-application/task_system.o
                0x000000000800baf8                task_system(ak_msg_t*)
 .text.main_app
                0x000000000800bb3c      0x29c build_Zomwar-application/app.o
                0x000000000800bb3c                main_app
 .text._Z19task_polling_zigbeev
                0x000000000800bdd8        0x2 build_Zomwar-application/app.o
                0x000000000800bdd8                task_polling_zigbee()
 *fill*         0x000000000800bdda        0x2 
 .text._Z20task_polling_consolev
                0x000000000800bddc       0xd8 build_Zomwar-application/app.o
                0x000000000800bddc                task_polling_console()
 .text.sys_irq_timer_10ms
                0x000000000800beb4       0x24 build_Zomwar-application/app.o
                0x000000000800beb4                sys_irq_timer_10ms
 .text._Z17btn_mode_callbackPv
                0x000000000800bed8       0x3c build_Zomwar-application/app_bsp.o
                0x000000000800bed8                btn_mode_callback(void*)
 .text._Z15btn_up_callbackPv
                0x000000000800bf14       0x44 build_Zomwar-application/app_bsp.o
                0x000000000800bf14                btn_up_callback(void*)
 .text._Z17btn_down_callbackPv
                0x000000000800bf58       0x44 build_Zomwar-application/app_bsp.o
                0x000000000800bf58                btn_down_callback(void*)
 .text._Z22updateDataModbusDeviceP21ModbusDeviceStructure
                0x000000000800bf9c       0xc4 build_Zomwar-application/app_modbus_pull.o
                0x000000000800bf9c                updateDataModbusDevice(ModbusDeviceStructure*)
 .text.zw_game_setting_read
                0x000000000800c060       0x5c build_Zomwar-application/app_eeprom.o
                0x000000000800c060                zw_game_setting_read
 .text.zw_game_setting_write
                0x000000000800c0bc       0x44 build_Zomwar-application/app_eeprom.o
                0x000000000800c0bc                zw_game_setting_write
 .text._ZL19str_parser_get_attrh
                0x000000000800c100       0x1c build_Zomwar-application/shell.o
 .text._Z9shell_sttPh
                0x000000000800c11c        0x4 build_Zomwar-application/shell.o
                0x000000000800c11c                shell_stt(unsigned char*)
 .text._Z9shell_psvPh
                0x000000000800c120       0x14 build_Zomwar-application/shell.o
                0x000000000800c120                shell_psv(unsigned char*)
 .text._Z11shell_resetPh
                0x000000000800c134       0x10 build_Zomwar-application/shell.o
                0x000000000800c134                shell_reset(unsigned char*)
 .text._Z10shell_helpPh
                0x000000000800c144       0x30 build_Zomwar-application/shell.o
                0x000000000800c144                shell_help(unsigned char*)
 .text._Z9shell_verPh
                0x000000000800c174      0x118 build_Zomwar-application/shell.o
                0x000000000800c174                shell_ver(unsigned char*)
 .text._Z12shell_rebootPh
                0x000000000800c28c       0x10 build_Zomwar-application/shell.o
                0x000000000800c28c                shell_reboot(unsigned char*)
 .text._ZL10str_parserPc
                0x000000000800c29c       0x60 build_Zomwar-application/shell.o
 .text._Z11shell_fatalPh
                0x000000000800c2fc      0x2f4 build_Zomwar-application/shell.o
                0x000000000800c2fc                shell_fatal(unsigned char*)
 .text._Z11shell_flashPh
                0x000000000800c5f0      0x150 build_Zomwar-application/shell.o
                0x000000000800c5f0                shell_flash(unsigned char*)
 .text._Z9shell_epsPh
                0x000000000800c740       0xd0 build_Zomwar-application/shell.o
                0x000000000800c740                shell_eps(unsigned char*)
 .text._Z9shell_ramPh
                0x000000000800c810      0x20c build_Zomwar-application/shell.o
                0x000000000800c810                shell_ram(unsigned char*)
 .text._Z10shell_bootPh
                0x000000000800ca1c       0xdc build_Zomwar-application/shell.o
                0x000000000800ca1c                shell_boot(unsigned char*)
 .text._Z9shell_fwuPh
                0x000000000800caf8       0x34 build_Zomwar-application/shell.o
                0x000000000800caf8                shell_fwu(unsigned char*)
 .text._Z12shell_buzzerPh
                0x000000000800cb2c       0x88 build_Zomwar-application/shell.o
                0x000000000800cb2c                shell_buzzer(unsigned char*)
 .text._Z9shell_dbgPh
                0x000000000800cbb4       0x38 build_Zomwar-application/shell.o
                0x000000000800cbb4                shell_dbg(unsigned char*)
 .text._Z12shell_modbusPh
                0x000000000800cbec       0xe0 build_Zomwar-application/shell.o
                0x000000000800cbec                shell_modbus(unsigned char*)
 .text._Z9shell_epiPh
                0x000000000800cccc        0x4 build_Zomwar-application/shell.o
                0x000000000800cccc                shell_epi(unsigned char*)
 .text._Z9shell_lcdPh
                0x000000000800ccd0      0x15c build_Zomwar-application/shell.o
                0x000000000800ccd0                shell_lcd(unsigned char*)
 .text.sys_irq_shell
                0x000000000800ce2c       0x2c build_Zomwar-application/task_shell.o
                0x000000000800ce2c                sys_irq_shell
 .text._Z10task_shellP8ak_msg_t
                0x000000000800ce58       0x7c build_Zomwar-application/task_shell.o
                0x000000000800ce58                task_shell(ak_msg_t*)
 .text._Z9task_lifeP8ak_msg_t
                0x000000000800ced4       0x20 build_Zomwar-application/task_life.o
                0x000000000800ced4                task_life(ak_msg_t*)
 .text._Z7task_fwP8ak_msg_t
                0x000000000800cef4      0x490 build_Zomwar-application/task_fw.o
                0x000000000800cef4                task_fw(ak_msg_t*)
 .text._Z12task_displayP8ak_msg_t
                0x000000000800d384        0x4 build_Zomwar-application/task_display.o
                0x000000000800d384                task_display(ak_msg_t*)
 .text._Z7task_ifP8ak_msg_t
                0x000000000800d388       0xe4 build_Zomwar-application/task_if.o
                0x000000000800d388                task_if(ak_msg_t*)
 .text._Z12task_rf24_ifP8ak_msg_t
                0x000000000800d46c        0x2 build_Zomwar-application/task_rf24_if.o
                0x000000000800d46c                task_rf24_if(ak_msg_t*)
 *fill*         0x000000000800d46e        0x2 
 .text._Z12task_uart_ifP8ak_msg_t
                0x000000000800d470       0xc0 build_Zomwar-application/task_uart_if.o
                0x000000000800d470                task_uart_if(ak_msg_t*)
 .text._Z8task_dbgP8ak_msg_t
                0x000000000800d530        0x2 build_Zomwar-application/task_dbg.o
                0x000000000800d530                task_dbg(ak_msg_t*)
 .text._ZL19view_render_dynamicPv
                0x000000000800d532        0xa build_Zomwar-application/view_render.o
 .text._Z22view_render_display_onv
                0x000000000800d53c        0xc build_Zomwar-application/view_render.o
                0x000000000800d53c                view_render_display_on()
 .text.startup._GLOBAL__sub_I_view_render
                0x000000000800d548        0xc build_Zomwar-application/view_render.o
 .text.exit._GLOBAL__sub_D_view_render
                0x000000000800d554        0xc build_Zomwar-application/view_render.o
 .text._Z18view_render_screenP13view_screen_t
                0x000000000800d560       0x68 build_Zomwar-application/view_render.o
                0x000000000800d560                view_render_screen(view_screen_t*)
 .text._ZL21view_render_rectanglePv
                0x000000000800d5c8       0xe8 build_Zomwar-application/view_render.o
 .text._Z12scr_mng_ctorP9scr_mng_tPFvP8ak_msg_tEP13view_screen_t
                0x000000000800d6b0       0x20 build_Zomwar-application/screen_manager.o
                0x000000000800d6b0                scr_mng_ctor(scr_mng_t*, void (*)(ak_msg_t*), view_screen_t*)
 .text._Z16scr_mng_dispatchP8ak_msg_t
                0x000000000800d6d0       0x48 build_Zomwar-application/screen_manager.o
                0x000000000800d6d0                scr_mng_dispatch(ak_msg_t*)
 .text._Z12scr_mng_tranPFvP8ak_msg_tEP13view_screen_t
                0x000000000800d718       0x44 build_Zomwar-application/screen_manager.o
                0x000000000800d718                scr_mng_tran(void (*)(ak_msg_t*), view_screen_t*)
 .text._Z39scr_mng_contain_screen_none_update_markv
                0x000000000800d75c        0xc build_Zomwar-application/screen_manager.o
                0x000000000800d75c                scr_mng_contain_screen_none_update_mark()
 .text._ZN12Adafruit_GFX8drawLineEsssst
                0x000000000800d768       0xbe build_Zomwar-application/Adafruit_GFX.o
                0x000000000800d768                Adafruit_GFX::drawLine(short, short, short, short, unsigned short)
 .text._ZN12Adafruit_GFX8drawRectEsssst
                0x000000000800d826       0x68 build_Zomwar-application/Adafruit_GFX.o
                0x000000000800d826                Adafruit_GFX::drawRect(short, short, short, short, unsigned short)
 .text._ZN12Adafruit_GFX13drawFastVLineEssst
                0x000000000800d88e       0x1c build_Zomwar-application/Adafruit_GFX.o
                0x000000000800d88e                Adafruit_GFX::drawFastVLine(short, short, short, unsigned short)
 .text._ZN12Adafruit_GFX13drawFastHLineEssst
                0x000000000800d8aa       0x1a build_Zomwar-application/Adafruit_GFX.o
                0x000000000800d8aa                Adafruit_GFX::drawFastHLine(short, short, short, unsigned short)
 .text._ZN12Adafruit_GFX8fillRectEsssst
                0x000000000800d8c4       0x38 build_Zomwar-application/Adafruit_GFX.o
                0x000000000800d8c4                Adafruit_GFX::fillRect(short, short, short, short, unsigned short)
 .text._ZN12Adafruit_GFX10fillScreenEt
                0x000000000800d8fc       0x1c build_Zomwar-application/Adafruit_GFX.o
                0x000000000800d8fc                Adafruit_GFX::fillScreen(unsigned short)
 .text._ZN12Adafruit_GFXC2Ess
                0x000000000800d918       0x28 build_Zomwar-application/Adafruit_GFX.o
                0x000000000800d918                Adafruit_GFX::Adafruit_GFX(short, short)
                0x000000000800d918                Adafruit_GFX::Adafruit_GFX(short, short)
 .text._ZN12Adafruit_GFX10drawCircleEssst
                0x000000000800d940      0x172 build_Zomwar-application/Adafruit_GFX.o
                0x000000000800d940                Adafruit_GFX::drawCircle(short, short, short, unsigned short)
 .text._ZN12Adafruit_GFX16drawCircleHelperEsssht
                0x000000000800dab2      0x17a build_Zomwar-application/Adafruit_GFX.o
                0x000000000800dab2                Adafruit_GFX::drawCircleHelper(short, short, short, unsigned char, unsigned short)
 .text._ZN12Adafruit_GFX16fillCircleHelperEssshst
                0x000000000800dc2c      0x124 build_Zomwar-application/Adafruit_GFX.o
                0x000000000800dc2c                Adafruit_GFX::fillCircleHelper(short, short, short, unsigned char, short, unsigned short)
 .text._ZN12Adafruit_GFX13drawRoundRectEssssst
                0x000000000800dd50      0x10e build_Zomwar-application/Adafruit_GFX.o
                0x000000000800dd50                Adafruit_GFX::drawRoundRect(short, short, short, short, short, unsigned short)
 .text._ZN12Adafruit_GFX13fillRoundRectEssssst
                0x000000000800de5e       0x88 build_Zomwar-application/Adafruit_GFX.o
                0x000000000800de5e                Adafruit_GFX::fillRoundRect(short, short, short, short, short, unsigned short)
 .text._ZN12Adafruit_GFX10drawBitmapEssPKhsst
                0x000000000800dee6       0x92 build_Zomwar-application/Adafruit_GFX.o
                0x000000000800dee6                Adafruit_GFX::drawBitmap(short, short, unsigned char const*, short, short, unsigned short)
 .text._ZN12Adafruit_GFX8drawCharEsshtth
                0x000000000800df78      0x108 build_Zomwar-application/Adafruit_GFX.o
                0x000000000800df78                Adafruit_GFX::drawChar(short, short, unsigned char, unsigned short, unsigned short, unsigned char)
 .text._ZN12Adafruit_GFX5writeEh
                0x000000000800e080       0x64 build_Zomwar-application/Adafruit_GFX.o
                0x000000000800e080                Adafruit_GFX::write(unsigned char)
 .text._ZN12Adafruit_GFX9setCursorEss
                0x000000000800e0e4        0x6 build_Zomwar-application/Adafruit_GFX.o
                0x000000000800e0e4                Adafruit_GFX::setCursor(short, short)
 .text._ZN12Adafruit_GFX11setTextSizeEh
                0x000000000800e0ea        0xa build_Zomwar-application/Adafruit_GFX.o
                0x000000000800e0ea                Adafruit_GFX::setTextSize(unsigned char)
 .text._ZN12Adafruit_GFX12setTextColorEt
                0x000000000800e0f4        0x6 build_Zomwar-application/Adafruit_GFX.o
                0x000000000800e0f4                Adafruit_GFX::setTextColor(unsigned short)
 .text._ZN12Adafruit_GFX5widthEv
                0x000000000800e0fa        0x6 build_Zomwar-application/Adafruit_GFX.o
                0x000000000800e0fa                Adafruit_GFX::width()
 .text._ZN12Adafruit_GFX6heightEv
                0x000000000800e100        0x6 build_Zomwar-application/Adafruit_GFX.o
                0x000000000800e100                Adafruit_GFX::height()
 .text._ZN17Adafruit_oled_drv9updateRowEii
                0x000000000800e106       0x1e build_Zomwar-application/Adafruit_oled_drv.o
                0x000000000800e106                Adafruit_oled_drv::updateRow(int, int)
 .text._ZN17Adafruit_oled_drv9drawPixelEsst
                0x000000000800e124       0x52 build_Zomwar-application/Adafruit_oled_drv.o
                0x000000000800e124                Adafruit_oled_drv::drawPixel(short, short, unsigned short)
 *fill*         0x000000000800e176        0x2 
 .text._ZN17Adafruit_oled_drvC2Ev
                0x000000000800e178       0x28 build_Zomwar-application/Adafruit_oled_drv.o
                0x000000000800e178                Adafruit_oled_drv::Adafruit_oled_drv()
                0x000000000800e178                Adafruit_oled_drv::Adafruit_oled_drv()
 .text._ZN17Adafruit_oled_drvD2Ev
                0x000000000800e1a0        0x2 build_Zomwar-application/Adafruit_oled_drv.o
                0x000000000800e1a0                Adafruit_oled_drv::~Adafruit_oled_drv()
                0x000000000800e1a0                Adafruit_oled_drv::~Adafruit_oled_drv()
 .text._ZN17Adafruit_oled_drv5clearEb
                0x000000000800e1a2       0x22 build_Zomwar-application/Adafruit_oled_drv.o
                0x000000000800e1a2                Adafruit_oled_drv::clear(bool)
 .text._ZN17Adafruit_oled_drv9writeByteEh
                0x000000000800e1c4       0x54 build_Zomwar-application/Adafruit_oled_drv.o
                0x000000000800e1c4                Adafruit_oled_drv::writeByte(unsigned char)
 .text._ZN17Adafruit_oled_drv8startIICEv
                0x000000000800e218       0x2c build_Zomwar-application/Adafruit_oled_drv.o
                0x000000000800e218                Adafruit_oled_drv::startIIC()
 .text._ZN17Adafruit_oled_drv7stopIICEv
                0x000000000800e244       0x2c build_Zomwar-application/Adafruit_oled_drv.o
                0x000000000800e244                Adafruit_oled_drv::stopIIC()
 .text._ZN17Adafruit_oled_drv12writeCommandEh
                0x000000000800e270       0x2c build_Zomwar-application/Adafruit_oled_drv.o
                0x000000000800e270                Adafruit_oled_drv::writeCommand(unsigned char)
 .text._ZN17Adafruit_oled_drv10initializeEv
                0x000000000800e29c      0x120 build_Zomwar-application/Adafruit_oled_drv.o
                0x000000000800e29c                Adafruit_oled_drv::initialize()
 .text._ZN17Adafruit_oled_drv10display_onEv
                0x000000000800e3bc        0x6 build_Zomwar-application/Adafruit_oled_drv.o
                0x000000000800e3bc                Adafruit_oled_drv::display_on()
 .text._ZN17Adafruit_oled_drv11display_offEv
                0x000000000800e3c2        0x6 build_Zomwar-application/Adafruit_oled_drv.o
                0x000000000800e3c2                Adafruit_oled_drv::display_off()
 .text._ZN17Adafruit_oled_drv17startDataSequenceEv
                0x000000000800e3c8       0x1c build_Zomwar-application/Adafruit_oled_drv.o
                0x000000000800e3c8                Adafruit_oled_drv::startDataSequence()
 .text._ZN17Adafruit_oled_drv6updateEv
                0x000000000800e3e4       0x4e build_Zomwar-application/Adafruit_oled_drv.o
                0x000000000800e3e4                Adafruit_oled_drv::update()
 .text._ZN17Adafruit_oled_drv9updateRowEi
                0x000000000800e432       0x6c build_Zomwar-application/Adafruit_oled_drv.o
                0x000000000800e432                Adafruit_oled_drv::updateRow(int)
 .text.eeprom_read
                0x000000000800e49e        0x4 build_Zomwar-application/eeprom.o
                0x000000000800e49e                eeprom_read
 .text.eeprom_write
                0x000000000800e4a2        0x4 build_Zomwar-application/eeprom.o
                0x000000000800e4a2                eeprom_write
 .text.eeprom_erase
                0x000000000800e4a6        0x4 build_Zomwar-application/eeprom.o
                0x000000000800e4a6                eeprom_erase
 .text._ZL19link_hal_write_byteh
                0x000000000800e4aa        0x2 build_Zomwar-application/link_hal.o
 .text._ZL17link_hal_rev_byteh
                0x000000000800e4ac        0x4 build_Zomwar-application/link_hal.o
 .text._Z23link_hal_reg_write_bytePFhhE
                0x000000000800e4b0       0x28 build_Zomwar-application/link_hal.o
                0x000000000800e4b0                link_hal_reg_write_byte(unsigned char (*)(unsigned char))
 .text._Z21link_hal_reg_rev_bytePFhhE
                0x000000000800e4d8       0x28 build_Zomwar-application/link_hal.o
                0x000000000800e4d8                link_hal_reg_rev_byte(unsigned char (*)(unsigned char))
 .text._ZL21fsm_link_state_handleP8ak_msg_t
                0x000000000800e500      0x2b0 build_Zomwar-application/link.o
 .text._ZL19fsm_link_state_initP8ak_msg_t
                0x000000000800e7b0       0x80 build_Zomwar-application/link.o
 .text._Z9task_linkP8ak_msg_t
                0x000000000800e830        0xc build_Zomwar-application/link.o
                0x000000000800e830                task_link(ak_msg_t*)
 .text._Z23link_init_state_machinev
                0x000000000800e83c       0x2c build_Zomwar-application/link.o
                0x000000000800e83c                link_init_state_machine()
 .text._ZL23link_mac_frame_send_reqv
                0x000000000800e868       0x3c build_Zomwar-application/link_mac.o
 .text._ZL23link_mac_frame_send_endv
                0x000000000800e8a4       0x34 build_Zomwar-application/link_mac.o
 .text._ZL28link_mac_frame_cals_checksumP16link_mac_frame_t.constprop.0
                0x000000000800e8d8       0x38 build_Zomwar-application/link_mac.o
 .text._Z25fsm_link_mac_state_handleP8ak_msg_t
                0x000000000800e910      0x2b8 build_Zomwar-application/link_mac.o
                0x000000000800e910                fsm_link_mac_state_handle(ak_msg_t*)
 .text._Z13task_link_macP8ak_msg_t
                0x000000000800ebc8        0xc build_Zomwar-application/link_mac.o
                0x000000000800ebc8                task_link_mac(ak_msg_t*)
 .text._Z23fsm_link_mac_state_initP8ak_msg_t
                0x000000000800ebd4       0x88 build_Zomwar-application/link_mac.o
                0x000000000800ebd4                fsm_link_mac_state_init(ak_msg_t*)
 .text._ZL26link_phy_frame_write_blockPhm
                0x000000000800ec5c       0x1c build_Zomwar-application/link_phy.o
 .text._ZL20link_phy_frame_writeP16link_phy_frame_t
                0x000000000800ec78       0x1c build_Zomwar-application/link_phy.o
 .text._ZL28link_phy_frame_cals_checksumP16link_phy_frame_t
                0x000000000800ec94       0x38 build_Zomwar-application/link_phy.o
 .text._ZL25link_phy_frame_write_byteh
                0x000000000800eccc        0xc build_Zomwar-application/link_phy.o
 .text._ZL26ac_link_phy_frame_rev_byteh
                0x000000000800ecd8      0x100 build_Zomwar-application/link_phy.o
 .text._ZL19link_phy_frame_sendv
                0x000000000800edd8       0x2c build_Zomwar-application/link_phy.o
 .text._Z25fsm_link_phy_state_handleP8ak_msg_t
                0x000000000800ee04      0x1f0 build_Zomwar-application/link_phy.o
                0x000000000800ee04                fsm_link_phy_state_handle(ak_msg_t*)
 .text._Z13task_link_phyP8ak_msg_t
                0x000000000800eff4        0xc build_Zomwar-application/link_phy.o
                0x000000000800eff4                task_link_phy(ak_msg_t*)
 .text._Z23fsm_link_phy_state_initP8ak_msg_t
                0x000000000800f000       0x90 build_Zomwar-application/link_phy.o
                0x000000000800f000                fsm_link_phy_state_init(ak_msg_t*)
 .text._Z26link_phy_get_send_frame_tov
                0x000000000800f090       0x10 build_Zomwar-application/link_phy.o
                0x000000000800f090                link_phy_get_send_frame_to()
 .text._Z13link_pdu_initv
                0x000000000800f0a0       0x54 build_Zomwar-application/link_data.o
                0x000000000800f0a0                link_pdu_init()
 .text._Z15link_pdu_mallocv
                0x000000000800f0f4       0x24 build_Zomwar-application/link_data.o
                0x000000000800f0f4                link_pdu_malloc()
 .text._Z12link_pdu_getm
                0x000000000800f118       0x3c build_Zomwar-application/link_data.o
                0x000000000800f118                link_pdu_get(unsigned long)
 .text._Z13link_pdu_freem
                0x000000000800f154       0x4c build_Zomwar-application/link_data.o
                0x000000000800f154                link_pdu_free(unsigned long)
 .text._Z17link_get_src_addrv
                0x000000000800f1a0       0x18 build_Zomwar-application/link_data.o
                0x000000000800f1a0                link_get_src_addr()
 .text._Z17link_get_des_addrv
                0x000000000800f1b8       0x18 build_Zomwar-application/link_data.o
                0x000000000800f1b8                link_get_des_addr()
 .text._Z7pinModehh
                0x000000000800f1d0       0x84 build_Zomwar-application/wiring_digital.o
                0x000000000800f1d0                pinMode(unsigned char, unsigned char)
 .text._Z12digitalWritehh
                0x000000000800f254       0x78 build_Zomwar-application/wiring_digital.o
                0x000000000800f254                digitalWrite(unsigned char, unsigned char)
 .text._ZN5Print5writeEPKhj
                0x000000000800f2cc       0x22 build_Zomwar-application/Print.o
                0x000000000800f2cc                Print::write(unsigned char const*, unsigned int)
 .text._ZN5Print5writeEPKc
                0x000000000800f2ee       0x20 build_Zomwar-application/Print.o
                0x000000000800f2ee                Print::write(char const*)
 .text._ZN5Print5printEPKc
                0x000000000800f30e        0x8 build_Zomwar-application/Print.o
                0x000000000800f30e                Print::print(char const*)
 .text._ZN5Print11printNumberEmh
                0x000000000800f316       0x3a build_Zomwar-application/Print.o
                0x000000000800f316                Print::printNumber(unsigned long, unsigned char)
 .text._ZN5Print5printEmi
                0x000000000800f350       0x16 build_Zomwar-application/Print.o
                0x000000000800f350                Print::print(unsigned long, int)
 .text._ZN5Print5printEhi
                0x000000000800f366        0x4 build_Zomwar-application/Print.o
                0x000000000800f366                Print::print(unsigned char, int)
 .text._ZN14HardwareSerial9availableEv
                0x000000000800f36a        0xa build_Zomwar-application/HardwareSerial.o
                0x000000000800f36a                HardwareSerial::available()
 .text._ZN14HardwareSerial4peekEv
                0x000000000800f374       0x14 build_Zomwar-application/HardwareSerial.o
                0x000000000800f374                HardwareSerial::peek()
 .text._ZN14HardwareSerial4readEv
                0x000000000800f388       0x20 build_Zomwar-application/HardwareSerial.o
                0x000000000800f388                HardwareSerial::read()
 .text._ZN14HardwareSerial5flushEv
                0x000000000800f3a8        0x2 build_Zomwar-application/HardwareSerial.o
                0x000000000800f3a8                HardwareSerial::flush()
 .text._ZN14HardwareSerial17availableForWriteEv
                0x000000000800f3aa       0x26 build_Zomwar-application/HardwareSerial.o
                0x000000000800f3aa                HardwareSerial::availableForWrite()
 .text._ZN14HardwareSerial5writeEh
                0x000000000800f3d0       0x30 build_Zomwar-application/HardwareSerial.o
                0x000000000800f3d0                HardwareSerial::write(unsigned char)
 .text._ZL20serial2_trigger_putcv
                0x000000000800f400       0x10 build_Zomwar-application/HardwareSerial2.o
 .text.startup._GLOBAL__sub_I_Serial2
                0x000000000800f410       0x34 build_Zomwar-application/HardwareSerial2.o
 .text._ZN8SPIClass9io_configEv
                0x000000000800f444       0x68 build_Zomwar-application/SPI.o
                0x000000000800f444                SPIClass::io_config()
 .text._ZN8SPIClass5beginEv
                0x000000000800f4ac       0xd0 build_Zomwar-application/SPI.o
                0x000000000800f4ac                SPIClass::begin()
 .text.startup._GLOBAL__sub_I__ZN8SPIClassC2Ev
                0x000000000800f57c       0x14 build_Zomwar-application/SPI.o
 .text._ZN7TwoWire9availableEv
                0x000000000800f590       0x14 build_Zomwar-application/Wire.o
                0x000000000800f590                TwoWire::available()
 .text._ZN7TwoWire4readEv
                0x000000000800f5a4       0x28 build_Zomwar-application/Wire.o
                0x000000000800f5a4                TwoWire::read()
 .text._ZN7TwoWire4peekEv
                0x000000000800f5cc       0x24 build_Zomwar-application/Wire.o
                0x000000000800f5cc                TwoWire::peek()
 .text._ZN7TwoWire5flushEv
                0x000000000800f5f0        0x2 build_Zomwar-application/Wire.o
                0x000000000800f5f0                TwoWire::flush()
 *fill*         0x000000000800f5f2        0x2 
 .text._ZN7TwoWire5writeEh
                0x000000000800f5f4       0x54 build_Zomwar-application/Wire.o
                0x000000000800f5f4                TwoWire::write(unsigned char)
 .text._ZN7TwoWire5writeEPKhj
                0x000000000800f648       0x34 build_Zomwar-application/Wire.o
                0x000000000800f648                TwoWire::write(unsigned char const*, unsigned int)
 .text.startup._GLOBAL__sub_I__ZN7TwoWire8rxBufferE
                0x000000000800f67c       0x1c build_Zomwar-application/Wire.o
 .text._Z12twi_transmitPKhh
                0x000000000800f698       0x44 build_Zomwar-application/twi.o
                0x000000000800f698                twi_transmit(unsigned char const*, unsigned char)
 .text.__cxa_pure_virtual
                0x000000000800f6dc       0x1c build_Zomwar-application/mini_cpp.o
                0x000000000800f6dc                __cxa_pure_virtual
 .text._Znwj    0x000000000800f6f8        0x4 build_Zomwar-application/mini_cpp.o
                0x000000000800f6f8                operator new(unsigned int)
 .text._ZdlPv   0x000000000800f6fc        0x4 build_Zomwar-application/mini_cpp.o
                0x000000000800f6fc                operator delete(void*)
 .text._sbrk    0x000000000800f700       0x1c build_Zomwar-application/mini_cpp.o
                0x000000000800f700                _sbrk
 .text.malloc   0x000000000800f71c       0x10 /home/phuoc/Workspace/Tools/gcc-arm-none-eabi-10.3-2021.10-x86_64-linux/gcc-arm-none-eabi-10.3-2021.10/arm-none-eabi/lib/thumb/v7-m/nofp/libc.a(lib_a-malloc.o)
                0x000000000800f71c                malloc
 .text.free     0x000000000800f72c       0x10 /home/phuoc/Workspace/Tools/gcc-arm-none-eabi-10.3-2021.10-x86_64-linux/gcc-arm-none-eabi-10.3-2021.10/arm-none-eabi/lib/thumb/v7-m/nofp/libc.a(lib_a-malloc.o)