Archive member included to satisfy reference by file (symbol)

/home/ctp/Workspace/Tools/gcc-arm-none-eabi-10.3-2021.10-x86_64-linux/gcc-arm-none-eabi-10.3-2021.10/arm-none-eabi/lib/thumb/v7-m/nofp/libc.a(lib_a-atof.o)
                              build_Zomwar-application/WString.o (atof)
/home/ctp/Workspace/Tools/gcc-arm-none-eabi-10.3-2021.10-x86_64-linux/gcc-arm-none-eabi-10.3-2021.10/arm-none-eabi/lib/thumb/v7-m/nofp/libc.a(lib_a-atol.o)
                              build_Zomwar-application/WString.o (atol)
/home/ctp/Workspace/Tools/gcc-arm-none-eabi-10.3-2021.10-x86_64-linux/gcc-arm-none-eabi-10.3-2021.10/arm-none-eabi/lib/thumb/v7-m/nofp/libc.a(lib_a-isspace.o)
                              build_Zomwar-application/WString.o (isspace)
/home/ctp/Workspace/Tools/gcc-arm-none-eabi-10.3-2021.10-x86_64-linux/gcc-arm-none-eabi-10.3-2021.10/arm-none-eabi/lib/thumb/v7-m/nofp/libc.a(lib_a-malloc.o)
                              build_Zomwar-application/message.o (malloc)
/home/ctp/Workspace/Tools/gcc-arm-none-eabi-10.3-2021.10-x86_64-linux/gcc-arm-none-eabi-10.3-2021.10/arm-none-eabi/lib/thumb/v7-m/nofp/libc.a(lib_a-mallocr.o)
                              /home/ctp/Workspace/Tools/gcc-arm-none-eabi-10.3-2021.10-x86_64-linux/gcc-arm-none-eabi-10.3-2021.10/arm-none-eabi/lib/thumb/v7-m/nofp/libc.a(lib_a-malloc.o) (_malloc_r)
/home/ctp/Workspace/Tools/gcc-arm-none-eabi-10.3-2021.10-x86_64-linux/gcc-arm-none-eabi-10.3-2021.10/arm-none-eabi/lib/thumb/v7-m/nofp/libc.a(lib_a-memcmp.o)
                              build_Zomwar-application/mbmfuncfiles.o (memcmp)
/home/ctp/Workspace/Tools/gcc-arm-none-eabi-10.3-2021.10-x86_64-linux/gcc-arm-none-eabi-10.3-2021.10/arm-none-eabi/lib/thumb/v7-m/nofp/libc.a(lib_a-memcpy.o)
                              build_Zomwar-application/message.o (memcpy)
/home/ctp/Workspace/Tools/gcc-arm-none-eabi-10.3-2021.10-x86_64-linux/gcc-arm-none-eabi-10.3-2021.10/arm-none-eabi/lib/thumb/v7-m/nofp/libc.a(lib_a-memmove.o)
                              build_Zomwar-application/WString.o (memmove)
/home/ctp/Workspace/Tools/gcc-arm-none-eabi-10.3-2021.10-x86_64-linux/gcc-arm-none-eabi-10.3-2021.10/arm-none-eabi/lib/thumb/v7-m/nofp/libc.a(lib_a-memset.o)
                              build_Zomwar-application/task.o (memset)
/home/ctp/Workspace/Tools/gcc-arm-none-eabi-10.3-2021.10-x86_64-linux/gcc-arm-none-eabi-10.3-2021.10/arm-none-eabi/lib/thumb/v7-m/nofp/libc.a(lib_a-mlock.o)
                              /home/ctp/Workspace/Tools/gcc-arm-none-eabi-10.3-2021.10-x86_64-linux/gcc-arm-none-eabi-10.3-2021.10/arm-none-eabi/lib/thumb/v7-m/nofp/libc.a(lib_a-mallocr.o) (__malloc_lock)
/home/ctp/Workspace/Tools/gcc-arm-none-eabi-10.3-2021.10-x86_64-linux/gcc-arm-none-eabi-10.3-2021.10/arm-none-eabi/lib/thumb/v7-m/nofp/libc.a(lib_a-rand.o)
                              build_Zomwar-application/WMath.o (srand)
/home/ctp/Workspace/Tools/gcc-arm-none-eabi-10.3-2021.10-x86_64-linux/gcc-arm-none-eabi-10.3-2021.10/arm-none-eabi/lib/thumb/v7-m/nofp/libc.a(lib_a-realloc.o)
                              build_Zomwar-application/WString.o (realloc)
/home/ctp/Workspace/Tools/gcc-arm-none-eabi-10.3-2021.10-x86_64-linux/gcc-arm-none-eabi-10.3-2021.10/arm-none-eabi/lib/thumb/v7-m/nofp/libc.a(lib_a-reallocr.o)
                              /home/ctp/Workspace/Tools/gcc-arm-none-eabi-10.3-2021.10-x86_64-linux/gcc-arm-none-eabi-10.3-2021.10/arm-none-eabi/lib/thumb/v7-m/nofp/libc.a(lib_a-realloc.o) (_realloc_r)
/home/ctp/Workspace/Tools/gcc-arm-none-eabi-10.3-2021.10-x86_64-linux/gcc-arm-none-eabi-10.3-2021.10/arm-none-eabi/lib/thumb/v7-m/nofp/libc.a(lib_a-sbrkr.o)
                              /home/ctp/Workspace/Tools/gcc-arm-none-eabi-10.3-2021.10-x86_64-linux/gcc-arm-none-eabi-10.3-2021.10/arm-none-eabi/lib/thumb/v7-m/nofp/libc.a(lib_a-mallocr.o) (_sbrk_r)
/home/ctp/Workspace/Tools/gcc-arm-none-eabi-10.3-2021.10-x86_64-linux/gcc-arm-none-eabi-10.3-2021.10/arm-none-eabi/lib/thumb/v7-m/nofp/libc.a(lib_a-strcat.o)
                              build_Zomwar-application/dtostrf.o (strcat)
/home/ctp/Workspace/Tools/gcc-arm-none-eabi-10.3-2021.10-x86_64-linux/gcc-arm-none-eabi-10.3-2021.10/arm-none-eabi/lib/thumb/v7-m/nofp/libc.a(lib_a-strchr.o)
                              build_Zomwar-application/WString.o (strchr)
/home/ctp/Workspace/Tools/gcc-arm-none-eabi-10.3-2021.10-x86_64-linux/gcc-arm-none-eabi-10.3-2021.10/arm-none-eabi/lib/thumb/v7-m/nofp/libc.a(lib_a-strcmp.o)
                              build_Zomwar-application/cmd_line.o (strcmp)
/home/ctp/Workspace/Tools/gcc-arm-none-eabi-10.3-2021.10-x86_64-linux/gcc-arm-none-eabi-10.3-2021.10/arm-none-eabi/lib/thumb/v7-m/nofp/libc.a(lib_a-strcpy.o)
                              build_Zomwar-application/sys_dbg.o (strcpy)
/home/ctp/Workspace/Tools/gcc-arm-none-eabi-10.3-2021.10-x86_64-linux/gcc-arm-none-eabi-10.3-2021.10/arm-none-eabi/lib/thumb/v7-m/nofp/libc.a(lib_a-strlen-stub.o)
                              build_Zomwar-application/xprintf.o (strlen)
[...]
Memory Configuration

Name             Origin             Length             Attributes
BSF              0x0000000008002000 0x0000000000001000 xr
FLASH            0x0000000008003000 0x000000000001d000 xr
SRAM             0x0000000020000000 0x0000000000004000 xrw
*default*        0x0000000000000000 0xffffffffffffffff

Linker script and memory map

                0x0000000000000800                HEAP_SIZE = 0x800

.start_boot_share_data_flash
                0x0000000008002000        0x0
                0x0000000008002000                _start_boot_share_data_flash = .

.start_flash    0x0000000008003000        0x0
                0x0000000008003000                _start_flash = .

.isr_vector     0x0000000008003000       0xf4
                0x0000000008003000                _isr_vector = .
 *(.isr_vector)
 .isr_vector    0x0000000008003000       0xf4 build_Zomwar-application/system.o
                0x0000000008003000                isr_vector
                0x00000000080030f4                . = ALIGN (0x4)

.text           0x00000000080030f8     0xfc18
                0x00000000080030f8                . = ALIGN (0x4)
 *(.text)
 .text          0x00000000080030f8       0xec /home/ctp/Workspace/Tools/gcc-arm-none-eabi-10.3-2021.10-x86_64-linux/gcc-arm-none-eabi-10.3-2021.10/arm-none-eabi/lib/thumb/v7-m/nofp/libc.a(lib_a-memcpy.o)
                0x00000000080030f8                memcpy
 .text          0x00000000080031e4      0x1bc /home/ctp/Workspace/Tools/gcc-arm-none-eabi-10.3-2021.10-x86_64-linux/gcc-arm-none-eabi-10.3-2021.10/arm-none-eabi/lib/thumb/v7-m/nofp/libc.a(lib_a-strcmp.o)
                0x00000000080031e4                strcmp
 .text          0x00000000080033a0      0x378 /home/ctp/Workspace/Tools/gcc-arm-none-eabi-10.3-2021.10-x86_64-linux/gcc-arm-none-eabi-10.3-2021.10/lib/gcc/arm-none-eabi/10.3.1/thumb/v7-m/nofp/libgcc.a(_arm_addsubdf3.o)
                0x00000000080033a0                __aeabi_drsub
                0x00000000080033a8                __aeabi_dsub
                0x00000000080033a8                __subdf3
                0x00000000080033ac                __adddf3
                0x00000000080033ac                __aeabi_dadd
                0x0000000008003624                __aeabi_ui2d
                0x0000000008003624                __floatunsidf
                0x0000000008003644                __floatsidf
                0x0000000008003644                __aeabi_i2d
                0x0000000008003668                __extendsfdf2
                0x0000000008003668                __aeabi_f2d
                0x00000000080036ac                __aeabi_ul2d
                0x00000000080036ac                __floatundidf
                0x00000000080036bc                __floatdidf
                0x00000000080036bc                __aeabi_l2d
 .text          0x0000000008003718      0x424 /home/ctp/Workspace/Tools/gcc-arm-none-eabi-10.3-2021.10-x86_64-linux/gcc-arm-none-eabi-10.3-2021.10/lib/gcc/arm-none-eabi/10.3.1/thumb/v7-m/nofp/libgcc.a(_arm_muldivdf3.o)
                0x0000000008003718                __aeabi_dmul
                0x0000000008003718                __muldf3
                0x000000000800396c                __aeabi_ddiv
                0x000000000800396c                __divdf3
 .text          0x0000000008003b3c      0x110 /home/ctp/Workspace/Tools/gcc-arm-none-eabi-10.3-2021.10-x86_64-linux/gcc-arm-none-eabi-10.3-2021.10/lib/gcc/arm-none-eabi/10.3.1/thumb/v7-m/nofp/libgcc.a(_arm_cmpdf2.o)
                0x0000000008003b3c                __gtdf2
                0x0000000008003b3c                __gedf2
                0x0000000008003b44                __ltdf2
                0x0000000008003b44                __ledf2
                0x0000000008003b4c                __cmpdf2
                0x0000000008003b4c                __eqdf2
                0x0000000008003b4c                __nedf2
                0x0000000008003bc8                __aeabi_cdrcmple
                0x0000000008003bd8                __aeabi_cdcmple
                0x0000000008003bd8                __aeabi_cdcmpeq
                0x0000000008003be8                __aeabi_dcmpeq
                0x0000000008003bfc                __aeabi_dcmplt
                0x0000000008003c10                __aeabi_dcmple
                0x0000000008003c24                __aeabi_dcmpge
                0x0000000008003c38                __aeabi_dcmpgt
 .text          0x0000000008003c4c       0x2c /home/ctp/Workspace/Tools/gcc-arm-none-eabi-10.3-2021.10-x86_64-linux/gcc-arm-none-eabi-10.3-2021.10/lib/gcc/arm-none-eabi/10.3.1/thumb/v7-m/nofp/libgcc.a(_arm_unorddf2.o)
                0x0000000008003c4c                __aeabi_dcmpun
                0x0000000008003c4c                __unorddf2
 .text          0x0000000008003c78       0x50 /home/ctp/Workspace/Tools/gcc-arm-none-eabi-10.3-2021.10-x86_64-linux/gcc-arm-none-eabi-10.3-2021.10/lib/gcc/arm-none-eabi/10.3.1/thumb/v7-m/nofp/libgcc.a(_arm_fixdfsi.o)
                0x0000000008003c78                __fixdfsi
                0x0000000008003c78                __aeabi_d2iz
 .text          0x0000000008003cc8       0x40 /home/ctp/Workspace/Tools/gcc-arm-none-eabi-10.3-2021.10-x86_64-linux/gcc-arm-none-eabi-10.3-2021.10/lib/gcc/arm-none-eabi/10.3.1/thumb/v7-m/nofp/libgcc.a(_arm_fixunsdfsi.o)
                0x0000000008003cc8                __fixunsdfsi
                0x0000000008003cc8                __aeabi_d2uiz
 .text          0x0000000008003d08      0x21c /home/ctp/Workspace/Tools/gcc-arm-none-eabi-10.3-2021.10-x86_64-linux/gcc-arm-none-eabi-10.3-2021.10/lib/gcc/arm-none-eabi/10.3.1/thumb/v7-m/nofp/libgcc.a(_arm_addsubsf3.o)
                0x0000000008003d08                __aeabi_frsub
                0x0000000008003d10                __subsf3
                0x0000000008003d10                __aeabi_fsub
                0x0000000008003d14                __aeabi_fadd
                0x0000000008003d14                __addsf3
                0x0000000008003e74                __aeabi_ui2f
                0x0000000008003e74                __floatunsisf
                0x0000000008003e7c                __aeabi_i2f
                0x0000000008003e7c                __floatsisf
                0x0000000008003e98                __floatundisf
                0x0000000008003e98                __aeabi_ul2f
                0x0000000008003ea8                __floatdisf
                0x0000000008003ea8                __aeabi_l2f
 .text          0x0000000008003f24       0x30 /home/ctp/Workspace/Tools/gcc-arm-none-eabi-10.3-2021.10-x86_64-linux/gcc-arm-none-eabi-10.3-2021.10/lib/gcc/arm-none-eabi/10.3.1/thumb/v7-m/nofp/libgcc.a(_aeabi_uldivmod.o)
                0x0000000008003f24                __aeabi_uldivmod
 .text          0x0000000008003f54      0x2d4 /home/ctp/Workspace/Tools/gcc-arm-none-eabi-10.3-2021.10-x86_64-linux/gcc-arm-none-eabi-10.3-2021.10/lib/gcc/arm-none-eabi/10.3.1/thumb/v7-m/nofp/libgcc.a(_udivmoddi4.o)
                0x0000000008003f54                __udivmoddi4
 .text          0x0000000008004228        0x4 /home/ctp/Workspace/Tools/gcc-arm-none-eabi-10.3-2021.10-x86_64-linux/gcc-arm-none-eabi-10.3-2021.10/lib/gcc/arm-none-eabi/10.3.1/thumb/v7-m/nofp/libgcc.a(_dvmd_tls.o)
                0x0000000008004228                __aeabi_ldiv0
                0x0000000008004228                __aeabi_idiv0
 *(.text*)
 .text.fsm_dispatch
                0x000000000800422c        0x6 build_Zomwar-application/fsm.o
                0x000000000800422c                fsm_dispatch
 *fill*         0x0000000008004232        0x2 
 .text.task_create
                0x0000000008004234       0x3c build_Zomwar-application/task.o
                0x0000000008004234                task_create
 .text.task_polling_create
                0x0000000008004270       0x34 build_Zomwar-application/task.o
                0x0000000008004270                task_polling_create
 .text.task_post
                0x00000000080042a4       0x84 build_Zomwar-application/task.o
                0x00000000080042a4                task_post
 .text.task_remove_msg
                0x0000000008004328       0xb4 build_Zomwar-application/task.o
                0x0000000008004328                task_remove_msg
 .text.task_post_pure_msg
                0x00000000080043dc       0x18 build_Zomwar-application/task.o
                0x00000000080043dc                task_post_pure_msg
 .text.task_post_common_msg
                0x00000000080043f4       0x2a build_Zomwar-application/task.o
                0x00000000080043f4                task_post_common_msg
 *fill*         0x000000000800441e        0x2 
 .text.task_entry_interrupt
                0x0000000008004420       0x1c build_Zomwar-application/task.o
                0x0000000008004420                task_entry_interrupt
 .text.task_exit_interrupt
                0x000000000800443c       0x24 build_Zomwar-application/task.o
                0x000000000800443c                task_exit_interrupt
 .text.task_init
                0x0000000008004460       0x40 build_Zomwar-application/task.o
                0x0000000008004460                task_init
 .text.task_polling_run
                0x00000000080044a0       0x34 build_Zomwar-application/task.o
                0x00000000080044a0                task_polling_run
 .text.task_run
                0x00000000080044d4      0x174 build_Zomwar-application/task.o
                0x00000000080044d4                task_run
 .text.get_current_task_id
                0x0000000008004648        0xc build_Zomwar-application/task.o
                0x0000000008004648                get_current_task_id
 .text.get_current_task_info
                0x0000000008004654        0x8 build_Zomwar-application/task.o
                0x0000000008004654                get_current_task_info
 .text.get_current_active_object
                0x000000000800465c        0x8 build_Zomwar-application/task.o
                0x000000000800465c                get_current_active_object
 .text.timer_remove_msg
                0x0000000008004664       0x64 build_Zomwar-application/timer.o
 .text.task_timer_tick
                0x00000000080046c8       0x7c build_Zomwar-application/timer.o
                0x00000000080046c8                task_timer_tick
 .text.timer_init
                0x0000000008004744       0x6c build_Zomwar-application/timer.o
                0x0000000008004744                timer_init
 .text.timer_tick
                0x00000000080047b0       0x38 build_Zomwar-application/timer.o
                0x00000000080047b0                timer_tick
 .text.timer_set
                0x00000000080047e8       0x98 build_Zomwar-application/timer.o
                0x00000000080047e8                timer_set
 .text.timer_remove_attr
                0x0000000008004880       0x18 build_Zomwar-application/timer.o
                0x0000000008004880                timer_remove_attr
 .text.free_common_msg
                0x0000000008004898       0x28 build_Zomwar-application/message.o
 .text.free_pure_msg
                0x00000000080048c0       0x28 build_Zomwar-application/message.o
 .text.free_dynamic_msg
                0x00000000080048e8       0x30 build_Zomwar-application/message.o
 .text.msg_init
                0x0000000008004918      0x100 build_Zomwar-application/message.o
                0x0000000008004918                msg_init
 .text.msg_force_free
                0x0000000008004a18       0x44 build_Zomwar-application/message.o
                0x0000000008004a18                msg_force_free
 .text.msg_inc_ref_count
                0x0000000008004a5c       0x2c build_Zomwar-application/message.o
                0x0000000008004a5c                msg_inc_ref_count
 .text.msg_dec_ref_count
                0x0000000008004a88       0x28 build_Zomwar-application/message.o
                0x0000000008004a88                msg_dec_ref_count
 .text.msg_free
                0x0000000008004ab0       0x58 build_Zomwar-application/message.o
                0x0000000008004ab0                msg_free
 .text.ak_malloc
                0x0000000008004b08       0x50 build_Zomwar-application/message.o
                0x0000000008004b08                ak_malloc
 .text.ak_free  0x0000000008004b58        0x4 build_Zomwar-application/message.o
                0x0000000008004b58                ak_free
 .text.get_pure_msg
                0x0000000008004b5c       0x5c build_Zomwar-application/message.o
                0x0000000008004b5c                get_pure_msg
 .text.get_common_msg
                0x0000000008004bb8       0x60 build_Zomwar-application/message.o
                0x0000000008004bb8                get_common_msg
 .text.set_data_common_msg
                0x0000000008004c18       0x4c build_Zomwar-application/message.o
                0x0000000008004c18                set_data_common_msg
 .text.get_data_common_msg
                0x0000000008004c64       0x28 build_Zomwar-application/message.o
                0x0000000008004c64                get_data_common_msg
 .text.get_data_len_common_msg
                0x0000000008004c8c       0x28 build_Zomwar-application/message.o
                0x0000000008004c8c                get_data_len_common_msg
 .text.get_dynamic_msg
                0x0000000008004cb4       0x64 build_Zomwar-application/message.o
                0x0000000008004cb4                get_dynamic_msg
 .text.set_data_dynamic_msg
                0x0000000008004d18       0x3c build_Zomwar-application/message.o
                0x0000000008004d18                set_data_dynamic_msg
 .text.get_data_dynamic_msg
                0x0000000008004d54       0x28 build_Zomwar-application/message.o
                0x0000000008004d54                get_data_dynamic_msg
 .text.get_data_len_dynamic_msg
                0x0000000008004d7c        0x4 build_Zomwar-application/message.o
                0x0000000008004d7c                get_data_len_dynamic_msg
 .text.log_queue_init
                0x0000000008004d80       0x2e build_Zomwar-application/log_queue.o
                0x0000000008004d80                log_queue_init
 .text.log_queue_len
                0x0000000008004dae        0x4 build_Zomwar-application/log_queue.o
                0x0000000008004dae                log_queue_len
 .text.log_queue_put
                0x0000000008004db2       0x5c build_Zomwar-application/log_queue.o
                0x0000000008004db2                log_queue_put
 .text.log_queue_get
                0x0000000008004e0e       0x30 build_Zomwar-application/log_queue.o
                0x0000000008004e0e                log_queue_get
 .text.fifo_init
                0x0000000008004e3e       0x12 build_Zomwar-application/fifo.o
                0x0000000008004e3e                fifo_init
 .text.fifo_availble
                0x0000000008004e50        0x4 build_Zomwar-application/fifo.o
                0x0000000008004e50                fifo_availble
 .text.fifo_is_full
                0x0000000008004e54        0xc build_Zomwar-application/fifo.o
                0x0000000008004e54                fifo_is_full
 .text.fifo_put
                0x0000000008004e60       0x54 build_Zomwar-application/fifo.o
                0x0000000008004e60                fifo_put
 .text.fifo_get
                0x0000000008004eb4       0x50 build_Zomwar-application/fifo.o
                0x0000000008004eb4                fifo_get
 .text.ring_buffer_char_init
                0x0000000008004f04        0xc build_Zomwar-application/ring_buffer.o
                0x0000000008004f04                ring_buffer_char_init
 .text.ring_buffer_char_is_empty
                0x0000000008004f10        0xa build_Zomwar-application/ring_buffer.o
                0x0000000008004f10                ring_buffer_char_is_empty
 .text.ring_buffer_char_put
                0x0000000008004f1a       0x36 build_Zomwar-application/ring_buffer.o
                0x0000000008004f1a                ring_buffer_char_put
 .text.ring_buffer_char_get
                0x0000000008004f50       0x26 build_Zomwar-application/ring_buffer.o
                0x0000000008004f50                ring_buffer_char_get
 .text.mem_read
                0x0000000008004f76       0x18 build_Zomwar-application/utils.o
                0x0000000008004f76                mem_read
 .text.mem_write
                0x0000000008004f8e       0x1a build_Zomwar-application/utils.o
                0x0000000008004f8e                mem_write
 .text.ilog10   0x0000000008004fa8       0xd8 build_Zomwar-application/xprintf.o
 .text.i10x     0x0000000008005080       0x78 build_Zomwar-application/xprintf.o
 .text.xfputc   0x00000000080050f8       0x30 build_Zomwar-application/xprintf.o
                0x00000000080050f8                xfputc
 .text.xputc    0x0000000008005128       0x10 build_Zomwar-application/xprintf.o
                0x0000000008005128                xputc
 .text.xvfprintf
                0x0000000008005138      0x580 build_Zomwar-application/xprintf.o
 .text.xprintf  0x00000000080056b8       0x24 build_Zomwar-application/xprintf.o
                0x00000000080056b8                xprintf
 .text.xsprintf
                0x00000000080056dc       0x2c build_Zomwar-application/xprintf.o
                0x00000000080056dc                xsprintf
 .text.cmd_line_parser
                0x0000000008005708       0x7c build_Zomwar-application/cmd_line.o
                0x0000000008005708                cmd_line_parser
 .text.button_init
                0x0000000008005784       0x34 build_Zomwar-application/button.o
                0x0000000008005784                button_init
 .text.button_enable
                0x00000000080057b8        0x6 build_Zomwar-application/button.o
                0x00000000080057b8                button_enable
 .text.button_timer_polling
                0x00000000080057be       0x76 build_Zomwar-application/button.o
                0x00000000080057be                button_timer_polling
 .text.flash_wait_to_idle
                0x0000000008005834       0x32 build_Zomwar-application/flash.o
 .text.flash_set_write_enable.constprop.0
                0x0000000008005866       0x14 build_Zomwar-application/flash.o
 .text.flash_is_connected
                0x000000000800587a       0x22 build_Zomwar-application/flash.o
                0x000000000800587a                flash_is_connected
 .text.flash_read
                0x000000000800589c       0x5e build_Zomwar-application/flash.o
                0x000000000800589c                flash_read
 .text.flash_write
                0x00000000080058fa       0x6c build_Zomwar-application/flash.o
                0x00000000080058fa                flash_write
 .text.flash_erase_sector
                0x0000000008005966       0x48 build_Zomwar-application/flash.o
                0x0000000008005966                flash_erase_sector
 .text.flash_erase_block_64k
                0x00000000080059ae       0x46 build_Zomwar-application/flash.o
                0x00000000080059ae                flash_erase_block_64k
 .text.led_init
                0x00000000080059f4       0x20 build_Zomwar-application/led.o
                0x00000000080059f4                led_init
 .text.led_on   0x0000000008005a14        0xc build_Zomwar-application/led.o
                0x0000000008005a14                led_on
 .text.led_off  0x0000000008005a20        0xc build_Zomwar-application/led.o
                0x0000000008005a20                led_off
 .text.led_toggle
                0x0000000008005a2c       0x12 build_Zomwar-application/led.o
                0x0000000008005a2c                led_toggle
 *fill*         0x0000000008005a3e        0x2 
 .text.BUZZER_Init
                0x0000000008005a40       0xe0 build_Zomwar-application/buzzer.o
                0x0000000008005a40                BUZZER_Init
 .text.BUZZER_Disable
                0x0000000008005b20       0x38 build_Zomwar-application/buzzer.o
                0x0000000008005b20                BUZZER_Disable
 .text.BUZZER_Enable
                0x0000000008005b58       0x84 build_Zomwar-application/buzzer.o
                0x0000000008005b58                BUZZER_Enable
 .text.buzzer_irq
                0x0000000008005bdc       0x98 build_Zomwar-application/buzzer.o
                0x0000000008005bdc                buzzer_irq
 .text.BUZZER_PlayTones
                0x0000000008005c74       0x1c build_Zomwar-application/buzzer.o
                0x0000000008005c74                BUZZER_PlayTones
 .text.getModeBits
                0x0000000008005c90       0x30 build_Zomwar-application/qrcode.o
 .text.bb_appendBits
                0x0000000008005cc0       0x58 build_Zomwar-application/qrcode.o
 .text.bb_setBit
                0x0000000008005d18       0x28 build_Zomwar-application/qrcode.o
 .text.bb_getBit
                0x0000000008005d40       0x1a build_Zomwar-application/qrcode.o
 *fill*         0x0000000008005d5a        0x2 
 .text.applyMask
                0x0000000008005d5c      0x110 build_Zomwar-application/qrcode.o
 .text.setFunctionModule
                0x0000000008005e6c       0x24 build_Zomwar-application/qrcode.o
 .text.drawFinderPattern
                0x0000000008005e90       0x8a build_Zomwar-application/qrcode.o
 .text.drawFormatBits
                0x0000000008005f1a      0x114 build_Zomwar-application/qrcode.o
 *fill*         0x000000000800602e        0x2 
 .text.getAlphanumeric
                0x0000000008006030       0x34 build_Zomwar-application/qrcode.o
 .text.qrcode_getBufferSize
                0x0000000008006064        0xe build_Zomwar-application/qrcode.o
                0x0000000008006064                qrcode_getBufferSize
 *fill*         0x0000000008006072        0x2 
 .text.qrcode_initBytes
                0x0000000008006074      0x9e0 build_Zomwar-application/qrcode.o
                0x0000000008006074                qrcode_initBytes
 .text.qrcode_initText
                0x0000000008006a54       0x2e build_Zomwar-application/qrcode.o
                0x0000000008006a54                qrcode_initText
 .text.qrcode_getModule
                0x0000000008006a82       0x28 build_Zomwar-application/qrcode.o
                0x0000000008006a82                qrcode_getModule
 *fill*         0x0000000008006aaa        0x2 
 .text.sys_dbg_cpu_dump
                0x0000000008006aac       0x4c build_Zomwar-application/sys_dbg.o
                0x0000000008006aac                sys_dbg_cpu_dump
 .text.sys_dbg_stack_space_dump
                0x0000000008006af8       0x30 build_Zomwar-application/sys_dbg.o
                0x0000000008006af8                sys_dbg_stack_space_dump
 .text.sys_dbg_fatal
                0x0000000008006b28      0x3cc build_Zomwar-application/sys_dbg.o
                0x0000000008006b28                sys_dbg_fatal
 .text.sys_boot_init
                0x0000000008006ef4       0x14 build_Zomwar-application/sys_boot.o
                0x0000000008006ef4                sys_boot_init
 .text.sys_boot_get
                0x0000000008006f08        0xc build_Zomwar-application/sys_boot.o
                0x0000000008006f08                sys_boot_get
 .text.sys_boot_set
                0x0000000008006f14       0x34 build_Zomwar-application/sys_boot.o
                0x0000000008006f14                sys_boot_set
 .text.eMBExceptionToErrorcode
                0x0000000008006f48       0x14 build_Zomwar-application/mbutils.o
                0x0000000008006f48                eMBExceptionToErrorcode
 .text.eMBMReleaseHdl
                0x0000000008006f5c       0x58 build_Zomwar-application/mbm.o
 .text.bMBMResponseTimeoutCB
                0x0000000008006fb4       0x18 build_Zomwar-application/mbm.o
 .text.bMBMIsHdlValid
                0x0000000008006fcc       0x18 build_Zomwar-application/mbm.o
                0x0000000008006fcc                bMBMIsHdlValid
 .text.vMBMMasterTransactionPolled
                0x0000000008006fe4       0xae build_Zomwar-application/mbm.o
                0x0000000008006fe4                vMBMMasterTransactionPolled
 *fill*         0x0000000008007092        0x2 
 .text.eMBMSerialInitExt
                0x0000000008007094       0xcc build_Zomwar-application/mbm.o
                0x0000000008007094                eMBMSerialInitExt
 .text.usMBMCRC16
                0x0000000008007160       0x2c build_Zomwar-application/mbmcrc.o
                0x0000000008007160                usMBMCRC16
 .text.bMBMSerialWaitCB
                0x000000000800718c       0x3c build_Zomwar-application/mbmrtu.o
 .text.bMBMSerialRTUT35CB
                0x00000000080071c8       0x58 build_Zomwar-application/mbmrtu.o
 .text.bMBMSerialRTUTransmitterEmptyAPIV1CB
                0x0000000008007220       0xb2 build_Zomwar-application/mbmrtu.o
 .text.bMBMSerialRTUReceiverAPIV1CB
                0x00000000080072d2       0xa0 build_Zomwar-application/mbmrtu.o
 *fill*         0x0000000008007372        0x2 
 .text.eMBMSerialRTUFrameCloseInternal
                0x0000000008007374       0x90 build_Zomwar-application/mbmrtu.o
 .text.eMBMSerialRTUFrameReceive
                0x0000000008007404       0xc4 build_Zomwar-application/mbmrtu.o
 .text.eMBMSerialRTUFrameSend
                0x00000000080074c8       0xd0 build_Zomwar-application/mbmrtu.o
 .text.eMBMSerialRTUFrameClose
                0x0000000008007598       0x18 build_Zomwar-application/mbmrtu.o
 .text.eMBMSerialRTUInit
                0x00000000080075b0      0x118 build_Zomwar-application/mbmrtu.o
                0x00000000080075b0                eMBMSerialRTUInit
 .text.vMBMReadHoldingRegistersPolled
                0x00000000080076c8      0x136 build_Zomwar-application/mbmfuncholding.o
                0x00000000080076c8                vMBMReadHoldingRegistersPolled
 .text.eMBMReadHoldingRegisters
                0x00000000080077fe       0x42 build_Zomwar-application/mbmfuncholding.o
                0x00000000080077fe                eMBMReadHoldingRegisters
 .text.vMBMReadCoilsPolled
                0x0000000008007840      0x114 build_Zomwar-application/mbmfunccoils.o
                0x0000000008007840                vMBMReadCoilsPolled
 .text.eMBMReadCoils
                0x0000000008007954       0x42 build_Zomwar-application/mbmfunccoils.o
                0x0000000008007954                eMBMReadCoils
 .text.vMBMReadDiscreteInputsPolled
                0x0000000008007996      0x114 build_Zomwar-application/mbmfuncdisc.o
                0x0000000008007996                vMBMReadDiscreteInputsPolled
 .text.eMBMReadDiscreteInputs
                0x0000000008007aaa       0x42 build_Zomwar-application/mbmfuncdisc.o
                0x0000000008007aaa                eMBMReadDiscreteInputs
 .text.vMBMReadInputRegistersPolled
                0x0000000008007aec      0x120 build_Zomwar-application/mbmfuncinput.o
                0x0000000008007aec                vMBMReadInputRegistersPolled
 .text.eMBMReadInputRegisters
                0x0000000008007c0c       0x42 build_Zomwar-application/mbmfuncinput.o
                0x0000000008007c0c                eMBMReadInputRegisters
 *fill*         0x0000000008007c4e        0x2 
 .text.eMBPEventCreate
                0x0000000008007c50       0x5c build_Zomwar-application/mbportevent.o
                0x0000000008007c50                eMBPEventCreate
 .text.eMBPEventPost
                0x0000000008007cac       0x2c build_Zomwar-application/mbportevent.o
                0x0000000008007cac                eMBPEventPost
 .text.bMBPEventGet
                0x0000000008007cd8       0x34 build_Zomwar-application/mbportevent.o
                0x0000000008007cd8                bMBPEventGet
 .text.vMBPEventDelete
                0x0000000008007d0c       0x2c build_Zomwar-application/mbportevent.o
                0x0000000008007d0c                vMBPEventDelete
 .text.vMBPAssert
                0x0000000008007d38       0x1c build_Zomwar-application/mbportother.o
                0x0000000008007d38                vMBPAssert
 .text.vMBPEnterCritical
                0x0000000008007d54        0x4 build_Zomwar-application/mbportother.o
                0x0000000008007d54                vMBPEnterCritical
 .text.vMBPExitCritical
                0x0000000008007d58        0x4 build_Zomwar-application/mbportother.o
                0x0000000008007d58                vMBPExitCritical
 .text.eMBPSerialInit
                0x0000000008007d5c      0x144 build_Zomwar-application/mbportserial.o
                0x0000000008007d5c                eMBPSerialInit
 .text.eMBPSerialClose
                0x0000000008007ea0       0x58 build_Zomwar-application/mbportserial.o
                0x0000000008007ea0                eMBPSerialClose
 .text.eMBPSerialTxEnable
                0x0000000008007ef8       0x70 build_Zomwar-application/mbportserial.o
                0x0000000008007ef8                eMBPSerialTxEnable
 .text.eMBPSerialRxEnable
                0x0000000008007f68       0x5c build_Zomwar-application/mbportserial.o
                0x0000000008007f68                eMBPSerialRxEnable
 .text.vMBPUSART2ISR
                0x0000000008007fc4       0xec build_Zomwar-application/mbportserial.o
                0x0000000008007fc4                vMBPUSART2ISR
 .text.eMBPTimerInit
                0x00000000080080b0       0xec build_Zomwar-application/mbporttimer.o
                0x00000000080080b0                eMBPTimerInit
 .text.vMBPTimerClose
                0x000000000800819c       0x28 build_Zomwar-application/mbporttimer.o
                0x000000000800819c                vMBPTimerClose
 .text.eMBPTimerStart
                0x00000000080081c4       0x2c build_Zomwar-application/mbporttimer.o
                0x00000000080081c4                eMBPTimerStart
 .text.eMBPTimerStop
                0x00000000080081f0       0x30 build_Zomwar-application/mbporttimer.o
                0x00000000080081f0                eMBPTimerStop
 .text.vMBPTimerISR
                0x0000000008008220       0x58 build_Zomwar-application/mbporttimer.o
                0x0000000008008220                vMBPTimerISR
 .text.GPIO_Init
                0x0000000008008278       0x78 build_Zomwar-application/stm32l1xx_gpio.o
                0x0000000008008278                GPIO_Init
 .text.GPIO_ReadInputDataBit
                0x00000000080082f0        0xc build_Zomwar-application/stm32l1xx_gpio.o
                0x00000000080082f0                GPIO_ReadInputDataBit
 .text.GPIO_SetBits
                0x00000000080082fc        0x4 build_Zomwar-application/stm32l1xx_gpio.o
                0x00000000080082fc                GPIO_SetBits
 .text.GPIO_ResetBits
                0x0000000008008300        0x4 build_Zomwar-application/stm32l1xx_gpio.o
                0x0000000008008300                GPIO_ResetBits
 .text.GPIO_PinAFConfig
                0x0000000008008304       0x24 build_Zomwar-application/stm32l1xx_gpio.o
                0x0000000008008304                GPIO_PinAFConfig
 .text.RCC_HSICmd
                0x0000000008008328        0xc build_Zomwar-application/stm32l1xx_rcc.o
                0x0000000008008328                RCC_HSICmd
 .text.RCC_GetClocksFreq
                0x0000000008008334       0x9c build_Zomwar-application/stm32l1xx_rcc.o
                0x0000000008008334                RCC_GetClocksFreq
 .text.RCC_AHBPeriphClockCmd
                0x00000000080083d0       0x18 build_Zomwar-application/stm32l1xx_rcc.o
                0x00000000080083d0                RCC_AHBPeriphClockCmd
 .text.RCC_APB2PeriphClockCmd
                0x00000000080083e8       0x18 build_Zomwar-application/stm32l1xx_rcc.o
                0x00000000080083e8                RCC_APB2PeriphClockCmd
 .text.RCC_APB1PeriphClockCmd
                0x0000000008008400       0x18 build_Zomwar-application/stm32l1xx_rcc.o
                0x0000000008008400                RCC_APB1PeriphClockCmd
 .text.RCC_APB2PeriphResetCmd
                0x0000000008008418       0x18 build_Zomwar-application/stm32l1xx_rcc.o
                0x0000000008008418                RCC_APB2PeriphResetCmd
 .text.RCC_APB1PeriphResetCmd
                0x0000000008008430       0x18 build_Zomwar-application/stm32l1xx_rcc.o
                0x0000000008008430                RCC_APB1PeriphResetCmd
 .text.RCC_GetFlagStatus
                0x0000000008008448       0x20 build_Zomwar-application/stm32l1xx_rcc.o
                0x0000000008008448                RCC_GetFlagStatus
 .text.USART_DeInit
                0x0000000008008468       0x9c build_Zomwar-application/stm32l1xx_usart.o
                0x0000000008008468                USART_DeInit
 .text.USART_Init
                0x0000000008008504       0xa4 build_Zomwar-application/stm32l1xx_usart.o
                0x0000000008008504                USART_Init
 .text.USART_ClockInit
                0x00000000080085a8       0x20 build_Zomwar-application/stm32l1xx_usart.o
                0x00000000080085a8                USART_ClockInit
 .text.USART_Cmd
                0x00000000080085c8       0x18 build_Zomwar-application/stm32l1xx_usart.o
                0x00000000080085c8                USART_Cmd
 .text.USART_SendData
                0x00000000080085e0        0x8 build_Zomwar-application/stm32l1xx_usart.o
                0x00000000080085e0                USART_SendData
 .text.USART_ReceiveData
                0x00000000080085e8        0x8 build_Zomwar-application/stm32l1xx_usart.o
                0x00000000080085e8                USART_ReceiveData
 .text.USART_ITConfig
                0x00000000080085f0       0x30 build_Zomwar-application/stm32l1xx_usart.o
                0x00000000080085f0                USART_ITConfig
 .text.USART_GetFlagStatus
                0x0000000008008620        0xc build_Zomwar-application/stm32l1xx_usart.o
                0x0000000008008620                USART_GetFlagStatus
 .text.USART_GetITStatus
                0x000000000800862c       0x3e build_Zomwar-application/stm32l1xx_usart.o
                0x000000000800862c                USART_GetITStatus
 .text.USART_ClearITPendingBit
                0x000000000800866a        0xe build_Zomwar-application/stm32l1xx_usart.o
                0x000000000800866a                USART_ClearITPendingBit
 .text.SPI_I2S_DeInit
                0x0000000008008678       0x64 build_Zomwar-application/stm32l1xx_spi.o
                0x0000000008008678                SPI_I2S_DeInit
 .text.SPI_Init
                0x00000000080086dc       0x3e build_Zomwar-application/stm32l1xx_spi.o
                0x00000000080086dc                SPI_Init
 .text.SPI_Cmd  0x000000000800871a       0x18 build_Zomwar-application/stm32l1xx_spi.o
                0x000000000800871a                SPI_Cmd
 .text.SPI_I2S_ReceiveData
                0x0000000008008732        0x6 build_Zomwar-application/stm32l1xx_spi.o
                0x0000000008008732                SPI_I2S_ReceiveData
 .text.SPI_I2S_SendData
                0x0000000008008738        0x4 build_Zomwar-application/stm32l1xx_spi.o
                0x0000000008008738                SPI_I2S_SendData
 .text.SPI_I2S_GetFlagStatus
                0x000000000800873c        0xc build_Zomwar-application/stm32l1xx_spi.o
                0x000000000800873c                SPI_I2S_GetFlagStatus
 .text.NVIC_PriorityGroupConfig
                0x0000000008008748       0x14 build_Zomwar-application/misc.o
                0x0000000008008748                NVIC_PriorityGroupConfig
 .text.NVIC_Init
                0x000000000800875c       0x58 build_Zomwar-application/misc.o
                0x000000000800875c                NVIC_Init
 .text.EXTI_GetFlagStatus
                0x00000000080087b4       0x14 build_Zomwar-application/stm32l1xx_exti.o
                0x00000000080087b4                EXTI_GetFlagStatus
 .text.EXTI_GetITStatus
                0x00000000080087c8        0x4 build_Zomwar-application/stm32l1xx_exti.o
                0x00000000080087c8                EXTI_GetITStatus
 .text.EXTI_ClearITPendingBit
                0x00000000080087cc        0xc build_Zomwar-application/stm32l1xx_exti.o
                0x00000000080087cc                EXTI_ClearITPendingBit
 .text.TIM_DeInit
                0x00000000080087d8       0xe4 build_Zomwar-application/stm32l1xx_tim.o
                0x00000000080087d8                TIM_DeInit
 .text.TIM_TimeBaseInit
                0x00000000080088bc       0x58 build_Zomwar-application/stm32l1xx_tim.o
                0x00000000080088bc                TIM_TimeBaseInit
 .text.TIM_ARRPreloadConfig
                0x0000000008008914       0x18 build_Zomwar-application/stm32l1xx_tim.o
                0x0000000008008914                TIM_ARRPreloadConfig
 .text.TIM_Cmd  0x000000000800892c       0x18 build_Zomwar-application/stm32l1xx_tim.o
                0x000000000800892c                TIM_Cmd
 .text.TIM_OC3Init
                0x0000000008008944       0x3c build_Zomwar-application/stm32l1xx_tim.o
                0x0000000008008944                TIM_OC3Init
 .text.TIM_OC3PreloadConfig
                0x0000000008008980       0x10 build_Zomwar-application/stm32l1xx_tim.o
                0x0000000008008980                TIM_OC3PreloadConfig
 .text.TIM_ITConfig
                0x0000000008008990       0x12 build_Zomwar-application/stm32l1xx_tim.o
                0x0000000008008990                TIM_ITConfig
 .text.TIM_GetITStatus
                0x00000000080089a2       0x16 build_Zomwar-application/stm32l1xx_tim.o
                0x00000000080089a2                TIM_GetITStatus
 .text.TIM_ClearITPendingBit
                0x00000000080089b8        0x8 build_Zomwar-application/stm32l1xx_tim.o
                0x00000000080089b8                TIM_ClearITPendingBit
 .text.ADC_Init
                0x00000000080089c0       0x4c build_Zomwar-application/stm32l1xx_adc.o
                0x00000000080089c0                ADC_Init
 .text.ADC_Cmd  0x0000000008008a0c       0x12 build_Zomwar-application/stm32l1xx_adc.o
                0x0000000008008a0c                ADC_Cmd
 *fill*         0x0000000008008a1e        0x2 
 .text.ADC_TempSensorVrefintCmd
                0x0000000008008a20       0x18 build_Zomwar-application/stm32l1xx_adc.o
                0x0000000008008a20                ADC_TempSensorVrefintCmd
 .text.ADC_RegularChannelConfig
                0x0000000008008a38      0x104 build_Zomwar-application/stm32l1xx_adc.o
                0x0000000008008a38                ADC_RegularChannelConfig
 .text.ADC_SoftwareStartConv
                0x0000000008008b3c        0xa build_Zomwar-application/stm32l1xx_adc.o
                0x0000000008008b3c                ADC_SoftwareStartConv
 .text.ADC_GetConversionValue
                0x0000000008008b46        0x6 build_Zomwar-application/stm32l1xx_adc.o
                0x0000000008008b46                ADC_GetConversionValue
 .text.ADC_GetFlagStatus
                0x0000000008008b4c        0xc build_Zomwar-application/stm32l1xx_adc.o
                0x0000000008008b4c                ADC_GetFlagStatus
 .text.PWR_UltraLowPowerCmd
                0x0000000008008b58        0xc build_Zomwar-application/stm32l1xx_pwr.o
                0x0000000008008b58                PWR_UltraLowPowerCmd
 .text.PWR_EnterSTOPMode
                0x0000000008008b64       0x34 build_Zomwar-application/stm32l1xx_pwr.o
                0x0000000008008b64                PWR_EnterSTOPMode
 .text.FLASH_Lock
                0x0000000008008b98       0x10 build_Zomwar-application/stm32l1xx_flash.o
                0x0000000008008b98                FLASH_Lock
 .text.DATA_EEPROM_Unlock
                0x0000000008008ba8       0x20 build_Zomwar-application/stm32l1xx_flash.o
                0x0000000008008ba8                DATA_EEPROM_Unlock
 .text.FLASH_Unlock
                0x0000000008008bc8       0x2c build_Zomwar-application/stm32l1xx_flash.o
                0x0000000008008bc8                FLASH_Unlock
 .text.DATA_EEPROM_Lock
                0x0000000008008bf4       0x10 build_Zomwar-application/stm32l1xx_flash.o
                0x0000000008008bf4                DATA_EEPROM_Lock
 .text.FLASH_OB_Unlock
                0x0000000008008c04       0x2c build_Zomwar-application/stm32l1xx_flash.o
                0x0000000008008c04                FLASH_OB_Unlock
 .text.FLASH_OB_Launch
                0x0000000008008c30       0x10 build_Zomwar-application/stm32l1xx_flash.o
                0x0000000008008c30                FLASH_OB_Launch
 .text.FLASH_OB_GetBOR
                0x0000000008008c40       0x10 build_Zomwar-application/stm32l1xx_flash.o
                0x0000000008008c40                FLASH_OB_GetBOR
 .text.FLASH_ClearFlag
                0x0000000008008c50        0xc build_Zomwar-application/stm32l1xx_flash.o
                0x0000000008008c50                FLASH_ClearFlag
 .text.FLASH_GetStatus
                0x0000000008008c5c       0x28 build_Zomwar-application/stm32l1xx_flash.o
                0x0000000008008c5c                FLASH_GetStatus
 .text.FLASH_WaitForLastOperation
                0x0000000008008c84       0x3c build_Zomwar-application/stm32l1xx_flash.o
                0x0000000008008c84                FLASH_WaitForLastOperation
 .text.FLASH_ErasePage
                0x0000000008008cc0       0x44 build_Zomwar-application/stm32l1xx_flash.o
                0x0000000008008cc0                FLASH_ErasePage
 .text.FLASH_FastProgramWord
                0x0000000008008d04       0x22 build_Zomwar-application/stm32l1xx_flash.o
                0x0000000008008d04                FLASH_FastProgramWord
 .text.DATA_EEPROM_EraseWord
                0x0000000008008d26       0x16 build_Zomwar-application/stm32l1xx_flash.o
                0x0000000008008d26                DATA_EEPROM_EraseWord
 .text.DATA_EEPROM_FastProgramWord
                0x0000000008008d3c       0x30 build_Zomwar-application/stm32l1xx_flash.o
                0x0000000008008d3c                DATA_EEPROM_FastProgramWord
 .text.DATA_EEPROM_ProgramByte
                0x0000000008008d6c       0x4c build_Zomwar-application/stm32l1xx_flash.o
                0x0000000008008d6c                DATA_EEPROM_ProgramByte
 .text.FLASH_OB_BORConfig
                0x0000000008008db8       0x3c build_Zomwar-application/stm32l1xx_flash.o
                0x0000000008008db8                FLASH_OB_BORConfig
 .text.IWDG_WriteAccessCmd
                0x0000000008008df4        0xc build_Zomwar-application/stm32l1xx_iwdg.o
                0x0000000008008df4                IWDG_WriteAccessCmd
 .text.IWDG_SetPrescaler
                0x0000000008008e00        0xc build_Zomwar-application/stm32l1xx_iwdg.o
                0x0000000008008e00                IWDG_SetPrescaler
 .text.IWDG_SetReload
                0x0000000008008e0c        0xc build_Zomwar-application/stm32l1xx_iwdg.o
                0x0000000008008e0c                IWDG_SetReload
 .text.IWDG_ReloadCounter
                0x0000000008008e18       0x10 build_Zomwar-application/stm32l1xx_iwdg.o
                0x0000000008008e18                IWDG_ReloadCounter
 .text.IWDG_Enable
                0x0000000008008e28       0x10 build_Zomwar-application/stm32l1xx_iwdg.o
                0x0000000008008e28                IWDG_Enable
 .text.I2C_SendData
                0x0000000008008e38        0x4 build_Zomwar-application/stm32l1xx_i2c.o
                0x0000000008008e38                I2C_SendData
 .text.I2C_CheckEvent
                0x0000000008008e3c       0x18 build_Zomwar-application/stm32l1xx_i2c.o
                0x0000000008008e3c                I2C_CheckEvent
 .text.disable_interrupts
                0x0000000008008e54       0x10 build_Zomwar-application/platform.o
                0x0000000008008e54                disable_interrupts
 .text.entry_critical
                0x0000000008008e64       0x14 build_Zomwar-application/platform.o
                0x0000000008008e64                entry_critical
 .text.exit_critical
                0x0000000008008e78       0x30 build_Zomwar-application/platform.o
                0x0000000008008e78                exit_critical
 .text.default_handler
                0x0000000008008ea8       0x1c build_Zomwar-application/system.o
                0x0000000008008ea8                svc_handler
                0x0000000008008ea8                default_handler
                0x0000000008008ea8                dg_monitor_handler
                0x0000000008008ea8                pendsv_handler
 .text.nmi_handler
                0x0000000008008ec4       0x1c build_Zomwar-application/system.o
                0x0000000008008ec4                nmi_handler
 .text.hard_fault_handler
                0x0000000008008ee0       0x1c build_Zomwar-application/system.o
                0x0000000008008ee0                hard_fault_handler
 .text.mem_manage_handler
                0x0000000008008efc       0x1c build_Zomwar-application/system.o
                0x0000000008008efc                mem_manage_handler
 .text.bus_fault_handler
                0x0000000008008f18       0x1c build_Zomwar-application/system.o
                0x0000000008008f18                bus_fault_handler
 .text.usage_fault_handler
                0x0000000008008f34       0x1c build_Zomwar-application/system.o
                0x0000000008008f34                usage_fault_handler
 .text.systick_handler
                0x0000000008008f50       0x40 build_Zomwar-application/system.o
                0x0000000008008f50                systick_handler
 .text.uart1_irq
                0x0000000008008f90       0x64 build_Zomwar-application/system.o
                0x0000000008008f90                uart1_irq
 .text.exti_line1_irq
                0x0000000008008ff4       0x1c build_Zomwar-application/system.o
                0x0000000008008ff4                exti_line1_irq
 .text.timer7_irq
                0x0000000008009010       0x24 build_Zomwar-application/system.o
                0x0000000008009010                timer7_irq
 .text.sys_ctrl_delay
                0x0000000008009034        0xc build_Zomwar-application/system.o
                0x0000000008009034                sys_ctrl_delay
 .text.sys_ctrl_millis
                0x0000000008009040       0x1c build_Zomwar-application/system.o
                0x0000000008009040                sys_ctrl_millis
 .text._init    0x000000000800905c        0x2 build_Zomwar-application/system.o
                0x000000000800905c                _init
 .text._fini    0x000000000800905e        0x2 build_Zomwar-application/system.o
                0x000000000800905e                _fini
 .text.sys_stack_count_init
                0x0000000008009060       0x3c build_Zomwar-application/system.o
                0x0000000008009060                sys_stack_count_init
 .text.reset_handler
                0x000000000800909c       0xc8 build_Zomwar-application/system.o
                0x000000000800909c                reset_handler
 .text.sys_stack_usage
                0x0000000008009164       0x20 build_Zomwar-application/system.o
                0x0000000008009164                sys_stack_usage
 .text.sys_stack_get_size
                0x0000000008009184        0xc build_Zomwar-application/system.o
                0x0000000008009184                sys_stack_get_size
 .text.sys_ctrl_shell_put_char_block
                0x0000000008009190       0x2c build_Zomwar-application/sys_cfg.o
                0x0000000008009190                sys_ctrl_shell_put_char_block
 .text.sys_cfg_clock
                0x00000000080091bc       0x22 build_Zomwar-application/sys_cfg.o
                0x00000000080091bc                sys_cfg_clock
 *fill*         0x00000000080091de        0x2 
 .text.sys_cfg_tick
                0x00000000080091e0       0x50 build_Zomwar-application/sys_cfg.o
                0x00000000080091e0                sys_cfg_tick
 .text.sys_cfg_svc
                0x0000000008009230       0x30 build_Zomwar-application/sys_cfg.o
                0x0000000008009230                sys_cfg_svc
 .text.sys_cfg_pendsv
                0x0000000008009260       0x34 build_Zomwar-application/sys_cfg.o
                0x0000000008009260                sys_cfg_pendsv
 .text.sys_cfg_update_info
                0x0000000008009294      0x108 build_Zomwar-application/sys_cfg.o
                0x0000000008009294                sys_cfg_update_info
 .text.sys_ctrl_shell_sw_to_block
                0x000000000800939c       0x38 build_Zomwar-application/sys_cfg.o
                0x000000000800939c                sys_ctrl_shell_sw_to_block
 .text.sys_cfg_console
                0x00000000080093d4       0xd8 build_Zomwar-application/sys_cfg.o
                0x00000000080093d4                sys_cfg_console
 .text.sys_ctrl_shell_get_char
                0x00000000080094ac       0x34 build_Zomwar-application/sys_cfg.o
                0x00000000080094ac                sys_ctrl_shell_get_char
 .text.sys_ctrl_reset
                0x00000000080094e0       0x20 build_Zomwar-application/sys_cfg.o
                0x00000000080094e0                sys_ctrl_reset
 .text.sys_ctrl_delay_us
                0x0000000008009500       0x58 build_Zomwar-application/sys_cfg.o
                0x0000000008009500                sys_ctrl_delay_us
 .text.sys_ctrl_delay_ms
                0x0000000008009558       0x1e build_Zomwar-application/sys_cfg.o
                0x0000000008009558                sys_ctrl_delay_ms
 *fill*         0x0000000008009576        0x2 
 .text.sys_ctr_stop_mcu
                0x0000000008009578       0xa8 build_Zomwar-application/sys_cfg.o
                0x0000000008009578                sys_ctr_stop_mcu
 .text.sys_ctrl_independent_watchdog_init
                0x0000000008009620       0x24 build_Zomwar-application/sys_cfg.o
                0x0000000008009620                sys_ctrl_independent_watchdog_init
 .text.sys_ctrl_independent_watchdog_reset
                0x0000000008009644       0x12 build_Zomwar-application/sys_cfg.o
                0x0000000008009644                sys_ctrl_independent_watchdog_reset
 *fill*         0x0000000008009656        0x2 
 .text.sys_ctrl_soft_watchdog_init
                0x0000000008009658       0x68 build_Zomwar-application/sys_cfg.o
                0x0000000008009658                sys_ctrl_soft_watchdog_init
 .text.sys_ctrl_soft_watchdog_reset
                0x00000000080096c0       0x18 build_Zomwar-application/sys_cfg.o
                0x00000000080096c0                sys_ctrl_soft_watchdog_reset
 .text.sys_ctrl_soft_watchdog_increase_counter
                0x00000000080096d8       0x40 build_Zomwar-application/sys_cfg.o
                0x00000000080096d8                sys_ctrl_soft_watchdog_increase_counter
 .text.sys_ctrl_get_firmware_info
                0x0000000008009718       0x40 build_Zomwar-application/sys_cfg.o
                0x0000000008009718                sys_ctrl_get_firmware_info
 .text.task_irq_io_entry_trigger
                0x0000000008009758        0x2 build_Zomwar-application/sys_cfg.o
                0x0000000008009758                task_irq_io_entry_trigger
 .text.task_irq_io_exit_trigger
                0x000000000800975a        0x2 build_Zomwar-application/sys_cfg.o
                0x000000000800975a                task_irq_io_exit_trigger
 .text.io_button_mode_init
                0x000000000800975c       0x28 build_Zomwar-application/io_cfg.o
                0x000000000800975c                io_button_mode_init
 .text.io_button_up_init
                0x0000000008009784       0x28 build_Zomwar-application/io_cfg.o
                0x0000000008009784                io_button_up_init
 .text.io_button_down_init
                0x00000000080097ac       0x28 build_Zomwar-application/io_cfg.o
                0x00000000080097ac                io_button_down_init
 .text.io_button_mode_read
                0x00000000080097d4        0xc build_Zomwar-application/io_cfg.o
                0x00000000080097d4                io_button_mode_read
 .text.io_button_up_read
                0x00000000080097e0       0x10 build_Zomwar-application/io_cfg.o
                0x00000000080097e0                io_button_up_read
 .text.io_button_down_read
                0x00000000080097f0        0xc build_Zomwar-application/io_cfg.o
                0x00000000080097f0                io_button_down_read
 .text.led_life_init
                0x00000000080097fc       0x28 build_Zomwar-application/io_cfg.o
                0x00000000080097fc                led_life_init
 .text.led_life_on
                0x0000000008009824       0x10 build_Zomwar-application/io_cfg.o
                0x0000000008009824                led_life_on
 .text.led_life_off
                0x0000000008009834       0x10 build_Zomwar-application/io_cfg.o
                0x0000000008009834                led_life_off
 .text.flash_io_ctrl_init
                0x0000000008009844       0x28 build_Zomwar-application/io_cfg.o
                0x0000000008009844                flash_io_ctrl_init
 .text.flash_cs_low
                0x000000000800986c       0x10 build_Zomwar-application/io_cfg.o
                0x000000000800986c                flash_cs_low
 .text.flash_cs_high
                0x000000000800987c       0x10 build_Zomwar-application/io_cfg.o
                0x000000000800987c                flash_cs_high
 .text.flash_transfer
                0x000000000800988c       0x98 build_Zomwar-application/io_cfg.o
                0x000000000800988c                flash_transfer
 .text.io_cfg_adc1
                0x0000000008009924       0x48 build_Zomwar-application/io_cfg.o
                0x0000000008009924                io_cfg_adc1
 .text.adc_bat_io_cfg
                0x000000000800996c       0x2c build_Zomwar-application/io_cfg.o
                0x000000000800996c                adc_bat_io_cfg
 .text.sys_ctr_get_vbat_voltage
                0x0000000008009998       0x90 build_Zomwar-application/io_cfg.o
                0x0000000008009998                sys_ctr_get_vbat_voltage
 .text.sys_ctr_get_mcu_temperature
                0x0000000008009a28       0x6c build_Zomwar-application/io_cfg.o
                0x0000000008009a28                sys_ctr_get_mcu_temperature
 .text.oled_clk_input_mode
                0x0000000008009a94       0x28 build_Zomwar-application/io_cfg.o
                0x0000000008009a94                oled_clk_input_mode
 .text.oled_clk_output_mode
                0x0000000008009abc       0x28 build_Zomwar-application/io_cfg.o
                0x0000000008009abc                oled_clk_output_mode
 .text.oled_clk_digital_write_low
                0x0000000008009ae4       0x10 build_Zomwar-application/io_cfg.o
                0x0000000008009ae4                oled_clk_digital_write_low
 .text.oled_clk_digital_write_high
                0x0000000008009af4       0x10 build_Zomwar-application/io_cfg.o
                0x0000000008009af4                oled_clk_digital_write_high
 .text.oled_data_input_mode
                0x0000000008009b04       0x28 build_Zomwar-application/io_cfg.o
                0x0000000008009b04                oled_data_input_mode
 .text.oled_data_output_mode
                0x0000000008009b2c       0x28 build_Zomwar-application/io_cfg.o
                0x0000000008009b2c                oled_data_output_mode
 .text.oled_data_digital_write_low
                0x0000000008009b54       0x10 build_Zomwar-application/io_cfg.o
                0x0000000008009b54                oled_data_digital_write_low
 .text.oled_data_digital_write_high
                0x0000000008009b64       0x10 build_Zomwar-application/io_cfg.o
                0x0000000008009b64                oled_data_digital_write_high
 .text.oled_res_input_mode
                0x0000000008009b74       0x28 build_Zomwar-application/io_cfg.o
                0x0000000008009b74                oled_res_input_mode
 .text.oled_res_output_mode
                0x0000000008009b9c       0x28 build_Zomwar-application/io_cfg.o
                0x0000000008009b9c                oled_res_output_mode
 .text.oled_res_digital_write_low
                0x0000000008009bc4       0x10 build_Zomwar-application/io_cfg.o
                0x0000000008009bc4                oled_res_digital_write_low
 .text.oled_res_digital_write_high
                0x0000000008009bd4       0x10 build_Zomwar-application/io_cfg.o
                0x0000000008009bd4                oled_res_digital_write_high
 .text.io_eeprom_read
                0x0000000008009be4       0x34 build_Zomwar-application/io_cfg.o
                0x0000000008009be4                io_eeprom_read
 .text.io_eeprom_erase
                0x0000000008009c18       0x4c build_Zomwar-application/io_cfg.o
                0x0000000008009c18                io_eeprom_erase
 .text.internal_flash_unlock
                0x0000000008009c64       0x12 build_Zomwar-application/io_cfg.o
                0x0000000008009c64                internal_flash_unlock
 .text.internal_flash_lock
                0x0000000008009c76        0x4 build_Zomwar-application/io_cfg.o
                0x0000000008009c76                internal_flash_lock
 .text.internal_flash_erase_pages_cal
                0x0000000008009c7a       0x24 build_Zomwar-application/io_cfg.o
                0x0000000008009c7a                internal_flash_erase_pages_cal
 .text.internal_flash_write_cal
                0x0000000008009c9e       0x48 build_Zomwar-application/io_cfg.o
                0x0000000008009c9e                internal_flash_write_cal
 *fill*         0x0000000008009ce6        0x2 
 .text.io_uart2_cfg
                0x0000000008009ce8       0xbc build_Zomwar-application/io_cfg.o
                0x0000000008009ce8                io_uart2_cfg
 .text.io_uart_rs485_cfg
                0x0000000008009da4       0x78 build_Zomwar-application/io_cfg.o
                0x0000000008009da4                io_uart_rs485_cfg
 .text.io_rs485_dir_mode_output
                0x0000000008009e1c       0x30 build_Zomwar-application/io_cfg.o
                0x0000000008009e1c                io_rs485_dir_mode_output
 .text.io_rs485_dir_low
                0x0000000008009e4c        0xc build_Zomwar-application/io_cfg.o
                0x0000000008009e4c                io_rs485_dir_low
 .text.io_rs485_dir_high
                0x0000000008009e58        0xc build_Zomwar-application/io_cfg.o
                0x0000000008009e58                io_rs485_dir_high
 .text.SystemInit
                0x0000000008009e64      0x114 build_Zomwar-application/system_stm32l1xx.o
                0x0000000008009e64                SystemInit
 .text.SystemCoreClockUpdate
                0x0000000008009f78       0x88 build_Zomwar-application/system_stm32l1xx.o
                0x0000000008009f78                SystemCoreClockUpdate
 .text._Z27scr_es35sw_th_sensor_handleP8ak_msg_t
                0x000000000800a000       0xcc build_Zomwar-application/scr_es35sw_th_sensor.o
                0x000000000800a000                scr_es35sw_th_sensor_handle(ak_msg_t*)
 .text._ZL25view_scr_es35sw_th_sensorv
                0x000000000800a0cc      0x16c build_Zomwar-application/scr_es35sw_th_sensor.o
 .text._ZL13view_scr_idlev
                0x000000000800a238       0x34 build_Zomwar-application/scr_idle.o
 .text._ZN4ballC2Ev
                0x000000000800a26c       0x5e build_Zomwar-application/scr_idle.o
                0x000000000800a26c                ball::ball()
                0x000000000800a26c                ball::ball()
 *fill*         0x000000000800a2ca        0x2 
 .text._ZNSt6vectorI4ballSaIS0_EE17_M_realloc_insertIJRKS0_EEEvN9__gnu_cxx17__normal_iteratorIPS0_S2_EEDpOT_
                0x000000000800a2cc      0x110 build_Zomwar-application/scr_idle.o
                0x000000000800a2cc                void std::vector<ball, std::allocator<ball> >::_M_realloc_insert<ball const&>(__gnu_cxx::__normal_iterator<ball*, std::vector<ball, std::allocator<ball> > >, ball const&)
 .text._ZNSt6vectorI4ballSaIS0_EE9push_backERKS0_
                0x000000000800a3dc       0x2c build_Zomwar-application/scr_idle.o
                0x000000000800a3dc                std::vector<ball, std::allocator<ball> >::push_back(ball const&)
 .text._Z15scr_idle_handleP8ak_msg_t
                0x000000000800a408      0x1b8 build_Zomwar-application/scr_idle.o
                0x000000000800a408                scr_idle_handle(ak_msg_t*)
 .text.startup._GLOBAL__sub_I_dyn_view_idle
                0x000000000800a5c0       0x10 build_Zomwar-application/scr_idle.o
 .text.exit._GLOBAL__sub_D_dyn_view_idle
                0x000000000800a5d0       0x10 build_Zomwar-application/scr_idle.o
 .text._Z15scr_info_handleP8ak_msg_t
                0x000000000800a5e0       0x68 build_Zomwar-application/scr_info.o
                0x000000000800a5e0                scr_info_handle(ak_msg_t*)
 .text._ZL13view_scr_infov
                0x000000000800a648       0x78 build_Zomwar-application/scr_info.o
 .text._Z28scr_lhio404_io_device_handleP8ak_msg_t
                0x000000000800a6c0       0xcc build_Zomwar-application/scr_lhio404_io_device.o
                0x000000000800a6c0                scr_lhio404_io_device_handle(ak_msg_t*)
 .text._ZL26view_scr_lhio404_io_devicev
                0x000000000800a78c      0x140 build_Zomwar-application/scr_lhio404_io_device.o
 .text._ZL16view_scr_startupv
                0x000000000800a8cc       0x94 build_Zomwar-application/scr_startup.o
 .text._Z18scr_startup_handleP8ak_msg_t
                0x000000000800a960       0x98 build_Zomwar-application/scr_startup.o
                0x000000000800a960                scr_startup_handle(ak_msg_t*)
 .text._Z22zw_game_gunner_displayv
                0x000000000800a9f8       0x44 build_Zomwar-application/scr_game_zomwar.o
                0x000000000800a9f8                zw_game_gunner_display()
 .text._Z22zw_game_bullet_displayv
                0x000000000800aa3c       0x48 build_Zomwar-application/scr_game_zomwar.o
                0x000000000800aa3c                zw_game_bullet_display()
 .text._Z19zw_game_car_displayv
                0x000000000800aa84       0x80 build_Zomwar-application/scr_game_zomwar.o
                0x000000000800aa84                zw_game_car_display()
 .text._Z23zw_game_time_tick_setupv
                0x000000000800ab04        0xc build_Zomwar-application/scr_game_zomwar.o
                0x000000000800ab04                zw_game_time_tick_setup()
 .text._Z18scr_zw_game_handleP8ak_msg_t
                0x000000000800ab10       0xbc build_Zomwar-application/scr_game_zomwar.o
                0x000000000800ab10                scr_zw_game_handle(ak_msg_t*)
 .text._Z21zw_game_frame_displayv
                0x000000000800abcc       0x6c build_Zomwar-application/scr_game_zomwar.o
                0x000000000800abcc                zw_game_frame_display()
 .text._Z21zw_game_grass_displayv
                0x000000000800ac38       0x5c build_Zomwar-application/scr_game_zomwar.o
                0x000000000800ac38                zw_game_grass_display()
 .text._ZL20view_scr_game_zomwarv
                0x000000000800ac94       0x3c build_Zomwar-application/scr_game_zomwar.o
 .text._Z20scr_game_menu_handleP8ak_msg_t
                0x000000000800acd0      0x110 build_Zomwar-application/scr_game_menu.o
                0x000000000800acd0                scr_game_menu_handle(ak_msg_t*)
 .text._ZL18view_scr_game_menuv
                0x000000000800ade0       0xc0 build_Zomwar-application/scr_game_menu.o
 .text._Z23scr_game_setting_handleP8ak_msg_t
                0x000000000800aea0       0xa8 build_Zomwar-application/scr_game_setting.o
                0x000000000800aea0                scr_game_setting_handle(ak_msg_t*)
 .text._ZL21view_scr_game_settingv
                0x000000000800af48      0x13c build_Zomwar-application/scr_game_setting.o
 .text._ZL18view_scr_game_rankv
                0x000000000800b084      0x150 build_Zomwar-application/scr_game_rank.o
 .text._Z20scr_game_rank_handleP8ak_msg_t
                0x000000000800b1d4      0x148 build_Zomwar-application/scr_game_rank.o
                0x000000000800b1d4                scr_game_rank_handle(ak_msg_t*)
 .text._Z21zw_game_gunner_handleP8ak_msg_t
                0x000000000800b31c       0xa0 build_Zomwar-application/zw_game_gunner.o
                0x000000000800b31c                zw_game_gunner_handle(ak_msg_t*)
 .text._Z21zw_game_bullet_handleP8ak_msg_t
                0x000000000800b3bc       0xd8 build_Zomwar-application/zw_game_bullet.o
                0x000000000800b3bc                zw_game_bullet_handle(ak_msg_t*)
 .text._Z18zw_game_car_handleP8ak_msg_t
                0x000000000800b494       0x80 build_Zomwar-application/zw_game_car.o
                0x000000000800b494                zw_game_car_handle(ak_msg_t*)
 .text._Z21zw_game_border_handleP8ak_msg_t
                0x000000000800b514       0x78 build_Zomwar-application/zw_game_border.o
                0x000000000800b514                zw_game_border_handle(ak_msg_t*)
 .text._Z11task_systemP8ak_msg_t
                0x000000000800b58c       0x44 build_Zomwar-application/task_system.o
                0x000000000800b58c                task_system(ak_msg_t*)
 .text.main_app
                0x000000000800b5d0      0x294 build_Zomwar-application/app.o
                0x000000000800b5d0                main_app
 .text._Z19task_polling_zigbeev
                0x000000000800b864        0x2 build_Zomwar-application/app.o
                0x000000000800b864                task_polling_zigbee()
 *fill*         0x000000000800b866        0x2 
 .text._Z20task_polling_consolev
                0x000000000800b868       0xd8 build_Zomwar-application/app.o
                0x000000000800b868                task_polling_console()
 .text.sys_irq_timer_10ms
                0x000000000800b940       0x24 build_Zomwar-application/app.o
                0x000000000800b940                sys_irq_timer_10ms
 .text._Z17btn_mode_callbackPv
                0x000000000800b964       0x3c build_Zomwar-application/app_bsp.o
                0x000000000800b964                btn_mode_callback(void*)
 .text._Z15btn_up_callbackPv
                0x000000000800b9a0       0x44 build_Zomwar-application/app_bsp.o
                0x000000000800b9a0                btn_up_callback(void*)
 .text._Z17btn_down_callbackPv
                0x000000000800b9e4       0x44 build_Zomwar-application/app_bsp.o
                0x000000000800b9e4                btn_down_callback(void*)
 .text._Z22updateDataModbusDeviceP21ModbusDeviceStructure
                0x000000000800ba28       0xc4 build_Zomwar-application/app_modbus_pull.o
                0x000000000800ba28                updateDataModbusDevice(ModbusDeviceStructure*)
 .text._ZL19str_parser_get_attrh
                0x000000000800baec       0x1c build_Zomwar-application/shell.o
 .text._Z9shell_sttPh
                0x000000000800bb08        0x4 build_Zomwar-application/shell.o
                0x000000000800bb08                shell_stt(unsigned char*)
 .text._Z9shell_psvPh
                0x000000000800bb0c       0x14 build_Zomwar-application/shell.o
                0x000000000800bb0c                shell_psv(unsigned char*)
 .text._Z11shell_resetPh
                0x000000000800bb20       0x10 build_Zomwar-application/shell.o
                0x000000000800bb20                shell_reset(unsigned char*)
 .text._Z10shell_helpPh
                0x000000000800bb30       0x30 build_Zomwar-application/shell.o
                0x000000000800bb30                shell_help(unsigned char*)
 .text._Z9shell_verPh
                0x000000000800bb60      0x118 build_Zomwar-application/shell.o
                0x000000000800bb60                shell_ver(unsigned char*)
 .text._Z12shell_rebootPh
                0x000000000800bc78       0x10 build_Zomwar-application/shell.o
                0x000000000800bc78                shell_reboot(unsigned char*)
 .text._ZL10str_parserPc
                0x000000000800bc88       0x60 build_Zomwar-application/shell.o
 .text._Z11shell_fatalPh
                0x000000000800bce8      0x2f4 build_Zomwar-application/shell.o
                0x000000000800bce8                shell_fatal(unsigned char*)
 .text._Z11shell_flashPh
                0x000000000800bfdc      0x150 build_Zomwar-application/shell.o
                0x000000000800bfdc                shell_flash(unsigned char*)
 .text._Z9shell_epsPh
                0x000000000800c12c       0xd0 build_Zomwar-application/shell.o
                0x000000000800c12c                shell_eps(unsigned char*)
 .text._Z9shell_ramPh
                0x000000000800c1fc      0x20c build_Zomwar-application/shell.o
                0x000000000800c1fc                shell_ram(unsigned char*)
 .text._Z10shell_bootPh
                0x000000000800c408       0xdc build_Zomwar-application/shell.o
                0x000000000800c408                shell_boot(unsigned char*)
 .text._Z9shell_fwuPh
                0x000000000800c4e4       0x34 build_Zomwar-application/shell.o
                0x000000000800c4e4                shell_fwu(unsigned char*)
 .text._Z12shell_buzzerPh
                0x000000000800c518       0x88 build_Zomwar-application/shell.o
                0x000000000800c518                shell_buzzer(unsigned char*)
 .text._Z9shell_dbgPh
                0x000000000800c5a0       0x38 build_Zomwar-application/shell.o
                0x000000000800c5a0                shell_dbg(unsigned char*)
 .text._Z12shell_modbusPh
                0x000000000800c5d8       0xe0 build_Zomwar-application/shell.o
                0x000000000800c5d8                shell_modbus(unsigned char*)
 .text._Z9shell_epiPh
                0x000000000800c6b8        0x4 build_Zomwar-application/shell.o
                0x000000000800c6b8                shell_epi(unsigned char*)
 .text._Z9shell_lcdPh
                0x000000000800c6bc      0x15c build_Zomwar-application/shell.o
                0x000000000800c6bc                shell_lcd(unsigned char*)
 .text.sys_irq_shell
                0x000000000800c818       0x2c build_Zomwar-application/task_shell.o
                0x000000000800c818                sys_irq_shell
 .text._Z10task_shellP8ak_msg_t
                0x000000000800c844       0x7c build_Zomwar-application/task_shell.o
                0x000000000800c844                task_shell(ak_msg_t*)
 .text._Z9task_lifeP8ak_msg_t
                0x000000000800c8c0       0x20 build_Zomwar-application/task_life.o
                0x000000000800c8c0                task_life(ak_msg_t*)
 .text._Z7task_fwP8ak_msg_t
                0x000000000800c8e0      0x490 build_Zomwar-application/task_fw.o
                0x000000000800c8e0                task_fw(ak_msg_t*)
 .text._Z12task_displayP8ak_msg_t
                0x000000000800cd70        0x4 build_Zomwar-application/task_display.o
                0x000000000800cd70                task_display(ak_msg_t*)
 .text._Z7task_ifP8ak_msg_t
                0x000000000800cd74       0xe4 build_Zomwar-application/task_if.o
                0x000000000800cd74                task_if(ak_msg_t*)
 .text._Z12task_rf24_ifP8ak_msg_t
                0x000000000800ce58        0x2 build_Zomwar-application/task_rf24_if.o
                0x000000000800ce58                task_rf24_if(ak_msg_t*)
 *fill*         0x000000000800ce5a        0x2 
 .text._Z12task_uart_ifP8ak_msg_t
                0x000000000800ce5c       0xc0 build_Zomwar-application/task_uart_if.o
                0x000000000800ce5c                task_uart_if(ak_msg_t*)
 .text._Z8task_dbgP8ak_msg_t
                0x000000000800cf1c        0x2 build_Zomwar-application/task_dbg.o
                0x000000000800cf1c                task_dbg(ak_msg_t*)
 .text._ZL19view_render_dynamicPv
                0x000000000800cf1e        0xa build_Zomwar-application/view_render.o
 .text._Z22view_render_display_onv
                0x000000000800cf28        0xc build_Zomwar-application/view_render.o
                0x000000000800cf28                view_render_display_on()
 .text.startup._GLOBAL__sub_I_view_render
                0x000000000800cf34        0xc build_Zomwar-application/view_render.o
 .text.exit._GLOBAL__sub_D_view_render
                0x000000000800cf40        0xc build_Zomwar-application/view_render.o
 .text._Z18view_render_screenP13view_screen_t
                0x000000000800cf4c       0x68 build_Zomwar-application/view_render.o
                0x000000000800cf4c                view_render_screen(view_screen_t*)
 .text._ZL21view_render_rectanglePv
                0x000000000800cfb4       0xe8 build_Zomwar-application/view_render.o
 .text._Z12scr_mng_ctorP9scr_mng_tPFvP8ak_msg_tEP13view_screen_t
                0x000000000800d09c       0x20 build_Zomwar-application/screen_manager.o
                0x000000000800d09c                scr_mng_ctor(scr_mng_t*, void (*)(ak_msg_t*), view_screen_t*)
 .text._Z16scr_mng_dispatchP8ak_msg_t
                0x000000000800d0bc       0x48 build_Zomwar-application/screen_manager.o
                0x000000000800d0bc                scr_mng_dispatch(ak_msg_t*)
 .text._Z12scr_mng_tranPFvP8ak_msg_tEP13view_screen_t
                0x000000000800d104       0x44 build_Zomwar-application/screen_manager.o
                0x000000000800d104                scr_mng_tran(void (*)(ak_msg_t*), view_screen_t*)
 .text._Z39scr_mng_contain_screen_none_update_markv
                0x000000000800d148        0xc build_Zomwar-application/screen_manager.o
                0x000000000800d148                scr_mng_contain_screen_none_update_mark()
 .text._ZN12Adafruit_GFX8drawLineEsssst
                0x000000000800d154       0xbe build_Zomwar-application/Adafruit_GFX.o
                0x000000000800d154                Adafruit_GFX::drawLine(short, short, short, short, unsigned short)
 .text._ZN12Adafruit_GFX8drawRectEsssst
                0x000000000800d212       0x68 build_Zomwar-application/Adafruit_GFX.o
                0x000000000800d212                Adafruit_GFX::drawRect(short, short, short, short, unsigned short)
 .text._ZN12Adafruit_GFX13drawFastVLineEssst
                0x000000000800d27a       0x1c build_Zomwar-application/Adafruit_GFX.o
                0x000000000800d27a                Adafruit_GFX::drawFastVLine(short, short, short, unsigned short)
 .text._ZN12Adafruit_GFX13drawFastHLineEssst
                0x000000000800d296       0x1a build_Zomwar-application/Adafruit_GFX.o
                0x000000000800d296                Adafruit_GFX::drawFastHLine(short, short, short, unsigned short)
 .text._ZN12Adafruit_GFX8fillRectEsssst
                0x000000000800d2b0       0x38 build_Zomwar-application/Adafruit_GFX.o
                0x000000000800d2b0                Adafruit_GFX::fillRect(short, short, short, short, unsigned short)
 .text._ZN12Adafruit_GFX10fillScreenEt
                0x000000000800d2e8       0x1c build_Zomwar-application/Adafruit_GFX.o
                0x000000000800d2e8                Adafruit_GFX::fillScreen(unsigned short)
 .text._ZN12Adafruit_GFXC2Ess
                0x000000000800d304       0x28 build_Zomwar-application/Adafruit_GFX.o
                0x000000000800d304                Adafruit_GFX::Adafruit_GFX(short, short)
                0x000000000800d304                Adafruit_GFX::Adafruit_GFX(short, short)
 .text._ZN12Adafruit_GFX10drawCircleEssst
                0x000000000800d32c      0x172 build_Zomwar-application/Adafruit_GFX.o
                0x000000000800d32c                Adafruit_GFX::drawCircle(short, short, short, unsigned short)
 .text._ZN12Adafruit_GFX16drawCircleHelperEsssht
                0x000000000800d49e      0x17a build_Zomwar-application/Adafruit_GFX.o
                0x000000000800d49e                Adafruit_GFX::drawCircleHelper(short, short, short, unsigned char, unsigned short)
 .text._ZN12Adafruit_GFX16fillCircleHelperEssshst
                0x000000000800d618      0x124 build_Zomwar-application/Adafruit_GFX.o
                0x000000000800d618                Adafruit_GFX::fillCircleHelper(short, short, short, unsigned char, short, unsigned short)
 .text._ZN12Adafruit_GFX13drawRoundRectEssssst
                0x000000000800d73c      0x10e build_Zomwar-application/Adafruit_GFX.o
                0x000000000800d73c                Adafruit_GFX::drawRoundRect(short, short, short, short, short, unsigned short)
 .text._ZN12Adafruit_GFX13fillRoundRectEssssst
                0x000000000800d84a       0x88 build_Zomwar-application/Adafruit_GFX.o
                0x000000000800d84a                Adafruit_GFX::fillRoundRect(short, short, short, short, short, unsigned short)
 .text._ZN12Adafruit_GFX10drawBitmapEssPKhsst
                0x000000000800d8d2       0x92 build_Zomwar-application/Adafruit_GFX.o
                0x000000000800d8d2                Adafruit_GFX::drawBitmap(short, short, unsigned char const*, short, short, unsigned short)
 .text._ZN12Adafruit_GFX8drawCharEsshtth
                0x000000000800d964      0x108 build_Zomwar-application/Adafruit_GFX.o
                0x000000000800d964                Adafruit_GFX::drawChar(short, short, unsigned char, unsigned short, unsigned short, unsigned char)
 .text._ZN12Adafruit_GFX5writeEh
                0x000000000800da6c       0x64 build_Zomwar-application/Adafruit_GFX.o
                0x000000000800da6c                Adafruit_GFX::write(unsigned char)
 .text._ZN12Adafruit_GFX9setCursorEss
                0x000000000800dad0        0x6 build_Zomwar-application/Adafruit_GFX.o
                0x000000000800dad0                Adafruit_GFX::setCursor(short, short)
 .text._ZN12Adafruit_GFX11setTextSizeEh
                0x000000000800dad6        0xa build_Zomwar-application/Adafruit_GFX.o
                0x000000000800dad6                Adafruit_GFX::setTextSize(unsigned char)
 .text._ZN12Adafruit_GFX12setTextColorEt
                0x000000000800dae0        0x6 build_Zomwar-application/Adafruit_GFX.o
                0x000000000800dae0                Adafruit_GFX::setTextColor(unsigned short)
 .text._ZN12Adafruit_GFX5widthEv
                0x000000000800dae6        0x6 build_Zomwar-application/Adafruit_GFX.o
                0x000000000800dae6                Adafruit_GFX::width()
 .text._ZN12Adafruit_GFX6heightEv
                0x000000000800daec        0x6 build_Zomwar-application/Adafruit_GFX.o
                0x000000000800daec                Adafruit_GFX::height()
 .text._ZN17Adafruit_oled_drv9updateRowEii
                0x000000000800daf2       0x1e build_Zomwar-application/Adafruit_oled_drv.o
                0x000000000800daf2                Adafruit_oled_drv::updateRow(int, int)
 .text._ZN17Adafruit_oled_drv9drawPixelEsst
                0x000000000800db10       0x52 build_Zomwar-application/Adafruit_oled_drv.o
                0x000000000800db10                Adafruit_oled_drv::drawPixel(short, short, unsigned short)
 *fill*         0x000000000800db62        0x2 
 .text._ZN17Adafruit_oled_drvC2Ev
                0x000000000800db64       0x28 build_Zomwar-application/Adafruit_oled_drv.o
                0x000000000800db64                Adafruit_oled_drv::Adafruit_oled_drv()
                0x000000000800db64                Adafruit_oled_drv::Adafruit_oled_drv()
 .text._ZN17Adafruit_oled_drvD2Ev
                0x000000000800db8c        0x2 build_Zomwar-application/Adafruit_oled_drv.o
                0x000000000800db8c                Adafruit_oled_drv::~Adafruit_oled_drv()
                0x000000000800db8c                Adafruit_oled_drv::~Adafruit_oled_drv()
 .text._ZN17Adafruit_oled_drv5clearEb
                0x000000000800db8e       0x22 build_Zomwar-application/Adafruit_oled_drv.o
                0x000000000800db8e                Adafruit_oled_drv::clear(bool)
 .text._ZN17Adafruit_oled_drv9writeByteEh
                0x000000000800dbb0       0x54 build_Zomwar-application/Adafruit_oled_drv.o
                0x000000000800dbb0                Adafruit_oled_drv::writeByte(unsigned char)
 .text._ZN17Adafruit_oled_drv8startIICEv
                0x000000000800dc04       0x2c build_Zomwar-application/Adafruit_oled_drv.o
                0x000000000800dc04                Adafruit_oled_drv::startIIC()
 .text._ZN17Adafruit_oled_drv7stopIICEv
                0x000000000800dc30       0x2c build_Zomwar-application/Adafruit_oled_drv.o
                0x000000000800dc30                Adafruit_oled_drv::stopIIC()
 .text._ZN17Adafruit_oled_drv12writeCommandEh
                0x000000000800dc5c       0x2c build_Zomwar-application/Adafruit_oled_drv.o
                0x000000000800dc5c                Adafruit_oled_drv::writeCommand(unsigned char)
 .text._ZN17Adafruit_oled_drv10initializeEv
                0x000000000800dc88      0x120 build_Zomwar-application/Adafruit_oled_drv.o
                0x000000000800dc88                Adafruit_oled_drv::initialize()
 .text._ZN17Adafruit_oled_drv10display_onEv
                0x000000000800dda8        0x6 build_Zomwar-application/Adafruit_oled_drv.o
                0x000000000800dda8                Adafruit_oled_drv::display_on()
 .text._ZN17Adafruit_oled_drv11display_offEv
                0x000000000800ddae        0x6 build_Zomwar-application/Adafruit_oled_drv.o
                0x000000000800ddae                Adafruit_oled_drv::display_off()
 .text._ZN17Adafruit_oled_drv17startDataSequenceEv
                0x000000000800ddb4       0x1c build_Zomwar-application/Adafruit_oled_drv.o
                0x000000000800ddb4                Adafruit_oled_drv::startDataSequence()
 .text._ZN17Adafruit_oled_drv6updateEv
                0x000000000800ddd0       0x4e build_Zomwar-application/Adafruit_oled_drv.o
                0x000000000800ddd0                Adafruit_oled_drv::update()
 .text._ZN17Adafruit_oled_drv9updateRowEi
                0x000000000800de1e       0x6c build_Zomwar-application/Adafruit_oled_drv.o
                0x000000000800de1e                Adafruit_oled_drv::updateRow(int)
 .text.eeprom_read
                0x000000000800de8a        0x4 build_Zomwar-application/eeprom.o
                0x000000000800de8a                eeprom_read
 .text.eeprom_erase
                0x000000000800de8e        0x4 build_Zomwar-application/eeprom.o
                0x000000000800de8e                eeprom_erase
 .text._ZL19link_hal_write_byteh
                0x000000000800de92        0x2 build_Zomwar-application/link_hal.o
 .text._ZL17link_hal_rev_byteh
                0x000000000800de94        0x4 build_Zomwar-application/link_hal.o
 .text._Z23link_hal_reg_write_bytePFhhE
                0x000000000800de98       0x28 build_Zomwar-application/link_hal.o
                0x000000000800de98                link_hal_reg_write_byte(unsigned char (*)(unsigned char))
 .text._Z21link_hal_reg_rev_bytePFhhE
                0x000000000800dec0       0x28 build_Zomwar-application/link_hal.o
                0x000000000800dec0                link_hal_reg_rev_byte(unsigned char (*)(unsigned char))
 .text._ZL21fsm_link_state_handleP8ak_msg_t
                0x000000000800dee8      0x2b0 build_Zomwar-application/link.o
 .text._ZL19fsm_link_state_initP8ak_msg_t
                0x000000000800e198       0x80 build_Zomwar-application/link.o
 .text._Z9task_linkP8ak_msg_t
                0x000000000800e218        0xc build_Zomwar-application/link.o
                0x000000000800e218                task_link(ak_msg_t*)
 .text._Z23link_init_state_machinev
                0x000000000800e224       0x2c build_Zomwar-application/link.o
                0x000000000800e224                link_init_state_machine()
 .text._ZL23link_mac_frame_send_reqv
                0x000000000800e250       0x3c build_Zomwar-application/link_mac.o
 .text._ZL23link_mac_frame_send_endv
                0x000000000800e28c       0x34 build_Zomwar-application/link_mac.o
 .text._ZL28link_mac_frame_cals_checksumP16link_mac_frame_t.constprop.0
                0x000000000800e2c0       0x38 build_Zomwar-application/link_mac.o
 .text._Z25fsm_link_mac_state_handleP8ak_msg_t
                0x000000000800e2f8      0x2b8 build_Zomwar-application/link_mac.o
                0x000000000800e2f8                fsm_link_mac_state_handle(ak_msg_t*)
 .text._Z13task_link_macP8ak_msg_t
                0x000000000800e5b0        0xc build_Zomwar-application/link_mac.o
                0x000000000800e5b0                task_link_mac(ak_msg_t*)
 .text._Z23fsm_link_mac_state_initP8ak_msg_t
                0x000000000800e5bc       0x88 build_Zomwar-application/link_mac.o
                0x000000000800e5bc                fsm_link_mac_state_init(ak_msg_t*)
 .text._ZL26link_phy_frame_write_blockPhm
                0x000000000800e644       0x1c build_Zomwar-application/link_phy.o
 .text._ZL20link_phy_frame_writeP16link_phy_frame_t
                0x000000000800e660       0x1c build_Zomwar-application/link_phy.o
 .text._ZL28link_phy_frame_cals_checksumP16link_phy_frame_t
                0x000000000800e67c       0x38 build_Zomwar-application/link_phy.o
 .text._ZL25link_phy_frame_write_byteh
                0x000000000800e6b4        0xc build_Zomwar-application/link_phy.o
 .text._ZL26ac_link_phy_frame_rev_byteh
                0x000000000800e6c0      0x100 build_Zomwar-application/link_phy.o
 .text._ZL19link_phy_frame_sendv
                0x000000000800e7c0       0x2c build_Zomwar-application/link_phy.o
 .text._Z25fsm_link_phy_state_handleP8ak_msg_t
                0x000000000800e7ec      0x1f0 build_Zomwar-application/link_phy.o
                0x000000000800e7ec                fsm_link_phy_state_handle(ak_msg_t*)
 .text._Z13task_link_phyP8ak_msg_t
                0x000000000800e9dc        0xc build_Zomwar-application/link_phy.o
                0x000000000800e9dc                task_link_phy(ak_msg_t*)
 .text._Z23fsm_link_phy_state_initP8ak_msg_t
                0x000000000800e9e8       0x90 build_Zomwar-application/link_phy.o
                0x000000000800e9e8                fsm_link_phy_state_init(ak_msg_t*)
 .text._Z26link_phy_get_send_frame_tov
                0x000000000800ea78       0x10 build_Zomwar-application/link_phy.o
                0x000000000800ea78                link_phy_get_send_frame_to()
 .text._Z13link_pdu_initv
                0x000000000800ea88       0x54 build_Zomwar-application/link_data.o
                0x000000000800ea88                link_pdu_init()
 .text._Z15link_pdu_mallocv
                0x000000000800eadc       0x24 build_Zomwar-application/link_data.o
                0x000000000800eadc                link_pdu_malloc()
 .text._Z12link_pdu_getm
                0x000000000800eb00       0x3c build_Zomwar-application/link_data.o
                0x000000000800eb00                link_pdu_get(unsigned long)
 .text._Z13link_pdu_freem
                0x000000000800eb3c       0x4c build_Zomwar-application/link_data.o
                0x000000000800eb3c                link_pdu_free(unsigned long)
 .text._Z17link_get_src_addrv
                0x000000000800eb88       0x18 build_Zomwar-application/link_data.o
                0x000000000800eb88                link_get_src_addr()
 .text._Z17link_get_des_addrv
                0x000000000800eba0       0x18 build_Zomwar-application/link_data.o
                0x000000000800eba0                link_get_des_addr()
 .text._Z7pinModehh
                0x000000000800ebb8       0x84 build_Zomwar-application/wiring_digital.o
                0x000000000800ebb8                pinMode(unsigned char, unsigned char)
 .text._Z12digitalWritehh
                0x000000000800ec3c       0x78 build_Zomwar-application/wiring_digital.o
                0x000000000800ec3c                digitalWrite(unsigned char, unsigned char)
 .text._ZN5Print5writeEPKhj
                0x000000000800ecb4       0x22 build_Zomwar-application/Print.o
                0x000000000800ecb4                Print::write(unsigned char const*, unsigned int)
 .text._ZN5Print5writeEPKc
                0x000000000800ecd6       0x20 build_Zomwar-application/Print.o
                0x000000000800ecd6                Print::write(char const*)
 .text._ZN5Print5printEPKc
                0x000000000800ecf6        0x8 build_Zomwar-application/Print.o
                0x000000000800ecf6                Print::print(char const*)
 .text._ZN5Print11printNumberEmh
                0x000000000800ecfe       0x3a build_Zomwar-application/Print.o
                0x000000000800ecfe                Print::printNumber(unsigned long, unsigned char)
 .text._ZN5Print5printEmi
                0x000000000800ed38       0x16 build_Zomwar-application/Print.o
                0x000000000800ed38                Print::print(unsigned long, int)
 .text._ZN5Print5printEhi
                0x000000000800ed4e        0x4 build_Zomwar-application/Print.o
                0x000000000800ed4e                Print::print(unsigned char, int)
 .text._ZN14HardwareSerial9availableEv
                0x000000000800ed52        0xa build_Zomwar-application/HardwareSerial.o
                0x000000000800ed52                HardwareSerial::available()
 .text._ZN14HardwareSerial4peekEv
                0x000000000800ed5c       0x14 build_Zomwar-application/HardwareSerial.o
                0x000000000800ed5c                HardwareSerial::peek()
 .text._ZN14HardwareSerial4readEv
                0x000000000800ed70       0x20 build_Zomwar-application/HardwareSerial.o
                0x000000000800ed70                HardwareSerial::read()
 .text._ZN14HardwareSerial5flushEv
                0x000000000800ed90        0x2 build_Zomwar-application/HardwareSerial.o
                0x000000000800ed90                HardwareSerial::flush()
 .text._ZN14HardwareSerial17availableForWriteEv
                0x000000000800ed92       0x26 build_Zomwar-application/HardwareSerial.o
                0x000000000800ed92                HardwareSerial::availableForWrite()
 .text._ZN14HardwareSerial5writeEh
                0x000000000800edb8       0x30 build_Zomwar-application/HardwareSerial.o
                0x000000000800edb8                HardwareSerial::write(unsigned char)
 .text._ZL20serial2_trigger_putcv
                0x000000000800ede8       0x10 build_Zomwar-application/HardwareSerial2.o
 .text.startup._GLOBAL__sub_I_Serial2
                0x000000000800edf8       0x34 build_Zomwar-application/HardwareSerial2.o
 .text._ZN8SPIClass9io_configEv
                0x000000000800ee2c       0x68 build_Zomwar-application/SPI.o
                0x000000000800ee2c                SPIClass::io_config()
 .text._ZN8SPIClass5beginEv
                0x000000000800ee94       0xd0 build_Zomwar-application/SPI.o
                0x000000000800ee94                SPIClass::begin()
 .text.startup._GLOBAL__sub_I__ZN8SPIClassC2Ev
                0x000000000800ef64       0x14 build_Zomwar-application/SPI.o
 .text._ZN7TwoWire9availableEv
                0x000000000800ef78       0x14 build_Zomwar-application/Wire.o
                0x000000000800ef78                TwoWire::available()
 .text._ZN7TwoWire4readEv
                0x000000000800ef8c       0x28 build_Zomwar-application/Wire.o
                0x000000000800ef8c                TwoWire::read()
 .text._ZN7TwoWire4peekEv
                0x000000000800efb4       0x24 build_Zomwar-application/Wire.o
                0x000000000800efb4                TwoWire::peek()
 .text._ZN7TwoWire5flushEv
                0x000000000800efd8        0x2 build_Zomwar-application/Wire.o
                0x000000000800efd8                TwoWire::flush()
 *fill*         0x000000000800efda        0x2 
 .text._ZN7TwoWire5writeEh
                0x000000000800efdc       0x54 build_Zomwar-application/Wire.o
                0x000000000800efdc                TwoWire::write(unsigned char)
 .text._ZN7TwoWire5writeEPKhj
                0x000000000800f030       0x34 build_Zomwar-application/Wire.o
                0x000000000800f030                TwoWire::write(unsigned char const*, unsigned int)
 .text.startup._GLOBAL__sub_I__ZN7TwoWire8rxBufferE
                0x000000000800f064       0x1c build_Zomwar-application/Wire.o
 .text._Z12twi_transmitPKhh
                0x000000000800f080       0x44 build_Zomwar-application/twi.o
                0x000000000800f080                twi_transmit(unsigned char const*, unsigned char)
 .text.__cxa_pure_virtual
                0x000000000800f0c4       0x1c build_Zomwar-application/mini_cpp.o
                0x000000000800f0c4                __cxa_pure_virtual
 .text._Znwj    0x000000000800f0e0        0x4 build_Zomwar-application/mini_cpp.o
                0x000000000800f0e0                operator new(unsigned int)
 .text._ZdlPv   0x000000000800f0e4        0x4 build_Zomwar-application/mini_cpp.o
                0x000000000800f0e4                operator delete(void*)
 .text._sbrk    0x000000000800f0e8       0x1c build_Zomwar-application/mini_cpp.o
                0x000000000800f0e8                _sbrk
 .text.malloc   0x000000000800f104       0x10 /home/ctp/Workspace/Tools/gcc-arm-none-eabi-10.3-2021.10-x86_64-linux/gcc-arm-none-eabi-10.3-2021.10/arm-none-eabi/lib/thumb/v7-m/nofp/libc.a(lib_a-malloc.o)
                0x000000000800f104                malloc
 .text.free     0x000000000800f114       0x10 /home/ctp/Workspace/Tools/gcc-arm-none-eabi-10.3-2021.10-x86_64-linux/gcc-arm-none-eabi-10.3-2021.10/arm-none-eabi/lib/thumb/v7-m/nofp/libc.a(lib_a-malloc.o)
                0x000000000800f114                free
 .text._malloc_r
                0x000000000800f124      0x558 /home/ctp/Workspace/Tools/gcc-arm-none-eabi-10.3-2021.10-x86_64-linux/gcc-arm-none-eabi-10.3-2021.10/arm-none-eabi/lib/thumb/v7-m/nofp/libc.a(lib_a-mallocr.o)
                0x000000000800f124                _malloc_r
 .text.memcmp   0x000000000800f67c       0x68 /home/ctp/Workspace/Tools/gcc-arm-none-eabi-10.3-2021.10-x86_64-linux/gcc-arm-none-eabi-10.3-2021.10/arm-none-eabi/lib/thumb/v7-m/nofp/libc.a(lib_a-memcmp.o)
                0x000000000800f67c                memcmp
 .text.memset   0x000000000800f6e4       0xa4 /home/ctp/Workspace/Tools/gcc-arm-none-eabi-10.3-2021.10-x86_64-linux/gcc-arm-none-eabi-10.3-2021.10/arm-none-eabi/lib/thumb/v7-m/nofp/libc.a(lib_a-memset.o)
                0x000000000800f6e4                memset
 .text.__malloc_lock
                0x000000000800f788        0xc /home/ctp/Workspace/Tools/gcc-arm-none-eabi-10.3-2021.10-x86_64-linux/gcc-arm-none-eabi-10.3-2021.10/arm-none-eabi/lib/thumb/v7-m/nofp/libc.a(lib_a-mlock.o)
                0x000000000800f788                __malloc_lock
 .text.__malloc_unlock
                0x000000000800f794        0xc /home/ctp/Workspace/Tools/gcc-arm-none-eabi-10.3-2021.10-x86_64-linux/gcc-arm-none-eabi-10.3-2021.10/arm-none-eabi/lib/thumb/v7-m/nofp/libc.a(lib_a-mlock.o)
                0x000000000800f794                __malloc_unlock
 .text.rand     0x000000000800f7a0       0x38 /home/ctp/Workspace/Tools/gcc-arm-none-eabi-10.3-2021.10-x86_64-linux/gcc-arm-none-eabi-10.3-2021.10/arm-none-eabi/lib/thumb/v7-m/nofp/libc.a(lib_a-rand.o)
                0x000000000800f7a0                rand